Component: ARM Compiler 5.06 update 7 (build 960) Tool: armlink [4d3601]

==============================================================================

Section Cross References

    startup_stm32l151xba.o(STACK) refers (Special) to heapauxi.o(.text) for __use_two_region_memory
    startup_stm32l151xba.o(HEAP) refers (Special) to heapauxi.o(.text) for __use_two_region_memory
    startup_stm32l151xba.o(RESET) refers (Special) to heapauxi.o(.text) for __use_two_region_memory
    startup_stm32l151xba.o(RESET) refers to startup_stm32l151xba.o(STACK) for __initial_sp
    startup_stm32l151xba.o(RESET) refers to startup_stm32l151xba.o(.text) for Reset_Handler
    startup_stm32l151xba.o(RESET) refers to stm32l1xx_it.o(i.NMI_Handler) for NMI_Handler
    startup_stm32l151xba.o(RESET) refers to stm32l1xx_it.o(i.HardFault_Handler) for HardFault_Handler
    startup_stm32l151xba.o(RESET) refers to stm32l1xx_it.o(i.MemManage_Handler) for MemManage_Handler
    startup_stm32l151xba.o(RESET) refers to stm32l1xx_it.o(i.BusFault_Handler) for BusFault_Handler
    startup_stm32l151xba.o(RESET) refers to stm32l1xx_it.o(i.UsageFault_Handler) for UsageFault_Handler
    startup_stm32l151xba.o(RESET) refers to stm32l1xx_it.o(i.SVC_Handler) for SVC_Handler
    startup_stm32l151xba.o(RESET) refers to stm32l1xx_it.o(i.DebugMon_Handler) for DebugMon_Handler
    startup_stm32l151xba.o(RESET) refers to stm32l1xx_it.o(i.PendSV_Handler) for PendSV_Handler
    startup_stm32l151xba.o(RESET) refers to stm32l1xx_it.o(i.SysTick_Handler) for SysTick_Handler
    startup_stm32l151xba.o(RESET) refers to stm32l1xx_it.o(i.EXTI3_IRQHandler) for EXTI3_IRQHandler
    startup_stm32l151xba.o(RESET) refers to stm32l1xx_it.o(i.EXTI4_IRQHandler) for EXTI4_IRQHandler
    startup_stm32l151xba.o(RESET) refers to stm32l1xx_it.o(i.DMA1_Channel6_IRQHandler) for DMA1_Channel6_IRQHandler
    startup_stm32l151xba.o(RESET) refers to stm32l1xx_it.o(i.USB_LP_IRQHandler) for USB_LP_IRQHandler
    startup_stm32l151xba.o(RESET) refers to stm32l1xx_it.o(i.EXTI9_5_IRQHandler) for EXTI9_5_IRQHandler
    startup_stm32l151xba.o(RESET) refers to stm32l1xx_it.o(i.EXTI15_10_IRQHandler) for EXTI15_10_IRQHandler
    startup_stm32l151xba.o(RESET) refers to stm32l1xx_it.o(i.USB_FS_WKUP_IRQHandler) for USB_FS_WKUP_IRQHandler
    startup_stm32l151xba.o(RESET) refers to stm32l1xx_it.o(i.TIM6_IRQHandler) for TIM6_IRQHandler
    startup_stm32l151xba.o(RESET) refers to stm32l1xx_it.o(i.TIM7_IRQHandler) for TIM7_IRQHandler
    startup_stm32l151xba.o(.text) refers (Special) to heapauxi.o(.text) for __use_two_region_memory
    startup_stm32l151xba.o(.text) refers to system_stm32l1xx.o(i.SystemInit) for SystemInit
    startup_stm32l151xba.o(.text) refers to __main.o(!!!main) for __main
    startup_stm32l151xba.o(.text) refers to startup_stm32l151xba.o(HEAP) for Heap_Mem
    startup_stm32l151xba.o(.text) refers to startup_stm32l151xba.o(STACK) for Stack_Mem
    ssd1306.o(i.ssd1306_DegToRad) refers to f2d.o(x$fpl$f2d) for __aeabi_f2d
    ssd1306.o(i.ssd1306_DegToRad) refers to dmul.o(x$fpl$dmul) for __aeabi_dmul
    ssd1306.o(i.ssd1306_DegToRad) refers to ddiv.o(x$fpl$ddiv) for __aeabi_ddiv
    ssd1306.o(i.ssd1306_DegToRad) refers to d2f.o(x$fpl$d2f) for __aeabi_d2f
    ssd1306.o(i.ssd1306_DrawArc) refers to ssd1306.o(i.ssd1306_NormalizeTo0_360) for ssd1306_NormalizeTo0_360
    ssd1306.o(i.ssd1306_DrawArc) refers to fflt_clz.o(x$fpl$ffltu) for __aeabi_ui2f
    ssd1306.o(i.ssd1306_DrawArc) refers to fdiv.o(x$fpl$fdiv) for __aeabi_fdiv
    ssd1306.o(i.ssd1306_DrawArc) refers to fmul.o(x$fpl$fmul) for __aeabi_fmul
    ssd1306.o(i.ssd1306_DrawArc) refers to ssd1306.o(i.ssd1306_DegToRad) for ssd1306_DegToRad
    ssd1306.o(i.ssd1306_DrawArc) refers to dflt_clz.o(x$fpl$dfltu) for __aeabi_ui2d
    ssd1306.o(i.ssd1306_DrawArc) refers to f2d.o(x$fpl$f2d) for __aeabi_f2d
    ssd1306.o(i.ssd1306_DrawArc) refers to sin.o(i.sin) for sin
    ssd1306.o(i.ssd1306_DrawArc) refers to dmul.o(x$fpl$dmul) for __aeabi_dmul
    ssd1306.o(i.ssd1306_DrawArc) refers to dfix.o(x$fpl$dfix) for __aeabi_d2iz
    ssd1306.o(i.ssd1306_DrawArc) refers to cos.o(i.cos) for cos
    ssd1306.o(i.ssd1306_DrawArc) refers to ssd1306.o(i.ssd1306_Line) for ssd1306_Line
    ssd1306.o(i.ssd1306_DrawBitmap) refers to ssd1306.o(i.ssd1306_DrawPixel) for ssd1306_DrawPixel
    ssd1306.o(i.ssd1306_DrawCircle) refers to ssd1306.o(i.ssd1306_DrawPixel) for ssd1306_DrawPixel
    ssd1306.o(i.ssd1306_DrawPixel) refers to ssd1306.o(.bss) for .bss
    ssd1306.o(i.ssd1306_DrawRectangle) refers to ssd1306.o(i.ssd1306_Line) for ssd1306_Line
    ssd1306.o(i.ssd1306_Fill) refers to ssd1306.o(.bss) for .bss
    ssd1306.o(i.ssd1306_FillBuffer) refers to rt_memcpy_v6.o(.text) for __aeabi_memcpy
    ssd1306.o(i.ssd1306_FillBuffer) refers to ssd1306.o(.bss) for .bss
    ssd1306.o(i.ssd1306_GetDisplayOn) refers to ssd1306.o(.data) for .data
    ssd1306.o(i.ssd1306_GetNeedInitFlag) refers to ssd1306.o(.data) for .data
[...]
    ..\Drivers\STM32L1xx_HAL_Driver\Src\stm32l1xx_hal_adc_ex.c 0x00000000   Number         0  stm32l1xx_hal_adc_ex.o ABSOLUTE
    ..\Drivers\STM32L1xx_HAL_Driver\Src\stm32l1xx_hal_cortex.c 0x00000000   Number         0  stm32l1xx_hal_cortex.o ABSOLUTE
    ..\Drivers\STM32L1xx_HAL_Driver\Src\stm32l1xx_hal_dma.c 0x00000000   Number         0  stm32l1xx_hal_dma.o ABSOLUTE
    ..\Drivers\STM32L1xx_HAL_Driver\Src\stm32l1xx_hal_exti.c 0x00000000   Number         0  stm32l1xx_hal_exti.o ABSOLUTE
    ..\Drivers\STM32L1xx_HAL_Driver\Src\stm32l1xx_hal_flash.c 0x00000000   Number         0  stm32l1xx_hal_flash.o ABSOLUTE
    ..\Drivers\STM32L1xx_HAL_Driver\Src\stm32l1xx_hal_flash_ex.c 0x00000000   Number         0  stm32l1xx_hal_flash_ex.o ABSOLUTE
    ..\Drivers\STM32L1xx_HAL_Driver\Src\stm32l1xx_hal_flash_ramfunc.c 0x00000000   Number         0  stm32l1xx_hal_flash_ramfunc.o ABSOLUTE
    ..\Drivers\STM32L1xx_HAL_Driver\Src\stm32l1xx_hal_gpio.c 0x00000000   Number         0  stm32l1xx_hal_gpio.o ABSOLUTE
    ..\Drivers\STM32L1xx_HAL_Driver\Src\stm32l1xx_hal_i2c.c 0x00000000   Number         0  stm32l1xx_hal_i2c.o ABSOLUTE
    ..\Drivers\STM32L1xx_HAL_Driver\Src\stm32l1xx_hal_pcd.c 0x00000000   Number         0  stm32l1xx_hal_pcd.o ABSOLUTE
    ..\Drivers\STM32L1xx_HAL_Driver\Src\stm32l1xx_hal_pcd_ex.c 0x00000000   Number         0  stm32l1xx_hal_pcd_ex.o ABSOLUTE
    ..\Drivers\STM32L1xx_HAL_Driver\Src\stm32l1xx_hal_pwr.c 0x00000000   Number         0  stm32l1xx_hal_pwr.o ABSOLUTE
    ..\Drivers\STM32L1xx_HAL_Driver\Src\stm32l1xx_hal_pwr_ex.c 0x00000000   Number         0  stm32l1xx_hal_pwr_ex.o ABSOLUTE
    ..\Drivers\STM32L1xx_HAL_Driver\Src\stm32l1xx_hal_rcc.c 0x00000000   Number         0  stm32l1xx_hal_rcc.o ABSOLUTE
    ..\Drivers\STM32L1xx_HAL_Driver\Src\stm32l1xx_hal_rcc_ex.c 0x00000000   Number         0  stm32l1xx_hal_rcc_ex.o ABSOLUTE
    ..\Drivers\STM32L1xx_HAL_Driver\Src\stm32l1xx_hal_tim.c 0x00000000   Number         0  stm32l1xx_hal_tim.o ABSOLUTE
    ..\Drivers\STM32L1xx_HAL_Driver\Src\stm32l1xx_hal_tim_ex.c 0x00000000   Number         0  stm32l1xx_hal_tim_ex.o ABSOLUTE
    ..\Drivers\STM32L1xx_HAL_Driver\Src\stm32l1xx_ll_usb.c 0x00000000   Number         0  stm32l1xx_ll_usb.o ABSOLUTE
    ..\Middlewares\ST\STM32_USB_Device_Library\Class\CDC\Src\usbd_cdc.c 0x00000000   Number         0  usbd_cdc.o ABSOLUTE
    ..\Middlewares\ST\STM32_USB_Device_Library\Core\Src\usbd_core.c 0x00000000   Number         0  usbd_core.o ABSOLUTE
    ..\Middlewares\ST\STM32_USB_Device_Library\Core\Src\usbd_ctlreq.c 0x00000000   Number         0  usbd_ctlreq.o ABSOLUTE
    ..\Middlewares\ST\STM32_USB_Device_Library\Core\Src\usbd_ioreq.c 0x00000000   Number         0  usbd_ioreq.o ABSOLUTE
    ..\USB_DEVICE\App\usb_device.c           0x00000000   Number         0  usb_device.o ABSOLUTE
    ..\USB_DEVICE\App\usbd_cdc_if.c          0x00000000   Number         0  usbd_cdc_if.o ABSOLUTE
    ..\USB_DEVICE\App\usbd_desc.c            0x00000000   Number         0  usbd_desc.o ABSOLUTE
    ..\USB_DEVICE\Target\usbd_conf.c         0x00000000   Number         0  usbd_conf.o ABSOLUTE
    ..\\Core\\Src\\crypto.c                  0x00000000   Number         0  crypto.o ABSOLUTE
    ..\\Core\\Src\\ssd1306.c                 0x00000000   Number         0  ssd1306.o ABSOLUTE
    ..\\Core\\Src\\ssd1306_tests.c           0x00000000   Number         0  ssd1306_tests.o ABSOLUTE
    ..\\Core\\Src\\system.c                  0x00000000   Number         0  system.o ABSOLUTE
    ..\\Core\\Src\\user_interface.c          0x00000000   Number         0  user_interface.o ABSOLUTE
    dc.s                                     0x00000000   Number         0  dc.o ABSOLUTE
    startup_stm32l151xba.s                   0x00000000   Number         0  startup_stm32l151xba.o ABSOLUTE
    RESET                                    0x08000000   Section      244  startup_stm32l151xba.o(RESET)
    !!!main                                  0x080000f4   Section        8  __main.o(!!!main)
    !!!scatter                               0x080000fc   Section       52  __scatter.o(!!!scatter)
    !!handler_copy                           0x08000130   Section       26  __scatter_copy.o(!!handler_copy)
    !!handler_zi                             0x0800014c   Section       28  __scatter_zi.o(!!handler_zi)
    .ARM.Collect$$libinit$$00000000          0x08000168   Section        2  libinit.o(.ARM.Collect$$libinit$$00000000)
    .ARM.Collect$$libinit$$00000002          0x0800016a   Section        0  libinit2.o(.ARM.Collect$$libinit$$00000002)
    .ARM.Collect$$libinit$$00000004          0x0800016a   Section        0  libinit2.o(.ARM.Collect$$libinit$$00000004)
    .ARM.Collect$$libinit$$0000000A          0x0800016a   Section        0  libinit2.o(.ARM.Collect$$libinit$$0000000A)
    .ARM.Collect$$libinit$$0000000C          0x0800016a   Section        0  libinit2.o(.ARM.Collect$$libinit$$0000000C)
    .ARM.Collect$$libinit$$0000000E          0x0800016a   Section        0  libinit2.o(.ARM.Collect$$libinit$$0000000E)
    .ARM.Collect$$libinit$$00000011          0x0800016a   Section        0  libinit2.o(.ARM.Collect$$libinit$$00000011)
    .ARM.Collect$$libinit$$00000013          0x0800016a   Section        0  libinit2.o(.ARM.Collect$$libinit$$00000013)
    .ARM.Collect$$libinit$$00000015          0x0800016a   Section        0  libinit2.o(.ARM.Collect$$libinit$$00000015)
    .ARM.Collect$$libinit$$00000017          0x0800016a   Section        0  libinit2.o(.ARM.Collect$$libinit$$00000017)
    .ARM.Collect$$libinit$$00000019          0x0800016a   Section        0  libinit2.o(.ARM.Collect$$libinit$$00000019)
    .ARM.Collect$$libinit$$0000001B          0x0800016a   Section        0  libinit2.o(.ARM.Collect$$libinit$$0000001B)
    .ARM.Collect$$libinit$$0000001D          0x0800016a   Section        0  libinit2.o(.ARM.Collect$$libinit$$0000001D)
    .ARM.Collect$$libinit$$0000001F          0x0800016a   Section        0  libinit2.o(.ARM.Collect$$libinit$$0000001F)
    .ARM.Collect$$libinit$$00000021          0x0800016a   Section        0  libinit2.o(.ARM.Collect$$libinit$$00000021)
    .ARM.Collect$$libinit$$00000023          0x0800016a   Section        0  libinit2.o(.ARM.Collect$$libinit$$00000023)
    .ARM.Collect$$libinit$$00000025          0x0800016a   Section        0  libinit2.o(.ARM.Collect$$libinit$$00000025)
    .ARM.Collect$$libinit$$0000002C          0x0800016a   Section        0  libinit2.o(.ARM.Collect$$libinit$$0000002C)
    .ARM.Collect$$libinit$$0000002E          0x0800016a   Section        0  libinit2.o(.ARM.Collect$$libinit$$0000002E)
    .ARM.Collect$$libinit$$00000030          0x0800016a   Section        0  libinit2.o(.ARM.Collect$$libinit$$00000030)
    .ARM.Collect$$libinit$$00000032          0x0800016a   Section        0  libinit2.o(.ARM.Collect$$libinit$$00000032)
    .ARM.Collect$$libinit$$00000033          0x0800016a   Section        2  libinit2.o(.ARM.Collect$$libinit$$00000033)
    .ARM.Collect$$libshutdown$$00000000      0x0800016c   Section        2  libshutdown.o(.ARM.Collect$$libshutdown$$00000000)
    .ARM.Collect$$libshutdown$$00000002      0x0800016e   Section        0  libshutdown2.o(.ARM.Collect$$libshutdown$$00000002)
    .ARM.Collect$$libshutdown$$00000004      0x0800016e   Section        0  libshutdown2.o(.ARM.Collect$$libshutdown$$00000004)
    .ARM.Collect$$libshutdown$$00000006      0x0800016e   Section        0  libshutdown2.o(.ARM.Collect$$libshutdown$$00000006)
    .ARM.Collect$$libshutdown$$00000009      0x0800016e   Section        0  libshutdown2.o(.ARM.Collect$$libshutdown$$00000009)
    .ARM.Collect$$libshutdown$$0000000C      0x0800016e   Section        0  libshutdown2.o(.ARM.Collect$$libshutdown$$0000000C)
    .ARM.Collect$$libshutdown$$0000000E      0x0800016e   Section        0  libshutdown2.o(.ARM.Collect$$libshutdown$$0000000E)
    .ARM.Collect$$libshutdown$$00000011      0x0800016e   Section        0  libshutdown2.o(.ARM.Collect$$libshutdown$$00000011)
    .ARM.Collect$$libshutdown$$00000012      0x0800016e   Section        2  libshutdown2.o(.ARM.Collect$$libshutdown$$00000012)
    .ARM.Collect$$rtentry$$00000000          0x08000170   Section        0  __rtentry.o(.ARM.Collect$$rtentry$$00000000)
    .ARM.Collect$$rtentry$$00000002          0x08000170   Section        0  __rtentry2.o(.ARM.Collect$$rtentry$$00000002)
    .ARM.Collect$$rtentry$$00000004          0x08000170   Section        6  __rtentry4.o(.ARM.Collect$$rtentry$$00000004)
    .ARM.Collect$$rtentry$$00000009          0x08000176   Section        0  __rtentry2.o(.ARM.Collect$$rtentry$$00000009)
    .ARM.Collect$$rtentry$$0000000A          0x08000176   Section        4  __rtentry2.o(.ARM.Collect$$rtentry$$0000000A)
    .ARM.Collect$$rtentry$$0000000C          0x0800017a   Section        0  __rtentry2.o(.ARM.Collect$$rtentry$$0000000C)
    .ARM.Collect$$rtentry$$0000000D          0x0800017a   Section        8  __rtentry2.o(.ARM.Collect$$rtentry$$0000000D)
    .ARM.Collect$$rtexit$$00000000           0x08000182   Section        2  rtexit.o(.ARM.Collect$$rtexit$$00000000)
    .ARM.Collect$$rtexit$$00000002           0x08000184   Section        0  rtexit2.o(.ARM.Collect$$rtexit$$00000002)
    .ARM.Collect$$rtexit$$00000003           0x08000184   Section        4  rtexit2.o(.ARM.Collect$$rtexit$$00000003)
    .ARM.Collect$$rtexit$$00000004           0x08000188   Section        6  rtexit2.o(.ARM.Collect$$rtexit$$00000004)
    .text                                    0x08000190   Section       64  startup_stm32l151xba.o(.text)
    .text                                    0x080001d0   Section      238  lludivv7m.o(.text)
    .text                                    0x080002be   Section       78  rt_memclr_w.o(.text)
    .text                                    0x0800030c   Section        0  heapauxi.o(.text)
    .text                                    0x08000314   Section        8  libspace.o(.text)
    .text                                    0x0800031c   Section       74  sys_stackheap_outer.o(.text)
    .text                                    0x08000366   Section        0  exit.o(.text)
    .text                                    0x08000378   Section        0  sys_exit.o(.text)
    .text                                    0x08000384   Section        2  use_no_semi.o(.text)
    .text                                    0x08000386   Section        0  indicate_semi.o(.text)
    i.BusFault_Handler                       0x08000386   Section        0  stm32l1xx_it.o(i.BusFault_Handler)
    i.DMA1_Channel6_IRQHandler               0x08000388   Section        0  stm32l1xx_it.o(i.DMA1_Channel6_IRQHandler)
    i.DebugMon_Handler                       0x08000394   Section        0  stm32l1xx_it.o(i.DebugMon_Handler)
    i.EXTI15_10_IRQHandler                   0x08000398   Section        0  stm32l1xx_it.o(i.EXTI15_10_IRQHandler)
    i.EXTI3_IRQHandler                       0x080003b0   Section        0  stm32l1xx_it.o(i.EXTI3_IRQHandler)
    i.EXTI4_IRQHandler                       0x080003c8   Section        0  stm32l1xx_it.o(i.EXTI4_IRQHandler)
    i.EXTI9_5_IRQHandler                     0x080003e0   Section        0  stm32l1xx_it.o(i.EXTI9_5_IRQHandler)
    i.Error_Handler                          0x08000414   Section        0  main.o(i.Error_Handler)
    i.HAL_DMA_IRQHandler                     0x08000418   Section        0  stm32l1xx_hal_dma.o(i.HAL_DMA_IRQHandler)
    i.HAL_DMA_Init                           0x080004d4   Section        0  stm32l1xx_hal_dma.o(i.HAL_DMA_Init)
    i.HAL_Delay                              0x08000530   Section        0  stm32l1xx_hal.o(i.HAL_Delay)
    i.HAL_GPIO_EXTI_Callback                 0x08000554   Section        0  stm32l1xx_it.o(i.HAL_GPIO_EXTI_Callback)
    i.HAL_GPIO_EXTI_IRQHandler               0x08000558   Section        0  stm32l1xx_hal_gpio.o(i.HAL_GPIO_EXTI_IRQHandler)
    i.HAL_GPIO_Init                          0x08000570   Section        0  stm32l1xx_hal_gpio.o(i.HAL_GPIO_Init)
    i.HAL_GPIO_ReadPin                       0x080007a4   Section        0  stm32l1xx_hal_gpio.o(i.HAL_GPIO_ReadPin)
    i.HAL_GPIO_WritePin                      0x080007ae   Section        0  stm32l1xx_hal_gpio.o(i.HAL_GPIO_WritePin)
    i.HAL_GetTick                            0x080007b8   Section        0  stm32l1xx_hal.o(i.HAL_GetTick)
    i.HAL_I2C_Init                           0x080007c4   Section        0  stm32l1xx_hal_i2c.o(i.HAL_I2C_Init)
    i.HAL_I2C_Mem_Write                      0x0800094c   Section        0  stm32l1xx_hal_i2c.o(i.HAL_I2C_Mem_Write)
    i.HAL_I2C_MspInit                        0x08000a7c   Section        0  i2c.o(i.HAL_I2C_MspInit)
    i.HAL_IncTick                            0x08000b18   Section        0  stm32l1xx_hal.o(i.HAL_IncTick)
    i.HAL_Init                               0x08000b28   Section        0  stm32l1xx_hal.o(i.HAL_Init)
    i.HAL_InitTick                           0x08000b48   Section        0  stm32l1xx_hal.o(i.HAL_InitTick)
    i.HAL_MspInit                            0x08000b8c   Section        0  stm32l1xx_hal_msp.o(i.HAL_MspInit)
    i.HAL_NVIC_EnableIRQ                     0x08000bc8   Section        0  stm32l1xx_hal_cortex.o(i.HAL_NVIC_EnableIRQ)
    i.HAL_NVIC_SetPriority                   0x08000be4   Section        0  stm32l1xx_hal_cortex.o(i.HAL_NVIC_SetPriority)
    i.HAL_NVIC_SetPriorityGrouping           0x08000c24   Section        0  stm32l1xx_hal_cortex.o(i.HAL_NVIC_SetPriorityGrouping)
    i.HAL_PCD_DataInStageCallback            0x08000c48   Section        0  usbd_conf.o(i.HAL_PCD_DataInStageCallback)
    i.HAL_PCD_DataOutStageCallback           0x08000c5a   Section        0  usbd_conf.o(i.HAL_PCD_DataOutStageCallback)
    i.HAL_PCD_EP_ClrStall                    0x08000c6e   Section        0  stm32l1xx_hal_pcd.o(i.HAL_PCD_EP_ClrStall)
    i.HAL_PCD_EP_DB_Receive                  0x08000cca   Section        0  stm32l1xx_hal_pcd.o(i.HAL_PCD_EP_DB_Receive)
    HAL_PCD_EP_DB_Receive                    0x08000ccb   Thumb Code   230  stm32l1xx_hal_pcd.o(i.HAL_PCD_EP_DB_Receive)
    i.HAL_PCD_EP_DB_Transmit                 0x08000db0   Section        0  stm32l1xx_hal_pcd.o(i.HAL_PCD_EP_DB_Transmit)
    HAL_PCD_EP_DB_Transmit                   0x08000db1   Thumb Code   816  stm32l1xx_hal_pcd.o(i.HAL_PCD_EP_DB_Transmit)
    i.HAL_PCD_EP_Open                        0x080010e0   Section        0  stm32l1xx_hal_pcd.o(i.HAL_PCD_EP_Open)
    i.HAL_PCD_EP_Receive                     0x08001140   Section        0  stm32l1xx_hal_pcd.o(i.HAL_PCD_EP_Receive)
    i.HAL_PCD_EP_SetStall                    0x08001172   Section        0  stm32l1xx_hal_pcd.o(i.HAL_PCD_EP_SetStall)
    i.HAL_PCD_EP_Transmit                    0x080011d2   Section        0  stm32l1xx_hal_pcd.o(i.HAL_PCD_EP_Transmit)
    i.HAL_PCD_IRQHandler                     0x08001206   Section        0  stm32l1xx_hal_pcd.o(i.HAL_PCD_IRQHandler)
    i.HAL_PCD_ResetCallback                  0x08001306   Section        0  usbd_conf.o(i.HAL_PCD_ResetCallback)
    i.HAL_PCD_ResumeCallback                 0x0800132c   Section        0  usbd_conf.o(i.HAL_PCD_ResumeCallback)
    i.HAL_PCD_SOFCallback                    0x08001334   Section        0  usbd_conf.o(i.HAL_PCD_SOFCallback)
    i.HAL_PCD_SetAddress                     0x0800133c   Section        0  stm32l1xx_hal_pcd.o(i.HAL_PCD_SetAddress)
    i.HAL_PCD_SetupStageCallback             0x08001364   Section        0  usbd_conf.o(i.HAL_PCD_SetupStageCallback)
    i.HAL_PCD_SuspendCallback                0x08001374   Section        0  usbd_conf.o(i.HAL_PCD_SuspendCallback)
    i.HAL_RCC_ClockConfig                    0x08001398   Section        0  stm32l1xx_hal_rcc.o(i.HAL_RCC_ClockConfig)
    i.HAL_RCC_GetPCLK1Freq                   0x0800153c   Section        0  stm32l1xx_hal_rcc.o(i.HAL_RCC_GetPCLK1Freq)
    i.HAL_RCC_GetSysClockFreq                0x0800155c   Section        0  stm32l1xx_hal_rcc.o(i.HAL_RCC_GetSysClockFreq)
    i.HAL_RCC_OscConfig                      0x080015b0   Section        0  stm32l1xx_hal_rcc.o(i.HAL_RCC_OscConfig)
    i.HAL_SYSTICK_Config                     0x080019d8   Section        0  stm32l1xx_hal_cortex.o(i.HAL_SYSTICK_Config)
    i.HAL_TIMEx_MasterConfigSynchronization  0x08001a00   Section        0  stm32l1xx_hal_tim_ex.o(i.HAL_TIMEx_MasterConfigSynchronization)
    i.HAL_TIM_Base_Init                      0x08001a68   Section        0  stm32l1xx_hal_tim.o(i.HAL_TIM_Base_Init)
    i.HAL_TIM_Base_MspInit                   0x08001ab4   Section        0  tim.o(i.HAL_TIM_Base_MspInit)
    i.HAL_TIM_Base_Start_IT                  0x08001b18   Section        0  stm32l1xx_hal_tim.o(i.HAL_TIM_Base_Start_IT)
    i.HAL_TIM_Base_Stop                      0x08001b70   Section        0  stm32l1xx_hal_tim.o(i.HAL_TIM_Base_Stop)
    i.HAL_TIM_IC_CaptureCallback             0x08001b8e   Section        0  stm32l1xx_hal_tim.o(i.HAL_TIM_IC_CaptureCallback)
    i.HAL_TIM_IRQHandler                     0x08001b90   Section        0  stm32l1xx_hal_tim.o(i.HAL_TIM_IRQHandler)
    i.HAL_TIM_OC_DelayElapsedCallback        0x08001cb6   Section        0  stm32l1xx_hal_tim.o(i.HAL_TIM_OC_DelayElapsedCallback)
    i.HAL_TIM_OnePulse_Init                  0x08001cb8   Section        0  stm32l1xx_hal_tim.o(i.HAL_TIM_OnePulse_Init)
    i.HAL_TIM_OnePulse_MspInit               0x08001d0a   Section        0  stm32l1xx_hal_tim.o(i.HAL_TIM_OnePulse_MspInit)
    i.HAL_TIM_PWM_PulseFinishedCallback      0x08001d0c   Section        0  stm32l1xx_hal_tim.o(i.HAL_TIM_PWM_PulseFinishedCallback)
    i.HAL_TIM_PeriodElapsedCallback          0x08001d0e   Section        0  stm32l1xx_hal_tim.o(i.HAL_TIM_PeriodElapsedCallback)
    i.HAL_TIM_TriggerCallback                0x08001d10   Section        0  stm32l1xx_hal_tim.o(i.HAL_TIM_TriggerCallback)
    i.HardFault_Handler                      0x08001d12   Section        0  stm32l1xx_it.o(i.HardFault_Handler)
    i.I2C_IsAcknowledgeFailed                0x08001d14   Section        0  stm32l1xx_hal_i2c.o(i.I2C_IsAcknowledgeFailed)
    I2C_IsAcknowledgeFailed                  0x08001d15   Thumb Code    46  stm32l1xx_hal_i2c.o(i.I2C_IsAcknowledgeFailed)
    i.I2C_RequestMemoryWrite                 0x08001d44   Section        0  stm32l1xx_hal_i2c.o(i.I2C_RequestMemoryWrite)
    I2C_RequestMemoryWrite                   0x08001d45   Thumb Code   162  stm32l1xx_hal_i2c.o(i.I2C_RequestMemoryWrite)
    i.I2C_WaitOnBTFFlagUntilTimeout          0x08001dec   Section        0  stm32l1xx_hal_i2c.o(i.I2C_WaitOnBTFFlagUntilTimeout)
    I2C_WaitOnBTFFlagUntilTimeout            0x08001ded   Thumb Code    76  stm32l1xx_hal_i2c.o(i.I2C_WaitOnBTFFlagUntilTimeout)
    i.I2C_WaitOnFlagUntilTimeout             0x08001e38   Section        0  stm32l1xx_hal_i2c.o(i.I2C_WaitOnFlagUntilTimeout)
    I2C_WaitOnFlagUntilTimeout               0x08001e39   Thumb Code   104  stm32l1xx_hal_i2c.o(i.I2C_WaitOnFlagUntilTimeout)
    i.I2C_WaitOnMasterAddressFlagUntilTimeout 0x08001ea0   Section        0  stm32l1xx_hal_i2c.o(i.I2C_WaitOnMasterAddressFlagUntilTimeout)
    I2C_WaitOnMasterAddressFlagUntilTimeout  0x08001ea1   Thumb Code   150  stm32l1xx_hal_i2c.o(i.I2C_WaitOnMasterAddressFlagUntilTimeout)
    i.I2C_WaitOnTXEFlagUntilTimeout          0x08001f36   Section        0  stm32l1xx_hal_i2c.o(i.I2C_WaitOnTXEFlagUntilTimeout)
    I2C_WaitOnTXEFlagUntilTimeout            0x08001f37   Thumb Code    76  stm32l1xx_hal_i2c.o(i.I2C_WaitOnTXEFlagUntilTimeout)
    i.MX_GPIO_Init                           0x08001f84   Section        0  gpio.o(i.MX_GPIO_Init)
    i.MX_I2C1_Init                           0x080020bc   Section        0  i2c.o(i.MX_I2C1_Init)
    i.MX_TIM6_Init                           0x080020fc   Section        0  tim.o(i.MX_TIM6_Init)
    i.MX_TIM7_Init                           0x08002150   Section        0  tim.o(i.MX_TIM7_Init)
    i.MemManage_Handler                      0x080021a4   Section        0  stm32l1xx_it.o(i.MemManage_Handler)
    i.NMI_Handler                            0x080021a6   Section        0  stm32l1xx_it.o(i.NMI_Handler)
    i.PAS_print_menu                         0x080021a8   Section        0  user_interface.o(i.PAS_print_menu)
    i.PCD_EP_ISR_Handler                     0x080021b4   Section        0  stm32l1xx_hal_pcd.o(i.PCD_EP_ISR_Handler)
    PCD_EP_ISR_Handler                       0x080021b5   Thumb Code   788  stm32l1xx_hal_pcd.o(i.PCD_EP_ISR_Handler)
    i.PendSV_Handler                         0x080024c8   Section        0  stm32l1xx_it.o(i.PendSV_Handler)
    i.RCC_SetFlashLatencyFromMSIRange        0x080024cc   Section        0  stm32l1xx_hal_rcc.o(i.RCC_SetFlashLatencyFromMSIRange)
    RCC_SetFlashLatencyFromMSIRange          0x080024cd   Thumb Code   116  stm32l1xx_hal_rcc.o(i.RCC_SetFlashLatencyFromMSIRange)
    i.SVC_Handler                            0x0800254c   Section        0  stm32l1xx_it.o(i.SVC_Handler)
    i.SysTick_Handler                        0x0800254e   Section        0  stm32l1xx_it.o(i.SysTick_Handler)
    i.SystemClock_Config                     0x08002554   Section        0  main.o(i.SystemClock_Config)
    i.SystemInit                             0x080025c8   Section        0  system_stm32l1xx.o(i.SystemInit)
    i.TIM6_IRQHandler                        0x080025cc   Section        0  stm32l1xx_it.o(i.TIM6_IRQHandler)
    i.TIM7_IRQHandler                        0x080026ac   Section        0  stm32l1xx_it.o(i.TIM7_IRQHandler)
    i.TIM_Base_SetConfig                     0x080026c8   Section        0  stm32l1xx_hal_tim.o(i.TIM_Base_SetConfig)
    TIM_Base_SetConfig                       0x080026c9   Thumb Code    94  stm32l1xx_hal_tim.o(i.TIM_Base_SetConfig)
    i.UI_print_menu                          0x0800273c   Section        0  user_interface.o(i.UI_print_menu)
    i.USBD_ClrClassConfig                    0x0800297c   Section        0  usbd_core.o(i.USBD_ClrClassConfig)
    i.USBD_CtlContinueRx                     0x0800298a   Section        0  usbd_ioreq.o(i.USBD_CtlContinueRx)
    i.USBD_CtlContinueSendData               0x0800299a   Section        0  usbd_ioreq.o(i.USBD_CtlContinueSendData)
    i.USBD_CtlError                          0x080029aa   Section        0  usbd_ctlreq.o(i.USBD_CtlError)
    i.USBD_CtlReceiveStatus                  0x080029c0   Section        0  usbd_ioreq.o(i.USBD_CtlReceiveStatus)
    i.USBD_CtlSendData                       0x080029d6   Section        0  usbd_ioreq.o(i.USBD_CtlSendData)
    i.USBD_CtlSendStatus                     0x080029f0   Section        0  usbd_ioreq.o(i.USBD_CtlSendStatus)
    i.USBD_GetDescriptor                     0x08002a06   Section        0  usbd_ctlreq.o(i.USBD_GetDescriptor)
    USBD_GetDescriptor                       0x08002a07   Thumb Code   232  usbd_ctlreq.o(i.USBD_GetDescriptor)
    i.USBD_Get_USB_Status                    0x08002aee   Section        0  usbd_conf.o(i.USBD_Get_USB_Status)
    USBD_Get_USB_Status                      0x08002aef   Thumb Code    24  usbd_conf.o(i.USBD_Get_USB_Status)
    i.USBD_LL_ClearStallEP                   0x08002b06   Section        0  usbd_conf.o(i.USBD_LL_ClearStallEP)
    i.USBD_LL_DataInStage                    0x08002b18   Section        0  usbd_core.o(i.USBD_LL_DataInStage)
    i.USBD_LL_DataOutStage                   0x08002bde   Section        0  usbd_core.o(i.USBD_LL_DataOutStage)
    i.USBD_LL_IsStallEP                      0x08002c60   Section        0  usbd_conf.o(i.USBD_LL_IsStallEP)
    i.USBD_LL_OpenEP                         0x08002c80   Section        0  usbd_conf.o(i.USBD_LL_OpenEP)
    i.USBD_LL_PrepareReceive                 0x08002c98   Section        0  usbd_conf.o(i.USBD_LL_PrepareReceive)
    i.USBD_LL_Reset                          0x08002caa   Section        0  usbd_core.o(i.USBD_LL_Reset)
    i.USBD_LL_Resume                         0x08002cfa   Section        0  usbd_core.o(i.USBD_LL_Resume)
    i.USBD_LL_SOF                            0x08002d06   Section        0  usbd_core.o(i.USBD_LL_SOF)
    i.USBD_LL_SetSpeed                       0x08002d1e   Section        0  usbd_core.o(i.USBD_LL_SetSpeed)
    i.USBD_LL_SetUSBAddress                  0x08002d24   Section        0  usbd_conf.o(i.USBD_LL_SetUSBAddress)
    i.USBD_LL_SetupStage                     0x08002d36   Section        0  usbd_core.o(i.USBD_LL_SetupStage)
    i.USBD_LL_StallEP                        0x08002d90   Section        0  usbd_conf.o(i.USBD_LL_StallEP)
    i.USBD_LL_Suspend                        0x08002da2   Section        0  usbd_core.o(i.USBD_LL_Suspend)
    i.USBD_LL_Transmit                       0x08002db4   Section        0  usbd_conf.o(i.USBD_LL_Transmit)
    i.USBD_ParseSetupRequest                 0x08002dc6   Section        0  usbd_ctlreq.o(i.USBD_ParseSetupRequest)
    i.USBD_SetClassConfig                    0x08002dee   Section        0  usbd_core.o(i.USBD_SetClassConfig)
    i.USBD_SetConfig                         0x08002e04   Section        0  usbd_ctlreq.o(i.USBD_SetConfig)
    USBD_SetConfig                           0x08002e05   Thumb Code   128  usbd_ctlreq.o(i.USBD_SetConfig)
    i.USBD_StdDevReq                         0x08002e88   Section        0  usbd_ctlreq.o(i.USBD_StdDevReq)
    i.USBD_StdEPReq                          0x08002f9a   Section        0  usbd_ctlreq.o(i.USBD_StdEPReq)
    i.USBD_StdItfReq                         0x080030ea   Section        0  usbd_ctlreq.o(i.USBD_StdItfReq)
    i.USB_ActivateEndpoint                   0x08003138   Section        0  stm32l1xx_ll_usb.o(i.USB_ActivateEndpoint)
    i.USB_EPClearStall                       0x08003390   Section        0  stm32l1xx_ll_usb.o(i.USB_EPClearStall)
    i.USB_EPSetStall                         0x08003408   Section        0  stm32l1xx_ll_usb.o(i.USB_EPSetStall)
    i.USB_EPStartXfer                        0x0800343c   Section        0  stm32l1xx_ll_usb.o(i.USB_EPStartXfer)
    i.USB_FS_WKUP_IRQHandler                 0x08003a48   Section        0  stm32l1xx_it.o(i.USB_FS_WKUP_IRQHandler)
    i.USB_LP_IRQHandler                      0x08003a74   Section        0  stm32l1xx_it.o(i.USB_LP_IRQHandler)
    i.USB_ReadInterrupts                     0x08003a80   Section        0  stm32l1xx_ll_usb.o(i.USB_ReadInterrupts)
    i.USB_ReadPMA                            0x08003a88   Section        0  stm32l1xx_ll_usb.o(i.USB_ReadPMA)
    i.USB_SetDevAddress                      0x08003ab4   Section        0  stm32l1xx_ll_usb.o(i.USB_SetDevAddress)
    i.USB_WritePMA                           0x08003ac0   Section        0  stm32l1xx_ll_usb.o(i.USB_WritePMA)
    i.UsageFault_Handler                     0x08003ae6   Section        0  stm32l1xx_it.o(i.UsageFault_Handler)
    i.__NVIC_SetPriority                     0x08003ae8   Section        0  stm32l1xx_hal_cortex.o(i.__NVIC_SetPriority)
    __NVIC_SetPriority                       0x08003ae9   Thumb Code    32  stm32l1xx_hal_cortex.o(i.__NVIC_SetPriority)
    i.main                                   0x08003b08   Section        0  main.o(i.main)
    i.power_SetNeedSleepFlag                 0x08003b5c   Section        0  system.o(i.power_SetNeedSleepFlag)
    i.ssd1306_DrawBitmap                     0x08003b68   Section        0  ssd1306.o(i.ssd1306_DrawBitmap)
    i.ssd1306_DrawPixel                      0x08003bd8   Section        0  ssd1306.o(i.ssd1306_DrawPixel)
    i.ssd1306_DrawRectangle                  0x08003c08   Section        0  ssd1306.o(i.ssd1306_DrawRectangle)
    i.ssd1306_Fill                           0x08003c4c   Section        0  ssd1306.o(i.ssd1306_Fill)
    i.ssd1306_GetDisplayOn                   0x08003c6c   Section        0  ssd1306.o(i.ssd1306_GetDisplayOn)
    i.ssd1306_Init                           0x08003c78   Section        0  ssd1306.o(i.ssd1306_Init)
    i.ssd1306_Line                           0x08003d34   Section        0  ssd1306.o(i.ssd1306_Line)
    i.ssd1306_SetContrast                    0x08003db2   Section        0  ssd1306.o(i.ssd1306_SetContrast)
    i.ssd1306_SetDisplayOn                   0x08003dc8   Section        0  ssd1306.o(i.ssd1306_SetDisplayOn)
    i.ssd1306_SetDisplayPower                0x08003de4   Section        0  ssd1306.o(i.ssd1306_SetDisplayPower)
    i.ssd1306_SetNeedInitFlag                0x08003e30   Section        0  ssd1306.o(i.ssd1306_SetNeedInitFlag)
    i.ssd1306_UpdateScreen                   0x08003e3c   Section        0  ssd1306.o(i.ssd1306_UpdateScreen)
    i.ssd1306_WriteCommand                   0x08003e74   Section        0  ssd1306.o(i.ssd1306_WriteCommand)
    i.ssd1306_WriteData                      0x08003e98   Section        0  ssd1306.o(i.ssd1306_WriteData)
    .constdata                               0x08003eb8   Section      360  user_interface.o(.constdata)
    .constdata                               0x08004020   Section       25  system_stm32l1xx.o(.constdata)
    .constdata                               0x08004039   Section        8  system_stm32l1xx.o(.constdata)
    .data                                    0x20000000   Section        8  ssd1306.o(.data)
    SSD1306                                  0x20000000   Data           8  ssd1306.o(.data)
    .data                                    0x20000008   Section       12  user_interface.o(.data)
    .data                                    0x20000014   Section        4  main.o(.data)
    .data                                    0x20000018   Section        4  main.o(.data)
    .data                                    0x2000001c   Section        4  main.o(.data)
    .data                                    0x20000020   Section        1  system.o(.data)
    .data                                    0x20000024   Section       12  stm32l1xx_hal.o(.data)
    .data                                    0x20000030   Section        4  system_stm32l1xx.o(.data)
    .data                                    0x20000034   Section        1  usbd_ctlreq.o(.data)
    cfgidx                                   0x20000034   Data           1  usbd_ctlreq.o(.data)
    .bss                                     0x20000038   Section      512  ssd1306.o(.bss)
    SSD1306_Buffer                           0x20000038   Data         512  ssd1306.o(.bss)
    .bss                                     0x20000238   Section      152  i2c.o(.bss)
    .bss                                     0x200002d0   Section      128  tim.o(.bss)
    .bss                                     0x20000350   Section     1292  usbd_conf.o(.bss)
    mem                                      0x20000350   Data         544  usbd_conf.o(.bss)
    .bss                                     0x2000085c   Section       96  libspace.o(.bss)
    HEAP                                     0x200008c0   Section      512  startup_stm32l151xba.o(HEAP)
    Heap_Mem                                 0x200008c0   Data         512  startup_stm32l151xba.o(HEAP)
    STACK                                    0x20000ac0   Section     1024  startup_stm32l151xba.o(STACK)
    Stack_Mem                                0x20000ac0   Data        1024  startup_stm32l151xba.o(STACK)
    __initial_sp                             0x20000ec0   Data           0  startup_stm32l151xba.o(STACK)

    Global Symbols

    Symbol Name                              Value     Ov Type        Size  Object(Section)

    BuildAttributes$$THM_ISAv4$P$D$K$B$S$PE$A:L22UL41UL21$X:L11$S22US41US21$IEEE1$IW$USESV6$~STKCKD$USESV7$~SHL$OTIME$ROPI$IEEEX$EBA8$UX$STANDARDLIB$REQ8$PRES8$EABIv2 0x00000000   Number         0  anon$$obj.o ABSOLUTE
    __ARM_use_no_argv                        0x00000000   Number         0  main.o ABSOLUTE
    __ARM_exceptions_init                     - Undefined Weak Reference
    __alloca_initialize                       - Undefined Weak Reference
    __arm_fini_                               - Undefined Weak Reference
    __arm_preinit_                            - Undefined Weak Reference
    __cpp_initialize__aeabi_                  - Undefined Weak Reference
    __cxa_finalize                            - Undefined Weak Reference
    __rt_locale                               - Undefined Weak Reference
    __sigvec_lookup                           - Undefined Weak Reference
    _atexit_init                              - Undefined Weak Reference
    _call_atexit_fns                          - Undefined Weak Reference
    _clock_init                               - Undefined Weak Reference
    _fp_trap_init                             - Undefined Weak Reference
    _fp_trap_shutdown                         - Undefined Weak Reference
    _get_lc_collate                           - Undefined Weak Reference
    _get_lc_ctype                             - Undefined Weak Reference
    _get_lc_monetary                          - Undefined Weak Reference
    _get_lc_numeric                           - Undefined Weak Reference
    _get_lc_time                              - Undefined Weak Reference
    _getenv_init                              - Undefined Weak Reference
    _handle_redirection                       - Undefined Weak Reference
    _init_alloc                               - Undefined Weak Reference
    _init_user_alloc                          - Undefined Weak Reference
    _initio                                   - Undefined Weak Reference
    _printf_post_padding                      - Undefined Weak Reference
    _printf_pre_padding                       - Undefined Weak Reference
    _printf_truncate_signed                   - Undefined Weak Reference
    _printf_truncate_unsigned                 - Undefined Weak Reference
    _rand_init                                - Undefined Weak Reference
    _signal_finish                            - Undefined Weak Reference
    _signal_init                              - Undefined Weak Reference
    _terminate_alloc                          - Undefined Weak Reference
    _terminate_user_alloc                     - Undefined Weak Reference
    _terminateio                              - Undefined Weak Reference
    __Vectors_Size                           0x000000f4   Number         0  startup_stm32l151xba.o ABSOLUTE
    __Vectors                                0x08000000   Data           4  startup_stm32l151xba.o(RESET)
    __Vectors_End                            0x080000f4   Data           0  startup_stm32l151xba.o(RESET)
    __main                                   0x080000f5   Thumb Code     8  __main.o(!!!main)
    __scatterload                            0x080000fd   Thumb Code     0  __scatter.o(!!!scatter)
    __scatterload_rt2                        0x080000fd   Thumb Code    44  __scatter.o(!!!scatter)
    __scatterload_rt2_thumb_only             0x080000fd   Thumb Code     0  __scatter.o(!!!scatter)
    __scatterload_null                       0x0800010b   Thumb Code     0  __scatter.o(!!!scatter)
    __scatterload_copy                       0x08000131   Thumb Code    26  __scatter_copy.o(!!handler_copy)
    __scatterload_zeroinit                   0x0800014d   Thumb Code    28  __scatter_zi.o(!!handler_zi)
    __rt_lib_init                            0x08000169   Thumb Code     0  libinit.o(.ARM.Collect$$libinit$$00000000)
    __rt_lib_init_alloca_1                   0x0800016b   Thumb Code     0  libinit2.o(.ARM.Collect$$libinit$$0000002E)
    __rt_lib_init_argv_1                     0x0800016b   Thumb Code     0  libinit2.o(.ARM.Collect$$libinit$$0000002C)
    __rt_lib_init_atexit_1                   0x0800016b   Thumb Code     0  libinit2.o(.ARM.Collect$$libinit$$0000001B)
    __rt_lib_init_clock_1                    0x0800016b   Thumb Code     0  libinit2.o(.ARM.Collect$$libinit$$00000021)
    __rt_lib_init_cpp_1                      0x0800016b   Thumb Code     0  libinit2.o(.ARM.Collect$$libinit$$00000032)
    __rt_lib_init_exceptions_1               0x0800016b   Thumb Code     0  libinit2.o(.ARM.Collect$$libinit$$00000030)
    __rt_lib_init_fp_1                       0x0800016b   Thumb Code     0  libinit2.o(.ARM.Collect$$libinit$$00000002)
    __rt_lib_init_fp_trap_1                  0x0800016b   Thumb Code     0  libinit2.o(.ARM.Collect$$libinit$$0000001F)
    __rt_lib_init_getenv_1                   0x0800016b   Thumb Code     0  libinit2.o(.ARM.Collect$$libinit$$00000023)
    __rt_lib_init_heap_1                     0x0800016b   Thumb Code     0  libinit2.o(.ARM.Collect$$libinit$$0000000A)
    __rt_lib_init_lc_collate_1               0x0800016b   Thumb Code     0  libinit2.o(.ARM.Collect$$libinit$$00000011)
    __rt_lib_init_lc_ctype_1                 0x0800016b   Thumb Code     0  libinit2.o(.ARM.Collect$$libinit$$00000013)
    __rt_lib_init_lc_monetary_1              0x0800016b   Thumb Code     0  libinit2.o(.ARM.Collect$$libinit$$00000015)
    __rt_lib_init_lc_numeric_1               0x0800016b   Thumb Code     0  libinit2.o(.ARM.Collect$$libinit$$00000017)
    __rt_lib_init_lc_time_1                  0x0800016b   Thumb Code     0  libinit2.o(.ARM.Collect$$libinit$$00000019)
    __rt_lib_init_preinit_1                  0x0800016b   Thumb Code     0  libinit2.o(.ARM.Collect$$libinit$$00000004)
    __rt_lib_init_rand_1                     0x0800016b   Thumb Code     0  libinit2.o(.ARM.Collect$$libinit$$0000000E)
    __rt_lib_init_return                     0x0800016b   Thumb Code     0  libinit2.o(.ARM.Collect$$libinit$$00000033)
    __rt_lib_init_signal_1                   0x0800016b   Thumb Code     0  libinit2.o(.ARM.Collect$$libinit$$0000001D)
    __rt_lib_init_stdio_1                    0x0800016b   Thumb Code     0  libinit2.o(.ARM.Collect$$libinit$$00000025)
    __rt_lib_init_user_alloc_1               0x0800016b   Thumb Code     0  libinit2.o(.ARM.Collect$$libinit$$0000000C)
    __rt_lib_shutdown                        0x0800016d   Thumb Code     0  libshutdown.o(.ARM.Collect$$libshutdown$$00000000)
    __rt_lib_shutdown_cpp_1                  0x0800016f   Thumb Code     0  libshutdown2.o(.ARM.Collect$$libshutdown$$00000004)
    __rt_lib_shutdown_fini_1                 0x0800016f   Thumb Code     0  libshutdown2.o(.ARM.Collect$$libshutdown$$00000002)
    __rt_lib_shutdown_fp_trap_1              0x0800016f   Thumb Code     0  libshutdown2.o(.ARM.Collect$$libshutdown$$00000009)
    __rt_lib_shutdown_heap_1                 0x0800016f   Thumb Code     0  libshutdown2.o(.ARM.Collect$$libshutdown$$00000011)
    __rt_lib_shutdown_return                 0x0800016f   Thumb Code     0  libshutdown2.o(.ARM.Collect$$libshutdown$$00000012)
    __rt_lib_shutdown_signal_1               0x0800016f   Thumb Code     0  libshutdown2.o(.ARM.Collect$$libshutdown$$0000000C)
    __rt_lib_shutdown_stdio_1                0x0800016f   Thumb Code     0  libshutdown2.o(.ARM.Collect$$libshutdown$$00000006)
    __rt_lib_shutdown_user_alloc_1           0x0800016f   Thumb Code     0  libshutdown2.o(.ARM.Collect$$libshutdown$$0000000E)
    __rt_entry                               0x08000171   Thumb Code     0  __rtentry.o(.ARM.Collect$$rtentry$$00000000)
    __rt_entry_presh_1                       0x08000171   Thumb Code     0  __rtentry2.o(.ARM.Collect$$rtentry$$00000002)
    __rt_entry_sh                            0x08000171   Thumb Code     0  __rtentry4.o(.ARM.Collect$$rtentry$$00000004)
    __rt_entry_li                            0x08000177   Thumb Code     0  __rtentry2.o(.ARM.Collect$$rtentry$$0000000A)
    __rt_entry_postsh_1                      0x08000177   Thumb Code     0  __rtentry2.o(.ARM.Collect$$rtentry$$00000009)
    __rt_entry_main                          0x0800017b   Thumb Code     0  __rtentry2.o(.ARM.Collect$$rtentry$$0000000D)
    __rt_entry_postli_1                      0x0800017b   Thumb Code     0  __rtentry2.o(.ARM.Collect$$rtentry$$0000000C)
    __rt_exit                                0x08000183   Thumb Code     0  rtexit.o(.ARM.Collect$$rtexit$$00000000)
    __rt_exit_ls                             0x08000185   Thumb Code     0  rtexit2.o(.ARM.Collect$$rtexit$$00000003)
    __rt_exit_prels_1                        0x08000185   Thumb Code     0  rtexit2.o(.ARM.Collect$$rtexit$$00000002)
    __rt_exit_exit                           0x08000189   Thumb Code     0  rtexit2.o(.ARM.Collect$$rtexit$$00000004)
    Reset_Handler                            0x08000191   Thumb Code     8  startup_stm32l151xba.o(.text)
    ADC1_IRQHandler                          0x080001ab   Thumb Code     0  startup_stm32l151xba.o(.text)
    COMP_IRQHandler                          0x080001ab   Thumb Code     0  startup_stm32l151xba.o(.text)
    DAC_IRQHandler                           0x080001ab   Thumb Code     0  startup_stm32l151xba.o(.text)
    DMA1_Channel1_IRQHandler                 0x080001ab   Thumb Code     0  startup_stm32l151xba.o(.text)
    DMA1_Channel2_IRQHandler                 0x080001ab   Thumb Code     0  startup_stm32l151xba.o(.text)
    DMA1_Channel3_IRQHandler                 0x080001ab   Thumb Code     0  startup_stm32l151xba.o(.text)
    DMA1_Channel4_IRQHandler                 0x080001ab   Thumb Code     0  startup_stm32l151xba.o(.text)
    DMA1_Channel5_IRQHandler                 0x080001ab   Thumb Code     0  startup_stm32l151xba.o(.text)
    DMA1_Channel7_IRQHandler                 0x080001ab   Thumb Code     0  startup_stm32l151xba.o(.text)
    EXTI0_IRQHandler                         0x080001ab   Thumb Code     0  startup_stm32l151xba.o(.text)
    EXTI1_IRQHandler                         0x080001ab   Thumb Code     0  startup_stm32l151xba.o(.text)
    EXTI2_IRQHandler                         0x080001ab   Thumb Code     0  startup_stm32l151xba.o(.text)
    FLASH_IRQHandler                         0x080001ab   Thumb Code     0  startup_stm32l151xba.o(.text)
    I2C1_ER_IRQHandler                       0x080001ab   Thumb Code     0  startup_stm32l151xba.o(.text)
    I2C1_EV_IRQHandler                       0x080001ab   Thumb Code     0  startup_stm32l151xba.o(.text)
    I2C2_ER_IRQHandler                       0x080001ab   Thumb Code     0  startup_stm32l151xba.o(.text)
    I2C2_EV_IRQHandler                       0x080001ab   Thumb Code     0  startup_stm32l151xba.o(.text)
    PVD_IRQHandler                           0x080001ab   Thumb Code     0  startup_stm32l151xba.o(.text)
    RCC_IRQHandler                           0x080001ab   Thumb Code     0  startup_stm32l151xba.o(.text)
    RTC_Alarm_IRQHandler                     0x080001ab   Thumb Code     0  startup_stm32l151xba.o(.text)
    RTC_WKUP_IRQHandler                      0x080001ab   Thumb Code     0  startup_stm32l151xba.o(.text)
    SPI1_IRQHandler                          0x080001ab   Thumb Code     0  startup_stm32l151xba.o(.text)
    SPI2_IRQHandler                          0x080001ab   Thumb Code     0  startup_stm32l151xba.o(.text)
    TAMPER_STAMP_IRQHandler                  0x080001ab   Thumb Code     0  startup_stm32l151xba.o(.text)
    TIM10_IRQHandler                         0x080001ab   Thumb Code     0  startup_stm32l151xba.o(.text)
    TIM11_IRQHandler                         0x080001ab   Thumb Code     0  startup_stm32l151xba.o(.text)
    TIM2_IRQHandler                          0x080001ab   Thumb Code     0  startup_stm32l151xba.o(.text)
    TIM3_IRQHandler                          0x080001ab   Thumb Code     0  startup_stm32l151xba.o(.text)
    TIM4_IRQHandler                          0x080001ab   Thumb Code     0  startup_stm32l151xba.o(.text)
    TIM9_IRQHandler                          0x080001ab   Thumb Code     0  startup_stm32l151xba.o(.text)
    USART1_IRQHandler                        0x080001ab   Thumb Code     0  startup_stm32l151xba.o(.text)
    USART2_IRQHandler                        0x080001ab   Thumb Code     0  startup_stm32l151xba.o(.text)
    USART3_IRQHandler                        0x080001ab   Thumb Code     0  startup_stm32l151xba.o(.text)
    USB_HP_IRQHandler                        0x080001ab   Thumb Code     0  startup_stm32l151xba.o(.text)
    WWDG_IRQHandler                          0x080001ab   Thumb Code     0  startup_stm32l151xba.o(.text)
    __user_initial_stackheap                 0x080001ad   Thumb Code     0  startup_stm32l151xba.o(.text)
    __aeabi_uldivmod                         0x080001d1   Thumb Code     0  lludivv7m.o(.text)
    _ll_udiv                                 0x080001d1   Thumb Code   238  lludivv7m.o(.text)
    __aeabi_memclr4                          0x080002bf   Thumb Code     0  rt_memclr_w.o(.text)
    __aeabi_memclr8                          0x080002bf   Thumb Code     0  rt_memclr_w.o(.text)
    __rt_memclr_w                            0x080002bf   Thumb Code    78  rt_memclr_w.o(.text)
    _memset_w                                0x080002c3   Thumb Code     0  rt_memclr_w.o(.text)
    __use_two_region_memory                  0x0800030d   Thumb Code     2  heapauxi.o(.text)
    __rt_heap_escrow$2region                 0x0800030f   Thumb Code     2  heapauxi.o(.text)
    __rt_heap_expand$2region                 0x08000311   Thumb Code     2  heapauxi.o(.text)
    __user_libspace                          0x08000315   Thumb Code     8  libspace.o(.text)
    __user_perproc_libspace                  0x08000315   Thumb Code     0  libspace.o(.text)
    __user_perthread_libspace                0x08000315   Thumb Code     0  libspace.o(.text)
    __user_setup_stackheap                   0x0800031d   Thumb Code    74  sys_stackheap_outer.o(.text)
    exit                                     0x08000367   Thumb Code    18  exit.o(.text)
    _sys_exit                                0x08000379   Thumb Code     8  sys_exit.o(.text)
    __I$use$semihosting                      0x08000385   Thumb Code     0  use_no_semi.o(.text)
    __use_no_semihosting_swi                 0x08000385   Thumb Code     2  use_no_semi.o(.text)
    BusFault_Handler                         0x08000387   Thumb Code     2  stm32l1xx_it.o(i.BusFault_Handler)
    __semihosting_library_function           0x08000387   Thumb Code     0  indicate_semi.o(.text)
    DMA1_Channel6_IRQHandler                 0x08000389   Thumb Code     6  stm32l1xx_it.o(i.DMA1_Channel6_IRQHandler)
    DebugMon_Handler                         0x08000395   Thumb Code     2  stm32l1xx_it.o(i.DebugMon_Handler)
    EXTI15_10_IRQHandler                     0x08000399   Thumb Code    20  stm32l1xx_it.o(i.EXTI15_10_IRQHandler)
    EXTI3_IRQHandler                         0x080003b1   Thumb Code    18  stm32l1xx_it.o(i.EXTI3_IRQHandler)
    EXTI4_IRQHandler                         0x080003c9   Thumb Code    18  stm32l1xx_it.o(i.EXTI4_IRQHandler)
    EXTI9_5_IRQHandler                       0x080003e1   Thumb Code    46  stm32l1xx_it.o(i.EXTI9_5_IRQHandler)
    Error_Handler                            0x08000415   Thumb Code     4  main.o(i.Error_Handler)
    HAL_DMA_IRQHandler                       0x08000419   Thumb Code   186  stm32l1xx_hal_dma.o(i.HAL_DMA_IRQHandler)
    HAL_DMA_Init                             0x080004d5   Thumb Code    84  stm32l1xx_hal_dma.o(i.HAL_DMA_Init)
    HAL_Delay                                0x08000531   Thumb Code    32  stm32l1xx_hal.o(i.HAL_Delay)
    HAL_GPIO_EXTI_Callback                   0x08000555   Thumb Code     2  stm32l1xx_it.o(i.HAL_GPIO_EXTI_Callback)
    HAL_GPIO_EXTI_IRQHandler                 0x08000559   Thumb Code    18  stm32l1xx_hal_gpio.o(i.HAL_GPIO_EXTI_IRQHandler)
    HAL_GPIO_Init                            0x08000571   Thumb Code   530  stm32l1xx_hal_gpio.o(i.HAL_GPIO_Init)
    HAL_GPIO_ReadPin                         0x080007a5   Thumb Code    10  stm32l1xx_hal_gpio.o(i.HAL_GPIO_ReadPin)
    HAL_GPIO_WritePin                        0x080007af   Thumb Code    10  stm32l1xx_hal_gpio.o(i.HAL_GPIO_WritePin)
    HAL_GetTick                              0x080007b9   Thumb Code     6  stm32l1xx_hal.o(i.HAL_GetTick)
    HAL_I2C_Init                             0x080007c5   Thumb Code   376  stm32l1xx_hal_i2c.o(i.HAL_I2C_Init)
    HAL_I2C_Mem_Write                        0x0800094d   Thumb Code   294  stm32l1xx_hal_i2c.o(i.HAL_I2C_Mem_Write)
    HAL_I2C_MspInit                          0x08000a7d   Thumb Code   134  i2c.o(i.HAL_I2C_MspInit)
    HAL_IncTick                              0x08000b19   Thumb Code    12  stm32l1xx_hal.o(i.HAL_IncTick)
    HAL_Init                                 0x08000b29   Thumb Code    30  stm32l1xx_hal.o(i.HAL_Init)
    HAL_InitTick                             0x08000b49   Thumb Code    58  stm32l1xx_hal.o(i.HAL_InitTick)
    HAL_MspInit                              0x08000b8d   Thumb Code    56  stm32l1xx_hal_msp.o(i.HAL_MspInit)
    HAL_NVIC_EnableIRQ                       0x08000bc9   Thumb Code    26  stm32l1xx_hal_cortex.o(i.HAL_NVIC_EnableIRQ)
    HAL_NVIC_SetPriority                     0x08000be5   Thumb Code    60  stm32l1xx_hal_cortex.o(i.HAL_NVIC_SetPriority)
    HAL_NVIC_SetPriorityGrouping             0x08000c25   Thumb Code    26  stm32l1xx_hal_cortex.o(i.HAL_NVIC_SetPriorityGrouping)
    HAL_PCD_DataInStageCallback              0x08000c49   Thumb Code    18  usbd_conf.o(i.HAL_PCD_DataInStageCallback)
    HAL_PCD_DataOutStageCallback             0x08000c5b   Thumb Code    20  usbd_conf.o(i.HAL_PCD_DataOutStageCallback)
    HAL_PCD_EP_ClrStall                      0x08000c6f   Thumb Code    92  stm32l1xx_hal_pcd.o(i.HAL_PCD_EP_ClrStall)
    HAL_PCD_EP_Open                          0x080010e1   Thumb Code    96  stm32l1xx_hal_pcd.o(i.HAL_PCD_EP_Open)
    HAL_PCD_EP_Receive                       0x08001141   Thumb Code    50  stm32l1xx_hal_pcd.o(i.HAL_PCD_EP_Receive)
    HAL_PCD_EP_SetStall                      0x08001173   Thumb Code    96  stm32l1xx_hal_pcd.o(i.HAL_PCD_EP_SetStall)
    HAL_PCD_EP_Transmit                      0x080011d3   Thumb Code    52  stm32l1xx_hal_pcd.o(i.HAL_PCD_EP_Transmit)
    HAL_PCD_IRQHandler                       0x08001207   Thumb Code   256  stm32l1xx_hal_pcd.o(i.HAL_PCD_IRQHandler)
    HAL_PCD_ResetCallback                    0x08001307   Thumb Code    38  usbd_conf.o(i.HAL_PCD_ResetCallback)
    HAL_PCD_ResumeCallback                   0x0800132d   Thumb Code     8  usbd_conf.o(i.HAL_PCD_ResumeCallback)
    HAL_PCD_SOFCallback                      0x08001335   Thumb Code     8  usbd_conf.o(i.HAL_PCD_SOFCallback)
    HAL_PCD_SetAddress                       0x0800133d   Thumb Code    40  stm32l1xx_hal_pcd.o(i.HAL_PCD_SetAddress)
    HAL_PCD_SetupStageCallback               0x08001365   Thumb Code    14  usbd_conf.o(i.HAL_PCD_SetupStageCallback)
    HAL_PCD_SuspendCallback                  0x08001375   Thumb Code    30  usbd_conf.o(i.HAL_PCD_SuspendCallback)
    HAL_RCC_ClockConfig                      0x08001399   Thumb Code   400  stm32l1xx_hal_rcc.o(i.HAL_RCC_ClockConfig)
    HAL_RCC_GetPCLK1Freq                     0x0800153d   Thumb Code    20  stm32l1xx_hal_rcc.o(i.HAL_RCC_GetPCLK1Freq)
    HAL_RCC_GetSysClockFreq                  0x0800155d   Thumb Code    72  stm32l1xx_hal_rcc.o(i.HAL_RCC_GetSysClockFreq)
    HAL_RCC_OscConfig                        0x080015b1   Thumb Code  1064  stm32l1xx_hal_rcc.o(i.HAL_RCC_OscConfig)
    HAL_SYSTICK_Config                       0x080019d9   Thumb Code    40  stm32l1xx_hal_cortex.o(i.HAL_SYSTICK_Config)
    HAL_TIMEx_MasterConfigSynchronization    0x08001a01   Thumb Code    92  stm32l1xx_hal_tim_ex.o(i.HAL_TIMEx_MasterConfigSynchronization)
    HAL_TIM_Base_Init                        0x08001a69   Thumb Code    74  stm32l1xx_hal_tim.o(i.HAL_TIM_Base_Init)
    HAL_TIM_Base_MspInit                     0x08001ab5   Thumb Code    86  tim.o(i.HAL_TIM_Base_MspInit)
    HAL_TIM_Base_Start_IT                    0x08001b19   Thumb Code    76  stm32l1xx_hal_tim.o(i.HAL_TIM_Base_Start_IT)
    HAL_TIM_Base_Stop                        0x08001b71   Thumb Code    30  stm32l1xx_hal_tim.o(i.HAL_TIM_Base_Stop)
    HAL_TIM_IC_CaptureCallback               0x08001b8f   Thumb Code     2  stm32l1xx_hal_tim.o(i.HAL_TIM_IC_CaptureCallback)
    HAL_TIM_IRQHandler                       0x08001b91   Thumb Code   294  stm32l1xx_hal_tim.o(i.HAL_TIM_IRQHandler)
    HAL_TIM_OC_DelayElapsedCallback          0x08001cb7   Thumb Code     2  stm32l1xx_hal_tim.o(i.HAL_TIM_OC_DelayElapsedCallback)
    HAL_TIM_OnePulse_Init                    0x08001cb9   Thumb Code    82  stm32l1xx_hal_tim.o(i.HAL_TIM_OnePulse_Init)
    HAL_TIM_OnePulse_MspInit                 0x08001d0b   Thumb Code     2  stm32l1xx_hal_tim.o(i.HAL_TIM_OnePulse_MspInit)
    HAL_TIM_PWM_PulseFinishedCallback        0x08001d0d   Thumb Code     2  stm32l1xx_hal_tim.o(i.HAL_TIM_PWM_PulseFinishedCallback)
    HAL_TIM_PeriodElapsedCallback            0x08001d0f   Thumb Code     2  stm32l1xx_hal_tim.o(i.HAL_TIM_PeriodElapsedCallback)
    HAL_TIM_TriggerCallback                  0x08001d11   Thumb Code     2  stm32l1xx_hal_tim.o(i.HAL_TIM_TriggerCallback)
    HardFault_Handler                        0x08001d13   Thumb Code     2  stm32l1xx_it.o(i.HardFault_Handler)
    MX_GPIO_Init                             0x08001f85   Thumb Code   294  gpio.o(i.MX_GPIO_Init)
    MX_I2C1_Init                             0x080020bd   Thumb Code    50  i2c.o(i.MX_I2C1_Init)
    MX_TIM6_Init                             0x080020fd   Thumb Code    76  tim.o(i.MX_TIM6_Init)
    MX_TIM7_Init                             0x08002151   Thumb Code    76  tim.o(i.MX_TIM7_Init)
    MemManage_Handler                        0x080021a5   Thumb Code     2  stm32l1xx_it.o(i.MemManage_Handler)
    NMI_Handler                              0x080021a7   Thumb Code     2  stm32l1xx_it.o(i.NMI_Handler)
    PAS_print_menu                           0x080021a9   Thumb Code     8  user_interface.o(i.PAS_print_menu)
    PendSV_Handler                           0x080024c9   Thumb Code     2  stm32l1xx_it.o(i.PendSV_Handler)
    SVC_Handler                              0x0800254d   Thumb Code     2  stm32l1xx_it.o(i.SVC_Handler)
    SysTick_Handler                          0x0800254f   Thumb Code     4  stm32l1xx_it.o(i.SysTick_Handler)
    SystemClock_Config                       0x08002555   Thumb Code   110  main.o(i.SystemClock_Config)
    SystemInit                               0x080025c9   Thumb Code     2  system_stm32l1xx.o(i.SystemInit)
    TIM6_IRQHandler                          0x080025cd   Thumb Code   204  stm32l1xx_it.o(i.TIM6_IRQHandler)
    TIM7_IRQHandler                          0x080026ad   Thumb Code    22  stm32l1xx_it.o(i.TIM7_IRQHandler)
    UI_print_menu                            0x0800273d   Thumb Code   562  user_interface.o(i.UI_print_menu)
    USBD_ClrClassConfig                      0x0800297d   Thumb Code    14  usbd_core.o(i.USBD_ClrClassConfig)
    USBD_CtlContinueRx                       0x0800298b   Thumb Code    16  usbd_ioreq.o(i.USBD_CtlContinueRx)
    USBD_CtlContinueSendData                 0x0800299b   Thumb Code    16  usbd_ioreq.o(i.USBD_CtlContinueSendData)
    USBD_CtlError                            0x080029ab   Thumb Code    22  usbd_ctlreq.o(i.USBD_CtlError)
    USBD_CtlReceiveStatus                    0x080029c1   Thumb Code    22  usbd_ioreq.o(i.USBD_CtlReceiveStatus)
    USBD_CtlSendData                         0x080029d7   Thumb Code    26  usbd_ioreq.o(i.USBD_CtlSendData)
    USBD_CtlSendStatus                       0x080029f1   Thumb Code    22  usbd_ioreq.o(i.USBD_CtlSendStatus)
    USBD_LL_ClearStallEP                     0x08002b07   Thumb Code    18  usbd_conf.o(i.USBD_LL_ClearStallEP)
    USBD_LL_DataInStage                      0x08002b19   Thumb Code   198  usbd_core.o(i.USBD_LL_DataInStage)
    USBD_LL_DataOutStage                     0x08002bdf   Thumb Code   130  usbd_core.o(i.USBD_LL_DataOutStage)
    USBD_LL_IsStallEP                        0x08002c61   Thumb Code    32  usbd_conf.o(i.USBD_LL_IsStallEP)
    USBD_LL_OpenEP                           0x08002c81   Thumb Code    24  usbd_conf.o(i.USBD_LL_OpenEP)
    USBD_LL_PrepareReceive                   0x08002c99   Thumb Code    18  usbd_conf.o(i.USBD_LL_PrepareReceive)
    USBD_LL_Reset                            0x08002cab   Thumb Code    80  usbd_core.o(i.USBD_LL_Reset)
    USBD_LL_Resume                           0x08002cfb   Thumb Code    12  usbd_core.o(i.USBD_LL_Resume)
    USBD_LL_SOF                              0x08002d07   Thumb Code    24  usbd_core.o(i.USBD_LL_SOF)
    USBD_LL_SetSpeed                         0x08002d1f   Thumb Code     6  usbd_core.o(i.USBD_LL_SetSpeed)
    USBD_LL_SetUSBAddress                    0x08002d25   Thumb Code    18  usbd_conf.o(i.USBD_LL_SetUSBAddress)
    USBD_LL_SetupStage                       0x08002d37   Thumb Code    90  usbd_core.o(i.USBD_LL_SetupStage)
    USBD_LL_StallEP                          0x08002d91   Thumb Code    18  usbd_conf.o(i.USBD_LL_StallEP)
    USBD_LL_Suspend                          0x08002da3   Thumb Code    18  usbd_core.o(i.USBD_LL_Suspend)
    USBD_LL_Transmit                         0x08002db5   Thumb Code    18  usbd_conf.o(i.USBD_LL_Transmit)
    USBD_ParseSetupRequest                   0x08002dc7   Thumb Code    40  usbd_ctlreq.o(i.USBD_ParseSetupRequest)
    USBD_SetClassConfig                      0x08002def   Thumb Code    22  usbd_core.o(i.USBD_SetClassConfig)
    USBD_StdDevReq                           0x08002e89   Thumb Code   274  usbd_ctlreq.o(i.USBD_StdDevReq)
    USBD_StdEPReq                            0x08002f9b   Thumb Code   336  usbd_ctlreq.o(i.USBD_StdEPReq)
    USBD_StdItfReq                           0x080030eb   Thumb Code    78  usbd_ctlreq.o(i.USBD_StdItfReq)
    USB_ActivateEndpoint                     0x08003139   Thumb Code   600  stm32l1xx_ll_usb.o(i.USB_ActivateEndpoint)
    USB_EPClearStall                         0x08003391   Thumb Code   120  stm32l1xx_ll_usb.o(i.USB_EPClearStall)
    USB_EPSetStall                           0x08003409   Thumb Code    50  stm32l1xx_ll_usb.o(i.USB_EPSetStall)
    USB_EPStartXfer                          0x0800343d   Thumb Code  1548  stm32l1xx_ll_usb.o(i.USB_EPStartXfer)
    USB_FS_WKUP_IRQHandler                   0x08003a49   Thumb Code    32  stm32l1xx_it.o(i.USB_FS_WKUP_IRQHandler)
    USB_LP_IRQHandler                        0x08003a75   Thumb Code     6  stm32l1xx_it.o(i.USB_LP_IRQHandler)
    USB_ReadInterrupts                       0x08003a81   Thumb Code     6  stm32l1xx_ll_usb.o(i.USB_ReadInterrupts)
    USB_ReadPMA                              0x08003a89   Thumb Code    44  stm32l1xx_ll_usb.o(i.USB_ReadPMA)
    USB_SetDevAddress                        0x08003ab5   Thumb Code    12  stm32l1xx_ll_usb.o(i.USB_SetDevAddress)
    USB_WritePMA                             0x08003ac1   Thumb Code    38  stm32l1xx_ll_usb.o(i.USB_WritePMA)
    UsageFault_Handler                       0x08003ae7   Thumb Code     2  stm32l1xx_it.o(i.UsageFault_Handler)
    main                                     0x08003b09   Thumb Code    78  main.o(i.main)
    power_SetNeedSleepFlag                   0x08003b5d   Thumb Code     8  system.o(i.power_SetNeedSleepFlag)
    ssd1306_DrawBitmap                       0x08003b69   Thumb Code   110  ssd1306.o(i.ssd1306_DrawBitmap)
    ssd1306_DrawPixel                        0x08003bd9   Thumb Code    42  ssd1306.o(i.ssd1306_DrawPixel)
    ssd1306_DrawRectangle                    0x08003c09   Thumb Code    68  ssd1306.o(i.ssd1306_DrawRectangle)
    ssd1306_Fill                             0x08003c4d   Thumb Code    28  ssd1306.o(i.ssd1306_Fill)
    ssd1306_GetDisplayOn                     0x08003c6d   Thumb Code     6  ssd1306.o(i.ssd1306_GetDisplayOn)
    ssd1306_Init                             0x08003c79   Thumb Code   184  ssd1306.o(i.ssd1306_Init)
    ssd1306_Line                             0x08003d35   Thumb Code   126  ssd1306.o(i.ssd1306_Line)
    ssd1306_SetContrast                      0x08003db3   Thumb Code    20  ssd1306.o(i.ssd1306_SetContrast)
    ssd1306_SetDisplayOn                     0x08003dc9   Thumb Code    24  ssd1306.o(i.ssd1306_SetDisplayOn)
    ssd1306_SetDisplayPower                  0x08003de5   Thumb Code    68  ssd1306.o(i.ssd1306_SetDisplayPower)
    ssd1306_SetNeedInitFlag                  0x08003e31   Thumb Code     8  ssd1306.o(i.ssd1306_SetNeedInitFlag)
    ssd1306_UpdateScreen                     0x08003e3d   Thumb Code    50  ssd1306.o(i.ssd1306_UpdateScreen)
    ssd1306_WriteCommand                     0x08003e75   Thumb Code    32  ssd1306.o(i.ssd1306_WriteCommand)
    ssd1306_WriteData                        0x08003e99   Thumb Code    26  ssd1306.o(i.ssd1306_WriteData)
    imgN1                                    0x08003eb8   Data         120  user_interface.o(.constdata)
    imgN2                                    0x08003f30   Data         120  user_interface.o(.constdata)
    imgN3                                    0x08003fa8   Data         120  user_interface.o(.constdata)
    PLLMulTable                              0x08004020   Data           9  system_stm32l1xx.o(.constdata)
    AHBPrescTable                            0x08004029   Data          16  system_stm32l1xx.o(.constdata)
    APBPrescTable                            0x08004039   Data           8  system_stm32l1xx.o(.constdata)
    Region$$Table$$Base                      0x08004044   Number         0  anon$$obj.o(Region$$Table)
    Region$$Table$$Limit                     0x08004064   Number         0  anon$$obj.o(Region$$Table)
    orentationMoveMenu                       0x20000008   Data           4  user_interface.o(.data)
    cycleFlag                                0x2000000c   Data           4  user_interface.o(.data)
    numMenuItem                              0x20000010   Data           4  user_interface.o(.data)
    switches_byte                            0x20000014   Data           4  main.o(.data)
    test_value                               0x20000018   Data           4  main.o(.data)
    tPass                                    0x2000001c   Data           4  main.o(.data)
    power                                    0x20000020   Data           1  system.o(.data)
    uwTickPrio                               0x20000024   Data           4  stm32l1xx_hal.o(.data)
    uwTickFreq                               0x20000028   Data           4  stm32l1xx_hal.o(.data)
    uwTick                                   0x2000002c   Data           4  stm32l1xx_hal.o(.data)
    SystemCoreClock                          0x20000030   Data           4  system_stm32l1xx.o(.data)
    hi2c1                                    0x20000238   Data          84  i2c.o(.bss)
    hdma_i2c1_tx                             0x2000028c   Data          68  i2c.o(.bss)
    htim6                                    0x200002d0   Data          64  tim.o(.bss)
    htim7                                    0x20000310   Data          64  tim.o(.bss)
    hpcd_USB_FS                              0x20000570   Data         748  usbd_conf.o(.bss)
    __libspace_start                         0x2000085c   Data          96  libspace.o(.bss)
    __temporary_stack_top$libspace           0x200008bc   Data           0  libspace.o(.bss)



==============================================================================

Memory Map of the image

  Image Entry point : 0x080000f5

  Load Region LR_IROM1 (Base: 0x08000000, Size: 0x0000409c, Max: 0x00010000, ABSOLUTE)

    Execution Region ER_IROM1 (Exec base: 0x08000000, Load base: 0x08000000, Size: 0x00004064, Max: 0x00010000, ABSOLUTE)

    Exec Addr    Load Addr    Size         Type   Attr      Idx    E Section Name        Object

    0x08000000   0x08000000   0x000000f4   Data   RO            3    RESET               startup_stm32l151xba.o
    0x080000f4   0x080000f4   0x00000008   Code   RO         4801  * !!!main             c_w.l(__main.o)
    0x080000fc   0x080000fc   0x00000034   Code   RO         5093    !!!scatter          c_w.l(__scatter.o)
    0x08000130   0x08000130   0x0000001a   Code   RO         5095    !!handler_copy      c_w.l(__scatter_copy.o)
    0x0800014a   0x0800014a   0x00000002   PAD
    0x0800014c   0x0800014c   0x0000001c   Code   RO         5097    !!handler_zi        c_w.l(__scatter_zi.o)
    0x08000168   0x08000168   0x00000002   Code   RO         4958    .ARM.Collect$$libinit$$00000000  c_w.l(libinit.o)
    0x0800016a   0x0800016a   0x00000000   Code   RO         4970    .ARM.Collect$$libinit$$00000002  c_w.l(libinit2.o)
    0x0800016a   0x0800016a   0x00000000   Code   RO         4972    .ARM.Collect$$libinit$$00000004  c_w.l(libinit2.o)
    0x0800016a   0x0800016a   0x00000000   Code   RO         4975    .ARM.Collect$$libinit$$0000000A  c_w.l(libinit2.o)
    0x0800016a   0x0800016a   0x00000000   Code   RO         4977    .ARM.Collect$$libinit$$0000000C  c_w.l(libinit2.o)
    0x0800016a   0x0800016a   0x00000000   Code   RO         4979    .ARM.Collect$$libinit$$0000000E  c_w.l(libinit2.o)
    0x0800016a   0x0800016a   0x00000000   Code   RO         4982    .ARM.Collect$$libinit$$00000011  c_w.l(libinit2.o)
    0x0800016a   0x0800016a   0x00000000   Code   RO         4984    .ARM.Collect$$libinit$$00000013  c_w.l(libinit2.o)
    0x0800016a   0x0800016a   0x00000000   Code   RO         4986    .ARM.Collect$$libinit$$00000015  c_w.l(libinit2.o)
    0x0800016a   0x0800016a   0x00000000   Code   RO         4988    .ARM.Collect$$libinit$$00000017  c_w.l(libinit2.o)
    0x0800016a   0x0800016a   0x00000000   Code   RO         4990    .ARM.Collect$$libinit$$00000019  c_w.l(libinit2.o)
    0x0800016a   0x0800016a   0x00000000   Code   RO         4992    .ARM.Collect$$libinit$$0000001B  c_w.l(libinit2.o)
    0x0800016a   0x0800016a   0x00000000   Code   RO         4994    .ARM.Collect$$libinit$$0000001D  c_w.l(libinit2.o)
    0x0800016a   0x0800016a   0x00000000   Code   RO         4996    .ARM.Collect$$libinit$$0000001F  c_w.l(libinit2.o)
    0x0800016a   0x0800016a   0x00000000   Code   RO         4998    .ARM.Collect$$libinit$$00000021  c_w.l(libinit2.o)
    0x0800016a   0x0800016a   0x00000000   Code   RO         5000    .ARM.Collect$$libinit$$00000023  c_w.l(libinit2.o)
    0x0800016a   0x0800016a   0x00000000   Code   RO         5002    .ARM.Collect$$libinit$$00000025  c_w.l(libinit2.o)
    0x0800016a   0x0800016a   0x00000000   Code   RO         5006    .ARM.Collect$$libinit$$0000002C  c_w.l(libinit2.o)
    0x0800016a   0x0800016a   0x00000000   Code   RO         5008    .ARM.Collect$$libinit$$0000002E  c_w.l(libinit2.o)
    0x0800016a   0x0800016a   0x00000000   Code   RO         5010    .ARM.Collect$$libinit$$00000030  c_w.l(libinit2.o)
    0x0800016a   0x0800016a   0x00000000   Code   RO         5012    .ARM.Collect$$libinit$$00000032  c_w.l(libinit2.o)
    0x0800016a   0x0800016a   0x00000002   Code   RO         5013    .ARM.Collect$$libinit$$00000033  c_w.l(libinit2.o)
    0x0800016c   0x0800016c   0x00000002   Code   RO         5048    .ARM.Collect$$libshutdown$$00000000  c_w.l(libshutdown.o)
    0x0800016e   0x0800016e   0x00000000   Code   RO         5074    .ARM.Collect$$libshutdown$$00000002  c_w.l(libshutdown2.o)
    0x0800016e   0x0800016e   0x00000000   Code   RO         5076    .ARM.Collect$$libshutdown$$00000004  c_w.l(libshutdown2.o)
    0x0800016e   0x0800016e   0x00000000   Code   RO         5078    .ARM.Collect$$libshutdown$$00000006  c_w.l(libshutdown2.o)
    0x0800016e   0x0800016e   0x00000000   Code   RO         5081    .ARM.Collect$$libshutdown$$00000009  c_w.l(libshutdown2.o)
    0x0800016e   0x0800016e   0x00000000   Code   RO         5084    .ARM.Collect$$libshutdown$$0000000C  c_w.l(libshutdown2.o)
    0x0800016e   0x0800016e   0x00000000   Code   RO         5086    .ARM.Collect$$libshutdown$$0000000E  c_w.l(libshutdown2.o)
    0x0800016e   0x0800016e   0x00000000   Code   RO         5089    .ARM.Collect$$libshutdown$$00000011  c_w.l(libshutdown2.o)
    0x0800016e   0x0800016e   0x00000002   Code   RO         5090    .ARM.Collect$$libshutdown$$00000012  c_w.l(libshutdown2.o)
    0x08000170   0x08000170   0x00000000   Code   RO         4851    .ARM.Collect$$rtentry$$00000000  c_w.l(__rtentry.o)
    0x08000170   0x08000170   0x00000000   Code   RO         4907    .ARM.Collect$$rtentry$$00000002  c_w.l(__rtentry2.o)
    0x08000170   0x08000170   0x00000006   Code   RO         4919    .ARM.Collect$$rtentry$$00000004  c_w.l(__rtentry4.o)
    0x08000176   0x08000176   0x00000000   Code   RO         4909    .ARM.Collect$$rtentry$$00000009  c_w.l(__rtentry2.o)
    0x08000176   0x08000176   0x00000004   Code   RO         4910    .ARM.Collect$$rtentry$$0000000A  c_w.l(__rtentry2.o)
    0x0800017a   0x0800017a   0x00000000   Code   RO         4912    .ARM.Collect$$rtentry$$0000000C  c_w.l(__rtentry2.o)
    0x0800017a   0x0800017a   0x00000008   Code   RO         4913    .ARM.Collect$$rtentry$$0000000D  c_w.l(__rtentry2.o)
    0x08000182   0x08000182   0x00000002   Code   RO         4961    .ARM.Collect$$rtexit$$00000000  c_w.l(rtexit.o)
    0x08000184   0x08000184   0x00000000   Code   RO         5019    .ARM.Collect$$rtexit$$00000002  c_w.l(rtexit2.o)
    0x08000184   0x08000184   0x00000004   Code   RO         5020    .ARM.Collect$$rtexit$$00000003  c_w.l(rtexit2.o)
    0x08000188   0x08000188   0x00000006   Code   RO         5021    .ARM.Collect$$rtexit$$00000004  c_w.l(rtexit2.o)
    0x0800018e   0x0800018e   0x00000002   PAD
    0x08000190   0x08000190   0x00000040   Code   RO            4    .text               startup_stm32l151xba.o
    0x080001d0   0x080001d0   0x000000ee   Code   RO         4755    .text               c_w.l(lludivv7m.o)
    0x080002be   0x080002be   0x0000004e   Code   RO         4797    .text               c_w.l(rt_memclr_w.o)
    0x0800030c   0x0800030c   0x00000006   Code   RO         4799    .text               c_w.l(heapauxi.o)
    0x08000312   0x08000312   0x00000002   PAD
    0x08000314   0x08000314   0x00000008   Code   RO         4942    .text               c_w.l(libspace.o)
    0x0800031c   0x0800031c   0x0000004a   Code   RO         4945    .text               c_w.l(sys_stackheap_outer.o)
    0x08000366   0x08000366   0x00000012   Code   RO         4947    .text               c_w.l(exit.o)
    0x08000378   0x08000378   0x0000000c   Code   RO         5016    .text               c_w.l(sys_exit.o)
    0x08000384   0x08000384   0x00000002   Code   RO         5037    .text               c_w.l(use_no_semi.o)
    0x08000386   0x08000386   0x00000000   Code   RO         5039    .text               c_w.l(indicate_semi.o)
    0x08000386   0x08000386   0x00000002   Code   RO          768    i.BusFault_Handler  stm32l1xx_it.o
    0x08000388   0x08000388   0x0000000c   Code   RO          769    i.DMA1_Channel6_IRQHandler  stm32l1xx_it.o
    0x08000394   0x08000394   0x00000002   Code   RO          770    i.DebugMon_Handler  stm32l1xx_it.o
    0x08000396   0x08000396   0x00000002   PAD
    0x08000398   0x08000398   0x00000018   Code   RO          771    i.EXTI15_10_IRQHandler  stm32l1xx_it.o
    0x080003b0   0x080003b0   0x00000018   Code   RO          772    i.EXTI3_IRQHandler  stm32l1xx_it.o
    0x080003c8   0x080003c8   0x00000018   Code   RO          773    i.EXTI4_IRQHandler  stm32l1xx_it.o
    0x080003e0   0x080003e0   0x00000034   Code   RO          774    i.EXTI9_5_IRQHandler  stm32l1xx_it.o
    0x08000414   0x08000414   0x00000004   Code   RO          517    i.Error_Handler     main.o
    0x08000418   0x08000418   0x000000ba   Code   RO         2467    i.HAL_DMA_IRQHandler  stm32l1xx_hal_dma.o
    0x080004d2   0x080004d2   0x00000002   PAD
    0x080004d4   0x080004d4   0x0000005c   Code   RO         2468    i.HAL_DMA_Init      stm32l1xx_hal_dma.o
    0x08000530   0x08000530   0x00000024   Code   RO         1766    i.HAL_Delay         stm32l1xx_hal.o
    0x08000554   0x08000554   0x00000002   Code   RO          775    i.HAL_GPIO_EXTI_Callback  stm32l1xx_it.o
    0x08000556   0x08000556   0x00000002   PAD
    0x08000558   0x08000558   0x00000018   Code   RO         2397    i.HAL_GPIO_EXTI_IRQHandler  stm32l1xx_hal_gpio.o
    0x08000570   0x08000570   0x00000234   Code   RO         2398    i.HAL_GPIO_Init     stm32l1xx_hal_gpio.o
    0x080007a4   0x080007a4   0x0000000a   Code   RO         2400    i.HAL_GPIO_ReadPin  stm32l1xx_hal_gpio.o
    0x080007ae   0x080007ae   0x0000000a   Code   RO         2402    i.HAL_GPIO_WritePin  stm32l1xx_hal_gpio.o
    0x080007b8   0x080007b8   0x0000000c   Code   RO         1770    i.HAL_GetTick       stm32l1xx_hal.o
    0x080007c4   0x080007c4   0x00000188   Code   RO         3197    i.HAL_I2C_Init      stm32l1xx_hal_i2c.o
    0x0800094c   0x0800094c   0x00000130   Code   RO         3218    i.HAL_I2C_Mem_Write  stm32l1xx_hal_i2c.o
    0x08000a7c   0x08000a7c   0x0000009c   Code   RO          679    i.HAL_I2C_MspInit   i2c.o
    0x08000b18   0x08000b18   0x00000010   Code   RO         1776    i.HAL_IncTick       stm32l1xx_hal.o
    0x08000b28   0x08000b28   0x0000001e   Code   RO         1777    i.HAL_Init          stm32l1xx_hal.o
    0x08000b46   0x08000b46   0x00000002   PAD
    0x08000b48   0x08000b48   0x00000044   Code   RO         1778    i.HAL_InitTick      stm32l1xx_hal.o
    0x08000b8c   0x08000b8c   0x0000003c   Code   RO          904    i.HAL_MspInit       stm32l1xx_hal_msp.o
    0x08000bc8   0x08000bc8   0x0000001a   Code   RO         2741    i.HAL_NVIC_EnableIRQ  stm32l1xx_hal_cortex.o
    0x08000be2   0x08000be2   0x00000002   PAD
    0x08000be4   0x08000be4   0x00000040   Code   RO         2747    i.HAL_NVIC_SetPriority  stm32l1xx_hal_cortex.o
    0x08000c24   0x08000c24   0x00000024   Code   RO         2748    i.HAL_NVIC_SetPriorityGrouping  stm32l1xx_hal_cortex.o
    0x08000c48   0x08000c48   0x00000012   Code   RO         1144    i.HAL_PCD_DataInStageCallback  usbd_conf.o
    0x08000c5a   0x08000c5a   0x00000014   Code   RO         1145    i.HAL_PCD_DataOutStageCallback  usbd_conf.o
    0x08000c6e   0x08000c6e   0x0000005c   Code   RO         1364    i.HAL_PCD_EP_ClrStall  stm32l1xx_hal_pcd.o
    0x08000cca   0x08000cca   0x000000e6   Code   RO         1365    i.HAL_PCD_EP_DB_Receive  stm32l1xx_hal_pcd.o
    0x08000db0   0x08000db0   0x00000330   Code   RO         1366    i.HAL_PCD_EP_DB_Transmit  stm32l1xx_hal_pcd.o
    0x080010e0   0x080010e0   0x00000060   Code   RO         1369    i.HAL_PCD_EP_Open   stm32l1xx_hal_pcd.o
    0x08001140   0x08001140   0x00000032   Code   RO         1370    i.HAL_PCD_EP_Receive  stm32l1xx_hal_pcd.o
    0x08001172   0x08001172   0x00000060   Code   RO         1371    i.HAL_PCD_EP_SetStall  stm32l1xx_hal_pcd.o
    0x080011d2   0x080011d2   0x00000034   Code   RO         1372    i.HAL_PCD_EP_Transmit  stm32l1xx_hal_pcd.o
    0x08001206   0x08001206   0x00000100   Code   RO         1374    i.HAL_PCD_IRQHandler  stm32l1xx_hal_pcd.o
    0x08001306   0x08001306   0x00000026   Code   RO         1151    i.HAL_PCD_ResetCallback  usbd_conf.o
    0x0800132c   0x0800132c   0x00000008   Code   RO         1152    i.HAL_PCD_ResumeCallback  usbd_conf.o
    0x08001334   0x08001334   0x00000008   Code   RO         1153    i.HAL_PCD_SOFCallback  usbd_conf.o
    0x0800133c   0x0800133c   0x00000028   Code   RO         1383    i.HAL_PCD_SetAddress  stm32l1xx_hal_pcd.o
    0x08001364   0x08001364   0x0000000e   Code   RO         1154    i.HAL_PCD_SetupStageCallback  usbd_conf.o
    0x08001372   0x08001372   0x00000002   PAD
    0x08001374   0x08001374   0x00000024   Code   RO         1155    i.HAL_PCD_SuspendCallback  usbd_conf.o
    0x08001398   0x08001398   0x000001a4   Code   RO         1934    i.HAL_RCC_ClockConfig  stm32l1xx_hal_rcc.o
    0x0800153c   0x0800153c   0x00000020   Code   RO         1941    i.HAL_RCC_GetPCLK1Freq  stm32l1xx_hal_rcc.o
    0x0800155c   0x0800155c   0x00000054   Code   RO         1943    i.HAL_RCC_GetSysClockFreq  stm32l1xx_hal_rcc.o
    0x080015b0   0x080015b0   0x00000428   Code   RO         1946    i.HAL_RCC_OscConfig  stm32l1xx_hal_rcc.o
    0x080019d8   0x080019d8   0x00000028   Code   RO         2752    i.HAL_SYSTICK_Config  stm32l1xx_hal_cortex.o
    0x08001a00   0x08001a00   0x00000068   Code   RO         4319    i.HAL_TIMEx_MasterConfigSynchronization  stm32l1xx_hal_tim_ex.o
    0x08001a68   0x08001a68   0x0000004a   Code   RO         3620    i.HAL_TIM_Base_Init  stm32l1xx_hal_tim.o
    0x08001ab2   0x08001ab2   0x00000002   PAD
    0x08001ab4   0x08001ab4   0x00000064   Code   RO          721    i.HAL_TIM_Base_MspInit  tim.o
    0x08001b18   0x08001b18   0x00000058   Code   RO         3625    i.HAL_TIM_Base_Start_IT  stm32l1xx_hal_tim.o
    0x08001b70   0x08001b70   0x0000001e   Code   RO         3626    i.HAL_TIM_Base_Stop  stm32l1xx_hal_tim.o
    0x08001b8e   0x08001b8e   0x00000002   Code   RO         3654    i.HAL_TIM_IC_CaptureCallback  stm32l1xx_hal_tim.o
    0x08001b90   0x08001b90   0x00000126   Code   RO         3668    i.HAL_TIM_IRQHandler  stm32l1xx_hal_tim.o
    0x08001cb6   0x08001cb6   0x00000002   Code   RO         3671    i.HAL_TIM_OC_DelayElapsedCallback  stm32l1xx_hal_tim.o
    0x08001cb8   0x08001cb8   0x00000052   Code   RO         3685    i.HAL_TIM_OnePulse_Init  stm32l1xx_hal_tim.o
    0x08001d0a   0x08001d0a   0x00000002   Code   RO         3687    i.HAL_TIM_OnePulse_MspInit  stm32l1xx_hal_tim.o
    0x08001d0c   0x08001d0c   0x00000002   Code   RO         3698    i.HAL_TIM_PWM_PulseFinishedCallback  stm32l1xx_hal_tim.o
    0x08001d0e   0x08001d0e   0x00000002   Code   RO         3706    i.HAL_TIM_PeriodElapsedCallback  stm32l1xx_hal_tim.o
    0x08001d10   0x08001d10   0x00000002   Code   RO         3711    i.HAL_TIM_TriggerCallback  stm32l1xx_hal_tim.o
    0x08001d12   0x08001d12   0x00000002   Code   RO          776    i.HardFault_Handler  stm32l1xx_it.o
    0x08001d14   0x08001d14   0x0000002e   Code   RO         3239    i.I2C_IsAcknowledgeFailed  stm32l1xx_hal_i2c.o
    0x08001d42   0x08001d42   0x00000002   PAD
    0x08001d44   0x08001d44   0x000000a8   Code   RO         3250    i.I2C_RequestMemoryWrite  stm32l1xx_hal_i2c.o
    0x08001dec   0x08001dec   0x0000004c   Code   RO         3254    i.I2C_WaitOnBTFFlagUntilTimeout  stm32l1xx_hal_i2c.o
    0x08001e38   0x08001e38   0x00000068   Code   RO         3255    i.I2C_WaitOnFlagUntilTimeout  stm32l1xx_hal_i2c.o
    0x08001ea0   0x08001ea0   0x00000096   Code   RO         3256    i.I2C_WaitOnMasterAddressFlagUntilTimeout  stm32l1xx_hal_i2c.o
    0x08001f36   0x08001f36   0x0000004c   Code   RO         3258    i.I2C_WaitOnTXEFlagUntilTimeout  stm32l1xx_hal_i2c.o
    0x08001f82   0x08001f82   0x00000002   PAD
    0x08001f84   0x08001f84   0x00000138   Code   RO          588    i.MX_GPIO_Init      gpio.o
    0x080020bc   0x080020bc   0x00000040   Code   RO          680    i.MX_I2C1_Init      i2c.o
    0x080020fc   0x080020fc   0x00000054   Code   RO          722    i.MX_TIM6_Init      tim.o
    0x08002150   0x08002150   0x00000054   Code   RO          723    i.MX_TIM7_Init      tim.o
    0x080021a4   0x080021a4   0x00000002   Code   RO          777    i.MemManage_Handler  stm32l1xx_it.o
    0x080021a6   0x080021a6   0x00000002   Code   RO          778    i.NMI_Handler       stm32l1xx_it.o
    0x080021a8   0x080021a8   0x0000000c   Code   RO          453    i.PAS_print_menu    user_interface.o
    0x080021b4   0x080021b4   0x00000314   Code   RO         1389    i.PCD_EP_ISR_Handler  stm32l1xx_hal_pcd.o
    0x080024c8   0x080024c8   0x00000002   Code   RO          779    i.PendSV_Handler    stm32l1xx_it.o
    0x080024ca   0x080024ca   0x00000002   PAD
    0x080024cc   0x080024cc   0x00000080   Code   RO         1947    i.RCC_SetFlashLatencyFromMSIRange  stm32l1xx_hal_rcc.o
    0x0800254c   0x0800254c   0x00000002   Code   RO          780    i.SVC_Handler       stm32l1xx_it.o
    0x0800254e   0x0800254e   0x00000004   Code   RO          781    i.SysTick_Handler   stm32l1xx_it.o
    0x08002552   0x08002552   0x00000002   PAD
    0x08002554   0x08002554   0x00000074   Code   RO          518    i.SystemClock_Config  main.o
    0x080025c8   0x080025c8   0x00000002   Code   RO         4350    i.SystemInit        system_stm32l1xx.o
    0x080025ca   0x080025ca   0x00000002   PAD
    0x080025cc   0x080025cc   0x000000e0   Code   RO          782    i.TIM6_IRQHandler   stm32l1xx_it.o
    0x080026ac   0x080026ac   0x0000001c   Code   RO          783    i.TIM7_IRQHandler   stm32l1xx_it.o
    0x080026c8   0x080026c8   0x00000074   Code   RO         3713    i.TIM_Base_SetConfig  stm32l1xx_hal_tim.o
    0x0800273c   0x0800273c   0x00000240   Code   RO          454    i.UI_print_menu     user_interface.o
    0x0800297c   0x0800297c   0x0000000e   Code   RO         4387    i.USBD_ClrClassConfig  usbd_core.o
    0x0800298a   0x0800298a   0x00000010   Code   RO         4590    i.USBD_CtlContinueRx  usbd_ioreq.o
    0x0800299a   0x0800299a   0x00000010   Code   RO         4591    i.USBD_CtlContinueSendData  usbd_ioreq.o
    0x080029aa   0x080029aa   0x00000016   Code   RO         4525    i.USBD_CtlError     usbd_ctlreq.o
    0x080029c0   0x080029c0   0x00000016   Code   RO         4593    i.USBD_CtlReceiveStatus  usbd_ioreq.o
    0x080029d6   0x080029d6   0x0000001a   Code   RO         4594    i.USBD_CtlSendData  usbd_ioreq.o
    0x080029f0   0x080029f0   0x00000016   Code   RO         4595    i.USBD_CtlSendStatus  usbd_ioreq.o
    0x08002a06   0x08002a06   0x000000e8   Code   RO         4526    i.USBD_GetDescriptor  usbd_ctlreq.o
    0x08002aee   0x08002aee   0x00000018   Code   RO         1156    i.USBD_Get_USB_Status  usbd_conf.o
    0x08002b06   0x08002b06   0x00000012   Code   RO         1157    i.USBD_LL_ClearStallEP  usbd_conf.o
    0x08002b18   0x08002b18   0x000000c6   Code   RO         4390    i.USBD_LL_DataInStage  usbd_core.o
    0x08002bde   0x08002bde   0x00000082   Code   RO         4391    i.USBD_LL_DataOutStage  usbd_core.o
    0x08002c60   0x08002c60   0x00000020   Code   RO         1164    i.USBD_LL_IsStallEP  usbd_conf.o
    0x08002c80   0x08002c80   0x00000018   Code   RO         1165    i.USBD_LL_OpenEP    usbd_conf.o
    0x08002c98   0x08002c98   0x00000012   Code   RO         1166    i.USBD_LL_PrepareReceive  usbd_conf.o
    0x08002caa   0x08002caa   0x00000050   Code   RO         4396    i.USBD_LL_Reset     usbd_core.o
    0x08002cfa   0x08002cfa   0x0000000c   Code   RO         4397    i.USBD_LL_Resume    usbd_core.o
    0x08002d06   0x08002d06   0x00000018   Code   RO         4398    i.USBD_LL_SOF       usbd_core.o
    0x08002d1e   0x08002d1e   0x00000006   Code   RO         4399    i.USBD_LL_SetSpeed  usbd_core.o
    0x08002d24   0x08002d24   0x00000012   Code   RO         1167    i.USBD_LL_SetUSBAddress  usbd_conf.o
    0x08002d36   0x08002d36   0x0000005a   Code   RO         4400    i.USBD_LL_SetupStage  usbd_core.o
    0x08002d90   0x08002d90   0x00000012   Code   RO         1168    i.USBD_LL_StallEP   usbd_conf.o
    0x08002da2   0x08002da2   0x00000012   Code   RO         4401    i.USBD_LL_Suspend   usbd_core.o
    0x08002db4   0x08002db4   0x00000012   Code   RO         1171    i.USBD_LL_Transmit  usbd_conf.o
    0x08002dc6   0x08002dc6   0x00000028   Code   RO         4528    i.USBD_ParseSetupRequest  usbd_ctlreq.o
    0x08002dee   0x08002dee   0x00000016   Code   RO         4404    i.USBD_SetClassConfig  usbd_core.o
    0x08002e04   0x08002e04   0x00000084   Code   RO         4529    i.USBD_SetConfig    usbd_ctlreq.o
    0x08002e88   0x08002e88   0x00000112   Code   RO         4530    i.USBD_StdDevReq    usbd_ctlreq.o
    0x08002f9a   0x08002f9a   0x00000150   Code   RO         4531    i.USBD_StdEPReq     usbd_ctlreq.o
    0x080030ea   0x080030ea   0x0000004e   Code   RO         4532    i.USBD_StdItfReq    usbd_ctlreq.o
    0x08003138   0x08003138   0x00000258   Code   RO         1627    i.USB_ActivateEndpoint  stm32l1xx_ll_usb.o
    0x08003390   0x08003390   0x00000078   Code   RO         1636    i.USB_EPClearStall  stm32l1xx_ll_usb.o
    0x08003408   0x08003408   0x00000032   Code   RO         1637    i.USB_EPSetStall    stm32l1xx_ll_usb.o
    0x0800343a   0x0800343a   0x00000002   PAD
    0x0800343c   0x0800343c   0x0000060c   Code   RO         1638    i.USB_EPStartXfer   stm32l1xx_ll_usb.o
    0x08003a48   0x08003a48   0x0000002c   Code   RO          784    i.USB_FS_WKUP_IRQHandler  stm32l1xx_it.o
    0x08003a74   0x08003a74   0x0000000c   Code   RO          785    i.USB_LP_IRQHandler  stm32l1xx_it.o
    0x08003a80   0x08003a80   0x00000006   Code   RO         1640    i.USB_ReadInterrupts  stm32l1xx_ll_usb.o
    0x08003a86   0x08003a86   0x00000002   PAD
    0x08003a88   0x08003a88   0x0000002c   Code   RO         1641    i.USB_ReadPMA       stm32l1xx_ll_usb.o
    0x08003ab4   0x08003ab4   0x0000000c   Code   RO         1643    i.USB_SetDevAddress  stm32l1xx_ll_usb.o
    0x08003ac0   0x08003ac0   0x00000026   Code   RO         1645    i.USB_WritePMA      stm32l1xx_ll_usb.o
    0x08003ae6   0x08003ae6   0x00000002   Code   RO          786    i.UsageFault_Handler  stm32l1xx_it.o
    0x08003ae8   0x08003ae8   0x00000020   Code   RO         2754    i.__NVIC_SetPriority  stm32l1xx_hal_cortex.o
    0x08003b08   0x08003b08   0x00000054   Code   RO          519    i.main              main.o
    0x08003b5c   0x08003b5c   0x0000000c   Code   RO          931    i.power_SetNeedSleepFlag  system.o
    0x08003b68   0x08003b68   0x0000006e   Code   RO           15    i.ssd1306_DrawBitmap  ssd1306.o
    0x08003bd6   0x08003bd6   0x00000002   PAD
    0x08003bd8   0x08003bd8   0x00000030   Code   RO           17    i.ssd1306_DrawPixel  ssd1306.o
    0x08003c08   0x08003c08   0x00000044   Code   RO           18    i.ssd1306_DrawRectangle  ssd1306.o
    0x08003c4c   0x08003c4c   0x00000020   Code   RO           19    i.ssd1306_Fill      ssd1306.o
    0x08003c6c   0x08003c6c   0x0000000c   Code   RO           21    i.ssd1306_GetDisplayOn  ssd1306.o
    0x08003c78   0x08003c78   0x000000bc   Code   RO           23    i.ssd1306_Init      ssd1306.o
    0x08003d34   0x08003d34   0x0000007e   Code   RO           24    i.ssd1306_Line      ssd1306.o
    0x08003db2   0x08003db2   0x00000014   Code   RO           28    i.ssd1306_SetContrast  ssd1306.o
    0x08003dc6   0x08003dc6   0x00000002   PAD
    0x08003dc8   0x08003dc8   0x0000001c   Code   RO           30    i.ssd1306_SetDisplayOn  ssd1306.o
    0x08003de4   0x08003de4   0x0000004c   Code   RO           31    i.ssd1306_SetDisplayPower  ssd1306.o
    0x08003e30   0x08003e30   0x0000000c   Code   RO           32    i.ssd1306_SetNeedInitFlag  ssd1306.o
    0x08003e3c   0x08003e3c   0x00000038   Code   RO           33    i.ssd1306_UpdateScreen  ssd1306.o
    0x08003e74   0x08003e74   0x00000024   Code   RO           35    i.ssd1306_WriteCommand  ssd1306.o
    0x08003e98   0x08003e98   0x00000020   Code   RO           36    i.ssd1306_WriteData  ssd1306.o
    0x08003eb8   0x08003eb8   0x00000168   Data   RO          455    .constdata          user_interface.o
    0x08004020   0x08004020   0x00000019   Data   RO         4351    .constdata          system_stm32l1xx.o
    0x08004039   0x08004039   0x00000008   Data   RO         4352    .constdata          system_stm32l1xx.o
    0x08004041   0x08004041   0x00000003   PAD
    0x08004044   0x08004044   0x00000020   Data   RO         5091    Region$$Table       anon$$obj.o


    Execution Region RW_IRAM1 (Exec base: 0x20000000, Load base: 0x08004064, Size: 0x00000ec0, Max: 0x00008000, ABSOLUTE)

    Exec Addr    Load Addr    Size         Type   Attr      Idx    E Section Name        Object

    0x20000000   0x08004064   0x00000008   Data   RW           39    .data               ssd1306.o
    0x20000008   0x0800406c   0x0000000c   Data   RW          459    .data               user_interface.o
    0x20000014   0x08004078   0x00000004   Data   RW          520    .data               main.o
    0x20000018   0x0800407c   0x00000004   Data   RW          521    .data               main.o
    0x2000001c   0x08004080   0x00000004   Data   RW          522    .data               main.o
    0x20000020   0x08004084   0x00000001   Data   RW          932    .data               system.o
    0x20000021   0x08004085   0x00000003   PAD
    0x20000024   0x08004088   0x0000000c   Data   RW         1784    .data               stm32l1xx_hal.o
    0x20000030   0x08004094   0x00000004   Data   RW         4353    .data               system_stm32l1xx.o
    0x20000034   0x08004098   0x00000001   Data   RW         4533    .data               usbd_ctlreq.o
    0x20000035   0x08004099   0x00000003   PAD
    0x20000038        -       0x00000200   Zero   RW           38    .bss                ssd1306.o
    0x20000238        -       0x00000098   Zero   RW          681    .bss                i2c.o
    0x200002d0        -       0x00000080   Zero   RW          724    .bss                tim.o
    0x20000350        -       0x0000050c   Zero   RW         1174    .bss                usbd_conf.o
    0x2000085c        -       0x00000060   Zero   RW         4943    .bss                c_w.l(libspace.o)
    0x200008bc   0x08004099   0x00000004   PAD
    0x200008c0        -       0x00000200   Zero   RW            2    HEAP                startup_stm32l151xba.o
    0x20000ac0        -       0x00000400   Zero   RW            1    STACK               startup_stm32l151xba.o


==============================================================================

Image component sizes


      Code (inc. data)   RO Data    RW Data    ZI Data      Debug   Object Name

         0          0          0          0          0       2448   crypto.o
       312         18          0          0          0       1055   gpio.o
       220         36          0          0        152       1766   i2c.o
       204         12          0         12          0       2421   main.o
       844         52          0          8        512     366976   ssd1306.o
        64         26        244          0       1536        816   startup_stm32l151xba.o
       162         24          0         12          0       3913   stm32l1xx_hal.o
       198         14          0          0          0      30691   stm32l1xx_hal_cortex.o
       278          8          0          0          0       1976   stm32l1xx_hal_dma.o
       608         40          0          0          0       3498   stm32l1xx_hal_gpio.o
      1316         32          0          0          0       9275   stm32l1xx_hal_i2c.o
        60          4          0          0          0        890   stm32l1xx_hal_msp.o
      2516          0          0          0          0      10911   stm32l1xx_hal_pcd.o
      1728         98          0          0          0       5657   stm32l1xx_hal_rcc.o
       696         34          0          0          0       9133   stm32l1xx_hal_tim.o
       104         12          0          0          0       1228   stm32l1xx_hal_tim_ex.o
       466         72          0          0          0       8929   stm32l1xx_it.o
      2418          0          0          0          0      10835   stm32l1xx_ll_usb.o
        12          4          0          1          0       1061   system.o
         2          0         33          4          0       1191   system_stm32l1xx.o
       268         30          0          0        128       2227   tim.o
       312          6          0          0       1292      10400   usbd_conf.o
       594          0          0          0          0       7517   usbd_core.o
      1114         28          0          1          0       7087   usbd_ctlreq.o
       102          0          0          0          0       3708   usbd_ioreq.o
       588         34        360         12          0       7185   user_interface.o

    ----------------------------------------------------------------------
     15218        584        672         56       3620     512794   Object Totals
         0          0         32          0          0          0   (incl. Generated)
        32          0          3          6          0          0   (incl. Padding)

    ----------------------------------------------------------------------

      Code (inc. data)   RO Data    RW Data    ZI Data      Debug   Library Member Name

         8          0          0          0          0         68   __main.o
         0          0          0          0          0          0   __rtentry.o
        12          0          0          0          0          0   __rtentry2.o
         6          0          0          0          0          0   __rtentry4.o
        52          8          0          0          0          0   __scatter.o
        26          0          0          0          0          0   __scatter_copy.o
        28          0          0          0          0          0   __scatter_zi.o
        18          0          0          0          0         80   exit.o
         6          0          0          0          0        152   heapauxi.o
         0          0          0          0          0          0   indicate_semi.o
         2          0          0          0          0          0   libinit.o
         2          0          0          0          0          0   libinit2.o
         2          0          0          0          0          0   libshutdown.o
         2          0          0          0          0          0   libshutdown2.o
         8          4          0          0         96         68   libspace.o
       238          0          0          0          0        100   lludivv7m.o
        78          0          0          0          0         80   rt_memclr_w.o
         2          0          0          0          0          0   rtexit.o
        10          0          0          0          0          0   rtexit2.o
        12          4          0          0          0         68   sys_exit.o
        74          0          0          0          0         80   sys_stackheap_outer.o
         2          0          0          0          0         68   use_no_semi.o

    ----------------------------------------------------------------------
       594         16          0          0        100        764   Library Totals
         6          0          0          0          4          0   (incl. Padding)

    ----------------------------------------------------------------------

      Code (inc. data)   RO Data    RW Data    ZI Data      Debug   Library Name

       588         16          0          0         96        764   c_w.l

    ----------------------------------------------------------------------
       594         16          0          0        100        764   Library Totals

    ----------------------------------------------------------------------

==============================================================================


      Code (inc. data)   RO Data    RW Data    ZI Data      Debug   

     15812        600        672         56       3720     506066   Grand Totals
     15812        600        672         56       3720     506066   ELF Image Totals
     15812        600        672         56          0          0   ROM Totals

==============================================================================

    Total RO  Size (Code + RO Data)                16484 (  16.10kB)
    Total RW  Size (RW Data + ZI Data)              3776 (   3.69kB)
    Total ROM Size (Code + RO Data + RW Data)      16540 (  16.15kB)

==============================================================================

