Component: Arm Compiler for Embedded 6.18 Tool: armlink [5e4cc100]

==============================================================================

Section Cross References

    startup_stm32l151xba.o(STACK) refers (Special) to heapauxi.o(.text) for __use_two_region_memory
    startup_stm32l151xba.o(HEAP) refers (Special) to heapauxi.o(.text) for __use_two_region_memory
    startup_stm32l151xba.o(RESET) refers (Special) to heapauxi.o(.text) for __use_two_region_memory
    startup_stm32l151xba.o(RESET) refers to startup_stm32l151xba.o(STACK) for __initial_sp
    startup_stm32l151xba.o(RESET) refers to startup_stm32l151xba.o(.text) for Reset_Handler
    startup_stm32l151xba.o(RESET) refers to stm32l1xx_it.o(.text.NMI_Handler) for NMI_Handler
    startup_stm32l151xba.o(RESET) refers to stm32l1xx_it.o(.text.HardFault_Handler) for HardFault_Handler
    startup_stm32l151xba.o(RESET) refers to stm32l1xx_it.o(.text.MemManage_Handler) for MemManage_Handler
    startup_stm32l151xba.o(RESET) refers to stm32l1xx_it.o(.text.BusFault_Handler) for BusFault_Handler
    startup_stm32l151xba.o(RESET) refers to stm32l1xx_it.o(.text.UsageFault_Handler) for UsageFault_Handler
    startup_stm32l151xba.o(RESET) refers to stm32l1xx_it.o(.text.SVC_Handler) for SVC_Handler
    startup_stm32l151xba.o(RESET) refers to stm32l1xx_it.o(.text.DebugMon_Handler) for DebugMon_Handler
    startup_stm32l151xba.o(RESET) refers to stm32l1xx_it.o(.text.PendSV_Handler) for PendSV_Handler
    startup_stm32l151xba.o(RESET) refers to stm32l1xx_it.o(.text.SysTick_Handler) for SysTick_Handler
    startup_stm32l151xba.o(RESET) refers to stm32l1xx_it.o(.text.USB_LP_IRQHandler) for USB_LP_IRQHandler
    startup_stm32l151xba.o(RESET) refers to stm32l1xx_it.o(.text.EXTI9_5_IRQHandler) for EXTI9_5_IRQHandler
    startup_stm32l151xba.o(RESET) refers to stm32l1xx_it.o(.text.TIM6_IRQHandler) for TIM6_IRQHandler
    startup_stm32l151xba.o(RESET) refers to stm32l1xx_it.o(.text.TIM7_IRQHandler) for TIM7_IRQHandler
    startup_stm32l151xba.o(.text) refers (Special) to heapauxi.o(.text) for __use_two_region_memory
    startup_stm32l151xba.o(.text) refers to system_stm32l1xx.o(.text.SystemInit) for SystemInit
    startup_stm32l151xba.o(.text) refers to __main.o(!!!main) for __main
    startup_stm32l151xba.o(.text) refers to startup_stm32l151xba.o(HEAP) for Heap_Mem
    startup_stm32l151xba.o(.text) refers to startup_stm32l151xba.o(STACK) for Stack_Mem
    ssd1306.o(.text.ssd1306_Reset) refers to stm32l1xx_hal_gpio.o(.text.HAL_GPIO_WritePin) for HAL_GPIO_WritePin
    ssd1306.o(.text.ssd1306_Reset) refers to stm32l1xx_hal.o(.text.HAL_Delay) for HAL_Delay
    ssd1306.o(.ARM.exidx.text.ssd1306_Reset) refers to ssd1306.o(.text.ssd1306_Reset) for [Anonymous Symbol]
    ssd1306.o(.text.ssd1306_WriteCommand) refers to stm32l1xx_hal_gpio.o(.text.HAL_GPIO_WritePin) for HAL_GPIO_WritePin
    ssd1306.o(.text.ssd1306_WriteCommand) refers to spi.o(.bss.hspi2) for hspi2
    ssd1306.o(.text.ssd1306_WriteCommand) refers to stm32l1xx_hal_spi.o(.text.HAL_SPI_Transmit) for HAL_SPI_Transmit
    ssd1306.o(.ARM.exidx.text.ssd1306_WriteCommand) refers to ssd1306.o(.text.ssd1306_WriteCommand) for [Anonymous Symbol]
    ssd1306.o(.text.ssd1306_WriteData) refers to stm32l1xx_hal_gpio.o(.text.HAL_GPIO_WritePin) for HAL_GPIO_WritePin
    ssd1306.o(.text.ssd1306_WriteData) refers to spi.o(.bss.hspi2) for hspi2
    ssd1306.o(.text.ssd1306_WriteData) refers to stm32l1xx_hal_spi.o(.text.HAL_SPI_Transmit) for HAL_SPI_Transmit
    ssd1306.o(.ARM.exidx.text.ssd1306_WriteData) refers to ssd1306.o(.text.ssd1306_WriteData) for [Anonymous Symbol]
    ssd1306.o(.text.ssd1306_FillBuffer) refers to ssd1306.o(.bss.SSD1306_Buffer) for SSD1306_Buffer
    ssd1306.o(.text.ssd1306_FillBuffer) refers to rt_memcpy_v6.o(.text) for __aeabi_memcpy
    ssd1306.o(.ARM.exidx.text.ssd1306_FillBuffer) refers to ssd1306.o(.text.ssd1306_FillBuffer) for [Anonymous Symbol]
    ssd1306.o(.text.ssd1306_Init) refers to stm32l1xx_hal_gpio.o(.text.HAL_GPIO_WritePin) for HAL_GPIO_WritePin
    ssd1306.o(.text.ssd1306_Init) refers to stm32l1xx_hal.o(.text.HAL_Delay) for HAL_Delay
    ssd1306.o(.text.ssd1306_Init) refers to ssd1306.o(.bss..L_MergedGlobals) for .L_MergedGlobals
    ssd1306.o(.text.ssd1306_Init) refers to spi.o(.bss.hspi2) for hspi2
    ssd1306.o(.text.ssd1306_Init) refers to stm32l1xx_hal_spi.o(.text.HAL_SPI_Transmit) for HAL_SPI_Transmit
    ssd1306.o(.ARM.exidx.text.ssd1306_Init) refers to ssd1306.o(.text.ssd1306_Init) for [Anonymous Symbol]
    ssd1306.o(.text.ssd1306_SetDisplayOn) refers to ssd1306.o(.bss..L_MergedGlobals) for .L_MergedGlobals
    ssd1306.o(.text.ssd1306_SetDisplayOn) refers to stm32l1xx_hal_gpio.o(.text.HAL_GPIO_WritePin) for HAL_GPIO_WritePin
    ssd1306.o(.text.ssd1306_SetDisplayOn) refers to spi.o(.bss.hspi2) for hspi2
    ssd1306.o(.text.ssd1306_SetDisplayOn) refers to stm32l1xx_hal_spi.o(.text.HAL_SPI_Transmit) for HAL_SPI_Transmit
[...]
    .ARM.Collect$$libinit$$00000015          0x0800017a   Section        0  libinit2.o(.ARM.Collect$$libinit$$00000015)
    .ARM.Collect$$libinit$$00000017          0x0800017a   Section        0  libinit2.o(.ARM.Collect$$libinit$$00000017)
    .ARM.Collect$$libinit$$00000019          0x0800017a   Section        0  libinit2.o(.ARM.Collect$$libinit$$00000019)
    .ARM.Collect$$libinit$$0000001B          0x0800017a   Section        0  libinit2.o(.ARM.Collect$$libinit$$0000001B)
    .ARM.Collect$$libinit$$0000001D          0x0800017a   Section        0  libinit2.o(.ARM.Collect$$libinit$$0000001D)
    .ARM.Collect$$libinit$$0000001F          0x0800017a   Section        0  libinit2.o(.ARM.Collect$$libinit$$0000001F)
    .ARM.Collect$$libinit$$00000021          0x0800017a   Section        0  libinit2.o(.ARM.Collect$$libinit$$00000021)
    .ARM.Collect$$libinit$$00000023          0x0800017a   Section        0  libinit2.o(.ARM.Collect$$libinit$$00000023)
    .ARM.Collect$$libinit$$00000025          0x0800017a   Section        0  libinit2.o(.ARM.Collect$$libinit$$00000025)
    .ARM.Collect$$libinit$$00000027          0x0800017a   Section        0  libinit2.o(.ARM.Collect$$libinit$$00000027)
    .ARM.Collect$$libinit$$0000002E          0x0800017a   Section        0  libinit2.o(.ARM.Collect$$libinit$$0000002E)
    .ARM.Collect$$libinit$$00000030          0x0800017a   Section        0  libinit2.o(.ARM.Collect$$libinit$$00000030)
    .ARM.Collect$$libinit$$00000032          0x0800017a   Section        0  libinit2.o(.ARM.Collect$$libinit$$00000032)
    .ARM.Collect$$libinit$$00000034          0x0800017a   Section        0  libinit2.o(.ARM.Collect$$libinit$$00000034)
    .ARM.Collect$$libinit$$00000035          0x0800017a   Section        2  libinit2.o(.ARM.Collect$$libinit$$00000035)
    .ARM.Collect$$libshutdown$$00000000      0x0800017c   Section        2  libshutdown.o(.ARM.Collect$$libshutdown$$00000000)
    .ARM.Collect$$libshutdown$$00000002      0x0800017e   Section        0  libshutdown2.o(.ARM.Collect$$libshutdown$$00000002)
    .ARM.Collect$$libshutdown$$00000004      0x0800017e   Section        0  libshutdown2.o(.ARM.Collect$$libshutdown$$00000004)
    .ARM.Collect$$libshutdown$$00000007      0x0800017e   Section        0  libshutdown2.o(.ARM.Collect$$libshutdown$$00000007)
    .ARM.Collect$$libshutdown$$0000000A      0x0800017e   Section        0  libshutdown2.o(.ARM.Collect$$libshutdown$$0000000A)
    .ARM.Collect$$libshutdown$$0000000C      0x0800017e   Section        0  libshutdown2.o(.ARM.Collect$$libshutdown$$0000000C)
    .ARM.Collect$$libshutdown$$0000000F      0x0800017e   Section        0  libshutdown2.o(.ARM.Collect$$libshutdown$$0000000F)
    .ARM.Collect$$libshutdown$$00000010      0x0800017e   Section        2  libshutdown2.o(.ARM.Collect$$libshutdown$$00000010)
    .ARM.Collect$$rtentry$$00000000          0x08000180   Section        0  __rtentry.o(.ARM.Collect$$rtentry$$00000000)
    .ARM.Collect$$rtentry$$00000002          0x08000180   Section        0  __rtentry2.o(.ARM.Collect$$rtentry$$00000002)
    .ARM.Collect$$rtentry$$00000004          0x08000180   Section        6  __rtentry4.o(.ARM.Collect$$rtentry$$00000004)
    .ARM.Collect$$rtentry$$00000009          0x08000186   Section        0  __rtentry2.o(.ARM.Collect$$rtentry$$00000009)
    .ARM.Collect$$rtentry$$0000000A          0x08000186   Section        4  __rtentry2.o(.ARM.Collect$$rtentry$$0000000A)
    .ARM.Collect$$rtentry$$0000000C          0x0800018a   Section        0  __rtentry2.o(.ARM.Collect$$rtentry$$0000000C)
    .ARM.Collect$$rtentry$$0000000D          0x0800018a   Section        8  __rtentry2.o(.ARM.Collect$$rtentry$$0000000D)
    .ARM.Collect$$rtexit$$00000000           0x08000192   Section        2  rtexit.o(.ARM.Collect$$rtexit$$00000000)
    .ARM.Collect$$rtexit$$00000002           0x08000194   Section        0  rtexit2.o(.ARM.Collect$$rtexit$$00000002)
    .ARM.Collect$$rtexit$$00000003           0x08000194   Section        4  rtexit2.o(.ARM.Collect$$rtexit$$00000003)
    .ARM.Collect$$rtexit$$00000004           0x08000198   Section        6  rtexit2.o(.ARM.Collect$$rtexit$$00000004)
    .text                                    0x080001a0   Section       64  startup_stm32l151xba.o(.text)
    .text                                    0x080001e0   Section        0  _printf_str.o(.text)
    .text                                    0x08000234   Section        0  _printf_dec.o(.text)
    .text                                    0x080002ac   Section       16  aeabi_memset4.o(.text)
    .text                                    0x080002bc   Section       78  rt_memclr_w.o(.text)
    .text                                    0x0800030a   Section        0  heapauxi.o(.text)
    .text                                    0x08000310   Section        0  _printf_intcommon.o(.text)
    .text                                    0x080003c2   Section        0  _printf_char.o(.text)
    .text                                    0x080003f0   Section        8  libspace.o(.text)
    .text                                    0x080003f8   Section       74  sys_stackheap_outer.o(.text)
    .text                                    0x08000442   Section        0  exit.o(.text)
    .text                                    0x08000454   Section        0  sys_exit.o(.text)
    .text                                    0x08000460   Section        2  use_no_semi.o(.text)
    .text                                    0x08000462   Section        0  indicate_semi.o(.text)
    [Anonymous Symbol]                       0x08000464   Section        0  stm32l1xx_it.o(.text.BusFault_Handler)
    [Anonymous Symbol]                       0x08000468   Section        0  stm32l1xx_it.o(.text.DebugMon_Handler)
    [Anonymous Symbol]                       0x0800046c   Section        0  stm32l1xx_it.o(.text.EXTI9_5_IRQHandler)
    [Anonymous Symbol]                       0x08000498   Section        0  main.o(.text.Error_Handler)
    [Anonymous Symbol]                       0x080004a4   Section        0  stm32l1xx_hal.o(.text.HAL_Delay)
    [Anonymous Symbol]                       0x080004cc   Section        0  stm32l1xx_it.o(.text.HAL_GPIO_EXTI_Callback)
    [Anonymous Symbol]                       0x080004d0   Section        0  stm32l1xx_hal_gpio.o(.text.HAL_GPIO_EXTI_IRQHandler)
    [Anonymous Symbol]                       0x080004e8   Section        0  stm32l1xx_hal_gpio.o(.text.HAL_GPIO_Init)
    [Anonymous Symbol]                       0x080006c8   Section        0  stm32l1xx_hal_gpio.o(.text.HAL_GPIO_WritePin)
    [Anonymous Symbol]                       0x080006d4   Section        0  stm32l1xx_hal.o(.text.HAL_GetTick)
    [Anonymous Symbol]                       0x080006e0   Section        0  stm32l1xx_hal.o(.text.HAL_IncTick)
    [Anonymous Symbol]                       0x080006fc   Section        0  stm32l1xx_hal.o(.text.HAL_Init)
    [Anonymous Symbol]                       0x0800071c   Section        0  stm32l1xx_hal.o(.text.HAL_InitTick)
    [Anonymous Symbol]                       0x08000768   Section        0  stm32l1xx_hal_msp.o(.text.HAL_MspInit)
    [Anonymous Symbol]                       0x080007b4   Section        0  stm32l1xx_hal_cortex.o(.text.HAL_NVIC_EnableIRQ)
    [Anonymous Symbol]                       0x080007d4   Section        0  stm32l1xx_hal_cortex.o(.text.HAL_NVIC_SetPriority)
    [Anonymous Symbol]                       0x0800082c   Section        0  stm32l1xx_hal_cortex.o(.text.HAL_NVIC_SetPriorityGrouping)
    [Anonymous Symbol]                       0x0800084c   Section        0  stm32l1xx_hal_pcd_ex.o(.text.HAL_PCDEx_PMAConfig)
    [Anonymous Symbol]                       0x08000888   Section        0  usbd_conf.o(.text.HAL_PCD_DataInStageCallback)
    [Anonymous Symbol]                       0x0800089c   Section        0  usbd_conf.o(.text.HAL_PCD_DataOutStageCallback)
    [Anonymous Symbol]                       0x080008b4   Section        0  stm32l1xx_hal_pcd.o(.text.HAL_PCD_EP_ClrStall)
    [Anonymous Symbol]                       0x08000914   Section        0  stm32l1xx_hal_pcd.o(.text.HAL_PCD_EP_Open)
    [Anonymous Symbol]                       0x08000974   Section        0  stm32l1xx_hal_pcd.o(.text.HAL_PCD_EP_Receive)
    [Anonymous Symbol]                       0x080009a8   Section        0  stm32l1xx_hal_pcd.o(.text.HAL_PCD_EP_SetStall)
    [Anonymous Symbol]                       0x08000a0c   Section        0  stm32l1xx_hal_pcd.o(.text.HAL_PCD_EP_Transmit)
    [Anonymous Symbol]                       0x08000a44   Section        0  stm32l1xx_hal_pcd.o(.text.HAL_PCD_IRQHandler)
    [Anonymous Symbol]                       0x08001290   Section        0  stm32l1xx_hal_pcd.o(.text.HAL_PCD_Init)
    [Anonymous Symbol]                       0x08001348   Section        0  usbd_conf.o(.text.HAL_PCD_MspInit)
    [Anonymous Symbol]                       0x08001390   Section        0  usbd_conf.o(.text.HAL_PCD_ResetCallback)
    [Anonymous Symbol]                       0x080013b4   Section        0  usbd_conf.o(.text.HAL_PCD_ResumeCallback)
    [Anonymous Symbol]                       0x080013d0   Section        0  usbd_conf.o(.text.HAL_PCD_SOFCallback)
    [Anonymous Symbol]                       0x080013d8   Section        0  stm32l1xx_hal_pcd.o(.text.HAL_PCD_SetAddress)
    [Anonymous Symbol]                       0x08001400   Section        0  usbd_conf.o(.text.HAL_PCD_SetupStageCallback)
    [Anonymous Symbol]                       0x08001410   Section        0  usbd_conf.o(.text.HAL_PCD_SuspendCallback)
    [Anonymous Symbol]                       0x08001430   Section        0  stm32l1xx_hal_rcc.o(.text.HAL_RCC_ClockConfig)
    [Anonymous Symbol]                       0x08001638   Section        0  stm32l1xx_hal_rcc.o(.text.HAL_RCC_OscConfig)
    [Anonymous Symbol]                       0x08001ba8   Section        0  stm32l1xx_hal_spi.o(.text.HAL_SPI_Init)
    [Anonymous Symbol]                       0x08001c4c   Section        0  spi.o(.text.HAL_SPI_MspInit)
    [Anonymous Symbol]                       0x08001cfc   Section        0  stm32l1xx_hal_spi.o(.text.HAL_SPI_Transmit)
    [Anonymous Symbol]                       0x08001f54   Section        0  stm32l1xx_hal_cortex.o(.text.HAL_SYSTICK_Config)
    [Anonymous Symbol]                       0x08001f80   Section        0  stm32l1xx_hal_tim_ex.o(.text.HAL_TIMEx_MasterConfigSynchronization)
    [Anonymous Symbol]                       0x08001ffc   Section        0  stm32l1xx_hal_tim.o(.text.HAL_TIM_Base_Init)
    [Anonymous Symbol]                       0x080020dc   Section        0  tim.o(.text.HAL_TIM_Base_MspInit)
    [Anonymous Symbol]                       0x08002150   Section        0  stm32l1xx_hal_tim.o(.text.HAL_TIM_Base_Start_IT)
    [Anonymous Symbol]                       0x080021c0   Section        0  stm32l1xx_hal_tim.o(.text.HAL_TIM_Base_Stop)
    [Anonymous Symbol]                       0x080021ec   Section        0  stm32l1xx_hal_tim.o(.text.HAL_TIM_Base_Stop_IT)
    [Anonymous Symbol]                       0x08002220   Section        0  stm32l1xx_hal_tim.o(.text.HAL_TIM_IC_CaptureCallback)
    [Anonymous Symbol]                       0x08002224   Section        0  stm32l1xx_hal_tim.o(.text.HAL_TIM_IRQHandler)
    [Anonymous Symbol]                       0x08002358   Section        0  stm32l1xx_hal_tim.o(.text.HAL_TIM_OC_DelayElapsedCallback)
    [Anonymous Symbol]                       0x0800235c   Section        0  stm32l1xx_hal_tim.o(.text.HAL_TIM_OnePulse_Init)
    [Anonymous Symbol]                       0x0800243c   Section        0  stm32l1xx_hal_tim.o(.text.HAL_TIM_OnePulse_MspInit)
    [Anonymous Symbol]                       0x08002440   Section        0  stm32l1xx_hal_tim.o(.text.HAL_TIM_PWM_PulseFinishedCallback)
    [Anonymous Symbol]                       0x08002444   Section        0  stm32l1xx_hal_tim.o(.text.HAL_TIM_PeriodElapsedCallback)
    [Anonymous Symbol]                       0x08002448   Section        0  stm32l1xx_hal_tim.o(.text.HAL_TIM_TriggerCallback)
    [Anonymous Symbol]                       0x0800244c   Section        0  stm32l1xx_it.o(.text.HardFault_Handler)
    [Anonymous Symbol]                       0x08002450   Section        0  gpio.o(.text.MX_GPIO_Init)
    [Anonymous Symbol]                       0x0800257c   Section        0  spi.o(.text.MX_SPI1_Init)
    [Anonymous Symbol]                       0x080025c4   Section        0  spi.o(.text.MX_SPI2_Init)
    [Anonymous Symbol]                       0x08002610   Section        0  tim.o(.text.MX_TIM6_Init)
    [Anonymous Symbol]                       0x08002678   Section        0  tim.o(.text.MX_TIM7_Init)
    [Anonymous Symbol]                       0x080026e0   Section        0  stm32l1xx_it.o(.text.MemManage_Handler)
    [Anonymous Symbol]                       0x080026e4   Section        0  stm32l1xx_it.o(.text.NMI_Handler)
    [Anonymous Symbol]                       0x080026e8   Section        0  stm32l1xx_it.o(.text.PendSV_Handler)
    SPI_WaitFlagStateUntilTimeout            0x080026ed   Thumb Code   228  stm32l1xx_hal_spi.o(.text.SPI_WaitFlagStateUntilTimeout)
    [Anonymous Symbol]                       0x080026ec   Section        0  stm32l1xx_hal_spi.o(.text.SPI_WaitFlagStateUntilTimeout)
    [Anonymous Symbol]                       0x080027d0   Section        0  stm32l1xx_it.o(.text.SVC_Handler)
    [Anonymous Symbol]                       0x080027d4   Section        0  stm32l1xx_it.o(.text.SysTick_Handler)
    [Anonymous Symbol]                       0x080027d8   Section        0  system_stm32l1xx.o(.text.SystemInit)
    [Anonymous Symbol]                       0x080027dc   Section        0  stm32l1xx_it.o(.text.TIM6_IRQHandler)
    [Anonymous Symbol]                       0x08002820   Section        0  stm32l1xx_it.o(.text.TIM7_IRQHandler)
    [Anonymous Symbol]                       0x08002840   Section        0  usbd_core.o(.text.USBD_ClrClassConfig)
    [Anonymous Symbol]                       0x08002850   Section        0  usbd_ioreq.o(.text.USBD_CtlContinueRx)
    [Anonymous Symbol]                       0x08002860   Section        0  usbd_ioreq.o(.text.USBD_CtlContinueSendData)
    [Anonymous Symbol]                       0x08002870   Section        0  usbd_ioreq.o(.text.USBD_CtlReceiveStatus)
    [Anonymous Symbol]                       0x08002888   Section        0  usbd_ioreq.o(.text.USBD_CtlSendData)
    [Anonymous Symbol]                       0x080028a4   Section        0  usbd_ioreq.o(.text.USBD_CtlSendStatus)
    [Anonymous Symbol]                       0x080028bc   Section        0  usbd_desc.o(.text.USBD_FS_ConfigStrDescriptor)
    [Anonymous Symbol]                       0x080028e0   Section        0  usbd_desc.o(.text.USBD_FS_DeviceDescriptor)
    [Anonymous Symbol]                       0x080028f0   Section        0  usbd_desc.o(.text.USBD_FS_InterfaceStrDescriptor)
    [Anonymous Symbol]                       0x08002918   Section        0  usbd_desc.o(.text.USBD_FS_LangIDStrDescriptor)
    [Anonymous Symbol]                       0x08002928   Section        0  usbd_desc.o(.text.USBD_FS_ManufacturerStrDescriptor)
    [Anonymous Symbol]                       0x08002948   Section        0  usbd_desc.o(.text.USBD_FS_ProductStrDescriptor)
    [Anonymous Symbol]                       0x08002970   Section        0  usbd_desc.o(.text.USBD_FS_SerialStrDescriptor)
    [Anonymous Symbol]                       0x08002adc   Section        0  usbd_ctlreq.o(.text.USBD_GetString)
    [Anonymous Symbol]                       0x08002bb8   Section        0  usbd_core.o(.text.USBD_Init)
    [Anonymous Symbol]                       0x08002be8   Section        0  usbd_conf.o(.text.USBD_LL_ClearStallEP)
    [Anonymous Symbol]                       0x08002c0c   Section        0  usbd_core.o(.text.USBD_LL_DataInStage)
    [Anonymous Symbol]                       0x08002cd8   Section        0  usbd_core.o(.text.USBD_LL_DataOutStage)
    [Anonymous Symbol]                       0x08002d64   Section        0  usbd_conf.o(.text.USBD_LL_Init)
    [Anonymous Symbol]                       0x08002dec   Section        0  usbd_conf.o(.text.USBD_LL_IsStallEP)
    [Anonymous Symbol]                       0x08002e0c   Section        0  usbd_conf.o(.text.USBD_LL_OpenEP)
    [Anonymous Symbol]                       0x08002e34   Section        0  usbd_conf.o(.text.USBD_LL_PrepareReceive)
    [Anonymous Symbol]                       0x08002e58   Section        0  usbd_core.o(.text.USBD_LL_Reset)
    [Anonymous Symbol]                       0x08002eac   Section        0  usbd_core.o(.text.USBD_LL_Resume)
    [Anonymous Symbol]                       0x08002ebc   Section        0  usbd_core.o(.text.USBD_LL_SOF)
    [Anonymous Symbol]                       0x08002ed8   Section        0  usbd_core.o(.text.USBD_LL_SetSpeed)
    [Anonymous Symbol]                       0x08002ee0   Section        0  usbd_conf.o(.text.USBD_LL_SetUSBAddress)
    [Anonymous Symbol]                       0x08002f04   Section        0  usbd_core.o(.text.USBD_LL_SetupStage)
    [Anonymous Symbol]                       0x08002f68   Section        0  usbd_conf.o(.text.USBD_LL_StallEP)
    [Anonymous Symbol]                       0x08002f8c   Section        0  usbd_core.o(.text.USBD_LL_Suspend)
    [Anonymous Symbol]                       0x08002fa0   Section        0  usbd_conf.o(.text.USBD_LL_Transmit)
    [Anonymous Symbol]                       0x08002fc4   Section        0  usbd_ctlreq.o(.text.USBD_ParseSetupRequest)
    [Anonymous Symbol]                       0x08002fdc   Section        0  usbd_core.o(.text.USBD_SetClassConfig)
    [Anonymous Symbol]                       0x08002ff8   Section        0  usbd_ctlreq.o(.text.USBD_StdDevReq)
    [Anonymous Symbol]                       0x080032ac   Section        0  usbd_ctlreq.o(.text.USBD_StdEPReq)
    [Anonymous Symbol]                       0x080033f8   Section        0  usbd_ctlreq.o(.text.USBD_StdItfReq)
    [Anonymous Symbol]                       0x08003470   Section        0  stm32l1xx_ll_usb.o(.text.USB_ActivateEndpoint)
    [Anonymous Symbol]                       0x08003690   Section        0  stm32l1xx_ll_usb.o(.text.USB_DevInit)
    [Anonymous Symbol]                       0x080036ac   Section        0  stm32l1xx_ll_usb.o(.text.USB_DisableGlobalInt)
    [Anonymous Symbol]                       0x080036c0   Section        0  stm32l1xx_ll_usb.o(.text.USB_EPClearStall)
    [Anonymous Symbol]                       0x0800373c   Section        0  stm32l1xx_ll_usb.o(.text.USB_EPSetStall)
    [Anonymous Symbol]                       0x08003770   Section        0  stm32l1xx_ll_usb.o(.text.USB_EPStartXfer)
    [Anonymous Symbol]                       0x080040a8   Section        0  stm32l1xx_it.o(.text.USB_LP_IRQHandler)
    [Anonymous Symbol]                       0x080040b4   Section        0  stm32l1xx_ll_usb.o(.text.USB_ReadInterrupts)
    [Anonymous Symbol]                       0x080040bc   Section        0  stm32l1xx_ll_usb.o(.text.USB_ReadPMA)
    [Anonymous Symbol]                       0x0800415c   Section        0  stm32l1xx_ll_usb.o(.text.USB_SetDevAddress)
    [Anonymous Symbol]                       0x0800416c   Section        0  stm32l1xx_ll_usb.o(.text.USB_WritePMA)
    [Anonymous Symbol]                       0x080041f4   Section        0  stm32l1xx_it.o(.text.UsageFault_Handler)
    [Anonymous Symbol]                       0x080041f8   Section        0  main.o(.text.main)
    [Anonymous Symbol]                       0x080042ec   Section        0  system.o(.text.power_SetNeedSleepFlag)
    [Anonymous Symbol]                       0x080042fc   Section        0  user_interface.o(.text.setPushedButton)
    [Anonymous Symbol]                       0x080043a0   Section        0  ssd1306.o(.text.ssd1306_Fill)
    [Anonymous Symbol]                       0x080043bc   Section        0  ssd1306.o(.text.ssd1306_GetDisplayOn)
    [Anonymous Symbol]                       0x080043c8   Section        0  ssd1306.o(.text.ssd1306_Init)
    [Anonymous Symbol]                       0x080047dc   Section        0  ssd1306.o(.text.ssd1306_SetNeedInitFlag)
    [Anonymous Symbol]                       0x080047ec   Section        0  ssd1306.o(.text.ssd1306_UpdateScreen)
    .L_MergedGlobals                         0x20000000   Data          24  user_interface.o(.data..L_MergedGlobals)
    [Anonymous Symbol]                       0x20000000   Section        0  user_interface.o(.data..L_MergedGlobals)
    menu_main.menuPosition                   0x20000002   Data           1  user_interface.o(.data..L_MergedGlobals)
    menu_main.menuPositionOld                0x20000003   Data           1  user_interface.o(.data..L_MergedGlobals)
    menu_main.menuPositionTarget             0x20000004   Data           1  user_interface.o(.data..L_MergedGlobals)
    .L_MergedGlobals                         0x20000018   Data           8  stm32l1xx_hal.o(.data..L_MergedGlobals)
    [Anonymous Symbol]                       0x20000018   Section        0  stm32l1xx_hal.o(.data..L_MergedGlobals)
    .bss                                     0x20000078   Section       96  libspace.o(.bss)
    .L_MergedGlobals                         0x200000d8   Data           8  ssd1306.o(.bss..L_MergedGlobals)
    SSD1306.3                                0x200000d8   Data           1  ssd1306.o(.bss..L_MergedGlobals)
    [Anonymous Symbol]                       0x200000d8   Section        0  ssd1306.o(.bss..L_MergedGlobals)
    SSD1306.4                                0x200000da   Data           1  ssd1306.o(.bss..L_MergedGlobals)
    SSD1306.0                                0x200000dc   Data           2  ssd1306.o(.bss..L_MergedGlobals)
    SSD1306.1                                0x200000de   Data           2  ssd1306.o(.bss..L_MergedGlobals)
    .L_MergedGlobals.10                      0x200000e0   Data          15  user_interface.o(.bss..L_MergedGlobals.10)
    [Anonymous Symbol]                       0x200000e0   Section        0  user_interface.o(.bss..L_MergedGlobals.10)
    menu_main.animationPoint                 0x200000e5   Data           1  user_interface.o(.bss..L_MergedGlobals.10)
    menu_main.animationPointTarget           0x200000e6   Data           1  user_interface.o(.bss..L_MergedGlobals.10)
    menu_login.j                             0x200000e7   Data           1  user_interface.o(.bss..L_MergedGlobals.10)
    menu_passwords.currentTabPass            0x200000e8   Data           1  user_interface.o(.bss..L_MergedGlobals.10)
    menu_login.pass                          0x200000e9   Data           6  user_interface.o(.bss..L_MergedGlobals.10)
    SSD1306_Buffer                           0x200000f0   Data         128  ssd1306.o(.bss.SSD1306_Buffer)
    [Anonymous Symbol]                       0x200000f0   Section        0  ssd1306.o(.bss.SSD1306_Buffer)
    USBD_SetConfig.cfgidx                    0x20000170   Data           1  usbd_ctlreq.o(.bss.USBD_SetConfig.cfgidx)
    [Anonymous Symbol]                       0x20000170   Section        0  usbd_ctlreq.o(.bss.USBD_SetConfig.cfgidx)
    Heap_Mem                                 0x20000a38   Data         512  startup_stm32l151xba.o(HEAP)
    HEAP                                     0x20000a38   Section      512  startup_stm32l151xba.o(HEAP)
    Stack_Mem                                0x20000c38   Data        1024  startup_stm32l151xba.o(STACK)
    STACK                                    0x20000c38   Section     1024  startup_stm32l151xba.o(STACK)
    __initial_sp                             0x20001038   Data           0  startup_stm32l151xba.o(STACK)

    Global Symbols

    Symbol Name                              Value     Ov Type        Size  Object(Section)

    BuildAttributes$$THM_ISAv4$P$D$K$B$S$PE$A:L22UL41UL21$X:L11$S22US41US21$IEEE1$IW$~IW$USESV6$~STKCKD$USESV7$~SHL$OTIME$ROPI$IEEEX$EBA8$UX$STANDARDLIB$REQ8$PRES8$EABIv2 0x00000000   Number         0  anon$$obj.o ABSOLUTE
    __fp_init_empty                          0x00000000   Number         0  fpinit_empty.o ABSOLUTE
    __ARM_exceptions_init                     - Undefined Weak Reference
    __alloca_initialize                       - Undefined Weak Reference
    __arm_preinit_                            - Undefined Weak Reference
    __arm_relocate_pie_                       - Undefined Weak Reference
    __cpp_initialize__aeabi_                  - Undefined Weak Reference
    __cxa_finalize                            - Undefined Weak Reference
    __sigvec_lookup                           - Undefined Weak Reference
    _atexit_init                              - Undefined Weak Reference
    _call_atexit_fns                          - Undefined Weak Reference
    _clock_init                               - Undefined Weak Reference
    _fp_trap_init                             - Undefined Weak Reference
    _fp_trap_shutdown                         - Undefined Weak Reference
    _get_lc_collate                           - Undefined Weak Reference
    _get_lc_monetary                          - Undefined Weak Reference
    _get_lc_numeric                           - Undefined Weak Reference
    _get_lc_time                              - Undefined Weak Reference
    _getenv_init                              - Undefined Weak Reference
    _handle_redirection                       - Undefined Weak Reference
    _init_alloc                               - Undefined Weak Reference
    _init_user_alloc                          - Undefined Weak Reference
    _initio                                   - Undefined Weak Reference
    _printf_mbtowc                            - Undefined Weak Reference
    _printf_post_padding                      - Undefined Weak Reference
    _printf_pre_padding                       - Undefined Weak Reference
    _printf_truncate_signed                   - Undefined Weak Reference
    _printf_truncate_unsigned                 - Undefined Weak Reference
    _rand_init                                - Undefined Weak Reference
    _scanf_longlong                           - Undefined Weak Reference
    _scanf_mbtowc                             - Undefined Weak Reference
    _scanf_real                               - Undefined Weak Reference
    _scanf_wctomb                             - Undefined Weak Reference
    _scanf_wstring                            - Undefined Weak Reference
    _signal_finish                            - Undefined Weak Reference
    _signal_init                              - Undefined Weak Reference
    _terminate_alloc                          - Undefined Weak Reference
    _terminate_user_alloc                     - Undefined Weak Reference
    _terminateio                              - Undefined Weak Reference
    __Vectors_Size                           0x000000f4   Number         0  startup_stm32l151xba.o ABSOLUTE
    __Vectors                                0x08000000   Data           4  startup_stm32l151xba.o(RESET)
    __Vectors_End                            0x080000f4   Data           0  startup_stm32l151xba.o(RESET)
    __main                                   0x080000f5   Thumb Code     8  __main.o(!!!main)
    __scatterload                            0x080000fd   Thumb Code     0  __scatter.o(!!!scatter)
    __scatterload_rt2                        0x080000fd   Thumb Code    44  __scatter.o(!!!scatter)
    __scatterload_rt2_thumb_only             0x080000fd   Thumb Code     0  __scatter.o(!!!scatter)
    __scatterload_null                       0x0800010b   Thumb Code     0  __scatter.o(!!!scatter)
    __scatterload_copy                       0x08000131   Thumb Code    26  __scatter_copy.o(!!handler_copy)
    __scatterload_zeroinit                   0x0800014d   Thumb Code    28  __scatter_zi.o(!!handler_zi)
    _printf_d                                0x08000169   Thumb Code     0  _printf_d.o(.ARM.Collect$$_printf_percent$$00000009)
    _printf_percent                          0x08000169   Thumb Code     0  _printf_percent.o(.ARM.Collect$$_printf_percent$$00000000)
    _printf_s                                0x0800016f   Thumb Code     0  _printf_s.o(.ARM.Collect$$_printf_percent$$00000014)
    _printf_percent_end                      0x08000175   Thumb Code     0  _printf_percent_end.o(.ARM.Collect$$_printf_percent$$00000017)
    __rt_lib_init                            0x08000179   Thumb Code     0  libinit.o(.ARM.Collect$$libinit$$00000000)
    __rt_lib_init_alloca_1                   0x0800017b   Thumb Code     0  libinit2.o(.ARM.Collect$$libinit$$00000030)
    __rt_lib_init_argv_1                     0x0800017b   Thumb Code     0  libinit2.o(.ARM.Collect$$libinit$$0000002E)
    __rt_lib_init_atexit_1                   0x0800017b   Thumb Code     0  libinit2.o(.ARM.Collect$$libinit$$0000001D)
    __rt_lib_init_clock_1                    0x0800017b   Thumb Code     0  libinit2.o(.ARM.Collect$$libinit$$00000023)
    __rt_lib_init_cpp_1                      0x0800017b   Thumb Code     0  libinit2.o(.ARM.Collect$$libinit$$00000034)
    __rt_lib_init_exceptions_1               0x0800017b   Thumb Code     0  libinit2.o(.ARM.Collect$$libinit$$00000032)
    __rt_lib_init_fp_1                       0x0800017b   Thumb Code     0  libinit2.o(.ARM.Collect$$libinit$$00000002)
    __rt_lib_init_fp_trap_1                  0x0800017b   Thumb Code     0  libinit2.o(.ARM.Collect$$libinit$$00000021)
    __rt_lib_init_getenv_1                   0x0800017b   Thumb Code     0  libinit2.o(.ARM.Collect$$libinit$$00000025)
    __rt_lib_init_heap_1                     0x0800017b   Thumb Code     0  libinit2.o(.ARM.Collect$$libinit$$0000000C)
    __rt_lib_init_lc_collate_1               0x0800017b   Thumb Code     0  libinit2.o(.ARM.Collect$$libinit$$00000013)
    __rt_lib_init_lc_ctype_1                 0x0800017b   Thumb Code     0  libinit2.o(.ARM.Collect$$libinit$$00000015)
    __rt_lib_init_lc_monetary_1              0x0800017b   Thumb Code     0  libinit2.o(.ARM.Collect$$libinit$$00000017)
    __rt_lib_init_lc_numeric_1               0x0800017b   Thumb Code     0  libinit2.o(.ARM.Collect$$libinit$$00000019)
    __rt_lib_init_lc_time_1                  0x0800017b   Thumb Code     0  libinit2.o(.ARM.Collect$$libinit$$0000001B)
    __rt_lib_init_preinit_1                  0x0800017b   Thumb Code     0  libinit2.o(.ARM.Collect$$libinit$$00000006)
    __rt_lib_init_rand_1                     0x0800017b   Thumb Code     0  libinit2.o(.ARM.Collect$$libinit$$00000010)
    __rt_lib_init_relocate_pie_1             0x0800017b   Thumb Code     0  libinit2.o(.ARM.Collect$$libinit$$00000004)
    __rt_lib_init_return                     0x0800017b   Thumb Code     0  libinit2.o(.ARM.Collect$$libinit$$00000035)
    __rt_lib_init_signal_1                   0x0800017b   Thumb Code     0  libinit2.o(.ARM.Collect$$libinit$$0000001F)
    __rt_lib_init_stdio_1                    0x0800017b   Thumb Code     0  libinit2.o(.ARM.Collect$$libinit$$00000027)
    __rt_lib_init_user_alloc_1               0x0800017b   Thumb Code     0  libinit2.o(.ARM.Collect$$libinit$$0000000E)
    __rt_lib_shutdown                        0x0800017d   Thumb Code     0  libshutdown.o(.ARM.Collect$$libshutdown$$00000000)
    __rt_lib_shutdown_cpp_1                  0x0800017f   Thumb Code     0  libshutdown2.o(.ARM.Collect$$libshutdown$$00000002)
    __rt_lib_shutdown_fp_trap_1              0x0800017f   Thumb Code     0  libshutdown2.o(.ARM.Collect$$libshutdown$$00000007)
    __rt_lib_shutdown_heap_1                 0x0800017f   Thumb Code     0  libshutdown2.o(.ARM.Collect$$libshutdown$$0000000F)
    __rt_lib_shutdown_return                 0x0800017f   Thumb Code     0  libshutdown2.o(.ARM.Collect$$libshutdown$$00000010)
    __rt_lib_shutdown_signal_1               0x0800017f   Thumb Code     0  libshutdown2.o(.ARM.Collect$$libshutdown$$0000000A)
    __rt_lib_shutdown_stdio_1                0x0800017f   Thumb Code     0  libshutdown2.o(.ARM.Collect$$libshutdown$$00000004)
    __rt_lib_shutdown_user_alloc_1           0x0800017f   Thumb Code     0  libshutdown2.o(.ARM.Collect$$libshutdown$$0000000C)
    __rt_entry                               0x08000181   Thumb Code     0  __rtentry.o(.ARM.Collect$$rtentry$$00000000)
    __rt_entry_presh_1                       0x08000181   Thumb Code     0  __rtentry2.o(.ARM.Collect$$rtentry$$00000002)
    __rt_entry_sh                            0x08000181   Thumb Code     0  __rtentry4.o(.ARM.Collect$$rtentry$$00000004)
    __rt_entry_li                            0x08000187   Thumb Code     0  __rtentry2.o(.ARM.Collect$$rtentry$$0000000A)
    __rt_entry_postsh_1                      0x08000187   Thumb Code     0  __rtentry2.o(.ARM.Collect$$rtentry$$00000009)
    __rt_entry_main                          0x0800018b   Thumb Code     0  __rtentry2.o(.ARM.Collect$$rtentry$$0000000D)
    __rt_entry_postli_1                      0x0800018b   Thumb Code     0  __rtentry2.o(.ARM.Collect$$rtentry$$0000000C)
    __rt_exit                                0x08000193   Thumb Code     0  rtexit.o(.ARM.Collect$$rtexit$$00000000)
    __rt_exit_ls                             0x08000195   Thumb Code     0  rtexit2.o(.ARM.Collect$$rtexit$$00000003)
    __rt_exit_prels_1                        0x08000195   Thumb Code     0  rtexit2.o(.ARM.Collect$$rtexit$$00000002)
    __rt_exit_exit                           0x08000199   Thumb Code     0  rtexit2.o(.ARM.Collect$$rtexit$$00000004)
    Reset_Handler                            0x080001a1   Thumb Code     8  startup_stm32l151xba.o(.text)
    ADC1_IRQHandler                          0x080001bb   Thumb Code     0  startup_stm32l151xba.o(.text)
    COMP_IRQHandler                          0x080001bb   Thumb Code     0  startup_stm32l151xba.o(.text)
    DAC_IRQHandler                           0x080001bb   Thumb Code     0  startup_stm32l151xba.o(.text)
    DMA1_Channel1_IRQHandler                 0x080001bb   Thumb Code     0  startup_stm32l151xba.o(.text)
    DMA1_Channel2_IRQHandler                 0x080001bb   Thumb Code     0  startup_stm32l151xba.o(.text)
    DMA1_Channel3_IRQHandler                 0x080001bb   Thumb Code     0  startup_stm32l151xba.o(.text)
    DMA1_Channel4_IRQHandler                 0x080001bb   Thumb Code     0  startup_stm32l151xba.o(.text)
    DMA1_Channel5_IRQHandler                 0x080001bb   Thumb Code     0  startup_stm32l151xba.o(.text)
    DMA1_Channel6_IRQHandler                 0x080001bb   Thumb Code     0  startup_stm32l151xba.o(.text)
    DMA1_Channel7_IRQHandler                 0x080001bb   Thumb Code     0  startup_stm32l151xba.o(.text)
    EXTI0_IRQHandler                         0x080001bb   Thumb Code     0  startup_stm32l151xba.o(.text)
    EXTI15_10_IRQHandler                     0x080001bb   Thumb Code     0  startup_stm32l151xba.o(.text)
    EXTI1_IRQHandler                         0x080001bb   Thumb Code     0  startup_stm32l151xba.o(.text)
    EXTI2_IRQHandler                         0x080001bb   Thumb Code     0  startup_stm32l151xba.o(.text)
    EXTI3_IRQHandler                         0x080001bb   Thumb Code     0  startup_stm32l151xba.o(.text)
    EXTI4_IRQHandler                         0x080001bb   Thumb Code     0  startup_stm32l151xba.o(.text)
    FLASH_IRQHandler                         0x080001bb   Thumb Code     0  startup_stm32l151xba.o(.text)
    I2C1_ER_IRQHandler                       0x080001bb   Thumb Code     0  startup_stm32l151xba.o(.text)
    I2C1_EV_IRQHandler                       0x080001bb   Thumb Code     0  startup_stm32l151xba.o(.text)
    I2C2_ER_IRQHandler                       0x080001bb   Thumb Code     0  startup_stm32l151xba.o(.text)
    I2C2_EV_IRQHandler                       0x080001bb   Thumb Code     0  startup_stm32l151xba.o(.text)
    PVD_IRQHandler                           0x080001bb   Thumb Code     0  startup_stm32l151xba.o(.text)
    RCC_IRQHandler                           0x080001bb   Thumb Code     0  startup_stm32l151xba.o(.text)
    RTC_Alarm_IRQHandler                     0x080001bb   Thumb Code     0  startup_stm32l151xba.o(.text)
    RTC_WKUP_IRQHandler                      0x080001bb   Thumb Code     0  startup_stm32l151xba.o(.text)
    SPI1_IRQHandler                          0x080001bb   Thumb Code     0  startup_stm32l151xba.o(.text)
    SPI2_IRQHandler                          0x080001bb   Thumb Code     0  startup_stm32l151xba.o(.text)
    TAMPER_STAMP_IRQHandler                  0x080001bb   Thumb Code     0  startup_stm32l151xba.o(.text)
    TIM10_IRQHandler                         0x080001bb   Thumb Code     0  startup_stm32l151xba.o(.text)
    TIM11_IRQHandler                         0x080001bb   Thumb Code     0  startup_stm32l151xba.o(.text)
    TIM2_IRQHandler                          0x080001bb   Thumb Code     0  startup_stm32l151xba.o(.text)
    TIM3_IRQHandler                          0x080001bb   Thumb Code     0  startup_stm32l151xba.o(.text)
    TIM4_IRQHandler                          0x080001bb   Thumb Code     0  startup_stm32l151xba.o(.text)
    TIM9_IRQHandler                          0x080001bb   Thumb Code     0  startup_stm32l151xba.o(.text)
    USART1_IRQHandler                        0x080001bb   Thumb Code     0  startup_stm32l151xba.o(.text)
    USART2_IRQHandler                        0x080001bb   Thumb Code     0  startup_stm32l151xba.o(.text)
    USART3_IRQHandler                        0x080001bb   Thumb Code     0  startup_stm32l151xba.o(.text)
    USB_FS_WKUP_IRQHandler                   0x080001bb   Thumb Code     0  startup_stm32l151xba.o(.text)
    USB_HP_IRQHandler                        0x080001bb   Thumb Code     0  startup_stm32l151xba.o(.text)
    WWDG_IRQHandler                          0x080001bb   Thumb Code     0  startup_stm32l151xba.o(.text)
    __user_initial_stackheap                 0x080001bd   Thumb Code     0  startup_stm32l151xba.o(.text)
    _printf_str                              0x080001e1   Thumb Code    82  _printf_str.o(.text)
    _printf_int_dec                          0x08000235   Thumb Code   104  _printf_dec.o(.text)
    __aeabi_memset4                          0x080002ad   Thumb Code    16  aeabi_memset4.o(.text)
    __aeabi_memset8                          0x080002ad   Thumb Code     0  aeabi_memset4.o(.text)
    __aeabi_memclr4                          0x080002bd   Thumb Code     0  rt_memclr_w.o(.text)
    __aeabi_memclr8                          0x080002bd   Thumb Code     0  rt_memclr_w.o(.text)
    __rt_memclr_w                            0x080002bd   Thumb Code     0  rt_memclr_w.o(.text)
    _memset_w                                0x080002c1   Thumb Code    74  rt_memclr_w.o(.text)
    __use_two_region_memory                  0x0800030b   Thumb Code     2  heapauxi.o(.text)
    __rt_heap_escrow$2region                 0x0800030d   Thumb Code     2  heapauxi.o(.text)
    __rt_heap_expand$2region                 0x0800030f   Thumb Code     2  heapauxi.o(.text)
    _printf_int_common                       0x08000311   Thumb Code   178  _printf_intcommon.o(.text)
    _printf_cs_common                        0x080003c3   Thumb Code    20  _printf_char.o(.text)
    _printf_char                             0x080003d7   Thumb Code    16  _printf_char.o(.text)
    _printf_string                           0x080003e7   Thumb Code     8  _printf_char.o(.text)
    __user_libspace                          0x080003f1   Thumb Code     8  libspace.o(.text)
    __user_perproc_libspace                  0x080003f1   Thumb Code     0  libspace.o(.text)
    __user_perthread_libspace                0x080003f1   Thumb Code     0  libspace.o(.text)
    __user_setup_stackheap                   0x080003f9   Thumb Code    74  sys_stackheap_outer.o(.text)
    exit                                     0x08000443   Thumb Code    18  exit.o(.text)
    _sys_exit                                0x08000455   Thumb Code     8  sys_exit.o(.text)
    __I$use$semihosting                      0x08000461   Thumb Code     0  use_no_semi.o(.text)
    __use_no_semihosting_swi                 0x08000461   Thumb Code     2  use_no_semi.o(.text)
    __semihosting_library_function           0x08000463   Thumb Code     0  indicate_semi.o(.text)
    BusFault_Handler                         0x08000465   Thumb Code     2  stm32l1xx_it.o(.text.BusFault_Handler)
    DebugMon_Handler                         0x08000469   Thumb Code     2  stm32l1xx_it.o(.text.DebugMon_Handler)
    EXTI9_5_IRQHandler                       0x0800046d   Thumb Code    44  stm32l1xx_it.o(.text.EXTI9_5_IRQHandler)
    Error_Handler                            0x08000499   Thumb Code    10  main.o(.text.Error_Handler)
    HAL_Delay                                0x080004a5   Thumb Code    40  stm32l1xx_hal.o(.text.HAL_Delay)
    HAL_GPIO_EXTI_Callback                   0x080004cd   Thumb Code     2  stm32l1xx_it.o(.text.HAL_GPIO_EXTI_Callback)
    HAL_GPIO_EXTI_IRQHandler                 0x080004d1   Thumb Code    22  stm32l1xx_hal_gpio.o(.text.HAL_GPIO_EXTI_IRQHandler)
    HAL_GPIO_Init                            0x080004e9   Thumb Code   478  stm32l1xx_hal_gpio.o(.text.HAL_GPIO_Init)
    HAL_GPIO_WritePin                        0x080006c9   Thumb Code    10  stm32l1xx_hal_gpio.o(.text.HAL_GPIO_WritePin)
    HAL_GetTick                              0x080006d5   Thumb Code    12  stm32l1xx_hal.o(.text.HAL_GetTick)
    HAL_IncTick                              0x080006e1   Thumb Code    26  stm32l1xx_hal.o(.text.HAL_IncTick)
    HAL_Init                                 0x080006fd   Thumb Code    30  stm32l1xx_hal.o(.text.HAL_Init)
    HAL_InitTick                             0x0800071d   Thumb Code    76  stm32l1xx_hal.o(.text.HAL_InitTick)
    HAL_MspInit                              0x08000769   Thumb Code    74  stm32l1xx_hal_msp.o(.text.HAL_MspInit)
    HAL_NVIC_EnableIRQ                       0x080007b5   Thumb Code    32  stm32l1xx_hal_cortex.o(.text.HAL_NVIC_EnableIRQ)
    HAL_NVIC_SetPriority                     0x080007d5   Thumb Code    86  stm32l1xx_hal_cortex.o(.text.HAL_NVIC_SetPriority)
    HAL_NVIC_SetPriorityGrouping             0x0800082d   Thumb Code    32  stm32l1xx_hal_cortex.o(.text.HAL_NVIC_SetPriorityGrouping)
    HAL_PCDEx_PMAConfig                      0x0800084d   Thumb Code    58  stm32l1xx_hal_pcd_ex.o(.text.HAL_PCDEx_PMAConfig)
    HAL_PCD_DataInStageCallback              0x08000889   Thumb Code    20  usbd_conf.o(.text.HAL_PCD_DataInStageCallback)
    HAL_PCD_DataOutStageCallback             0x0800089d   Thumb Code    22  usbd_conf.o(.text.HAL_PCD_DataOutStageCallback)
    HAL_PCD_EP_ClrStall                      0x080008b5   Thumb Code    96  stm32l1xx_hal_pcd.o(.text.HAL_PCD_EP_ClrStall)
    HAL_PCD_EP_Open                          0x08000915   Thumb Code    96  stm32l1xx_hal_pcd.o(.text.HAL_PCD_EP_Open)
    HAL_PCD_EP_Receive                       0x08000975   Thumb Code    50  stm32l1xx_hal_pcd.o(.text.HAL_PCD_EP_Receive)
    HAL_PCD_EP_SetStall                      0x080009a9   Thumb Code    98  stm32l1xx_hal_pcd.o(.text.HAL_PCD_EP_SetStall)
    HAL_PCD_EP_Transmit                      0x08000a0d   Thumb Code    54  stm32l1xx_hal_pcd.o(.text.HAL_PCD_EP_Transmit)
    HAL_PCD_IRQHandler                       0x08000a45   Thumb Code  2124  stm32l1xx_hal_pcd.o(.text.HAL_PCD_IRQHandler)
    HAL_PCD_Init                             0x08001291   Thumb Code   182  stm32l1xx_hal_pcd.o(.text.HAL_PCD_Init)
    HAL_PCD_MspInit                          0x08001349   Thumb Code    70  usbd_conf.o(.text.HAL_PCD_MspInit)
    HAL_PCD_ResetCallback                    0x08001391   Thumb Code    36  usbd_conf.o(.text.HAL_PCD_ResetCallback)
    HAL_PCD_ResumeCallback                   0x080013b5   Thumb Code    28  usbd_conf.o(.text.HAL_PCD_ResumeCallback)
    HAL_PCD_SOFCallback                      0x080013d1   Thumb Code     8  usbd_conf.o(.text.HAL_PCD_SOFCallback)
    HAL_PCD_SetAddress                       0x080013d9   Thumb Code    40  stm32l1xx_hal_pcd.o(.text.HAL_PCD_SetAddress)
    HAL_PCD_SetupStageCallback               0x08001401   Thumb Code    14  usbd_conf.o(.text.HAL_PCD_SetupStageCallback)
    HAL_PCD_SuspendCallback                  0x08001411   Thumb Code    32  usbd_conf.o(.text.HAL_PCD_SuspendCallback)
    HAL_RCC_ClockConfig                      0x08001431   Thumb Code   518  stm32l1xx_hal_rcc.o(.text.HAL_RCC_ClockConfig)
    HAL_RCC_OscConfig                        0x08001639   Thumb Code  1392  stm32l1xx_hal_rcc.o(.text.HAL_RCC_OscConfig)
    HAL_SPI_Init                             0x08001ba9   Thumb Code   164  stm32l1xx_hal_spi.o(.text.HAL_SPI_Init)
    HAL_SPI_MspInit                          0x08001c4d   Thumb Code   176  spi.o(.text.HAL_SPI_MspInit)
    HAL_SPI_Transmit                         0x08001cfd   Thumb Code   600  stm32l1xx_hal_spi.o(.text.HAL_SPI_Transmit)
    HAL_SYSTICK_Config                       0x08001f55   Thumb Code    44  stm32l1xx_hal_cortex.o(.text.HAL_SYSTICK_Config)
    HAL_TIMEx_MasterConfigSynchronization    0x08001f81   Thumb Code   122  stm32l1xx_hal_tim_ex.o(.text.HAL_TIMEx_MasterConfigSynchronization)
    HAL_TIM_Base_Init                        0x08001ffd   Thumb Code   222  stm32l1xx_hal_tim.o(.text.HAL_TIM_Base_Init)
    HAL_TIM_Base_MspInit                     0x080020dd   Thumb Code   116  tim.o(.text.HAL_TIM_Base_MspInit)
    HAL_TIM_Base_Start_IT                    0x08002151   Thumb Code   110  stm32l1xx_hal_tim.o(.text.HAL_TIM_Base_Start_IT)
    HAL_TIM_Base_Stop                        0x080021c1   Thumb Code    42  stm32l1xx_hal_tim.o(.text.HAL_TIM_Base_Stop)
    HAL_TIM_Base_Stop_IT                     0x080021ed   Thumb Code    50  stm32l1xx_hal_tim.o(.text.HAL_TIM_Base_Stop_IT)
    HAL_TIM_IC_CaptureCallback               0x08002221   Thumb Code     2  stm32l1xx_hal_tim.o(.text.HAL_TIM_IC_CaptureCallback)
    HAL_TIM_IRQHandler                       0x08002225   Thumb Code   308  stm32l1xx_hal_tim.o(.text.HAL_TIM_IRQHandler)
    HAL_TIM_OC_DelayElapsedCallback          0x08002359   Thumb Code     2  stm32l1xx_hal_tim.o(.text.HAL_TIM_OC_DelayElapsedCallback)
    HAL_TIM_OnePulse_Init                    0x0800235d   Thumb Code   224  stm32l1xx_hal_tim.o(.text.HAL_TIM_OnePulse_Init)
    HAL_TIM_OnePulse_MspInit                 0x0800243d   Thumb Code     2  stm32l1xx_hal_tim.o(.text.HAL_TIM_OnePulse_MspInit)
    HAL_TIM_PWM_PulseFinishedCallback        0x08002441   Thumb Code     2  stm32l1xx_hal_tim.o(.text.HAL_TIM_PWM_PulseFinishedCallback)
    HAL_TIM_PeriodElapsedCallback            0x08002445   Thumb Code     2  stm32l1xx_hal_tim.o(.text.HAL_TIM_PeriodElapsedCallback)
    HAL_TIM_TriggerCallback                  0x08002449   Thumb Code     2  stm32l1xx_hal_tim.o(.text.HAL_TIM_TriggerCallback)
    HardFault_Handler                        0x0800244d   Thumb Code     2  stm32l1xx_it.o(.text.HardFault_Handler)
    MX_GPIO_Init                             0x08002451   Thumb Code   298  gpio.o(.text.MX_GPIO_Init)
    MX_SPI1_Init                             0x0800257d   Thumb Code    70  spi.o(.text.MX_SPI1_Init)
    MX_SPI2_Init                             0x080025c5   Thumb Code    76  spi.o(.text.MX_SPI2_Init)
    MX_TIM6_Init                             0x08002611   Thumb Code   104  tim.o(.text.MX_TIM6_Init)
    MX_TIM7_Init                             0x08002679   Thumb Code   104  tim.o(.text.MX_TIM7_Init)
    MemManage_Handler                        0x080026e1   Thumb Code     2  stm32l1xx_it.o(.text.MemManage_Handler)
    NMI_Handler                              0x080026e5   Thumb Code     2  stm32l1xx_it.o(.text.NMI_Handler)
    PendSV_Handler                           0x080026e9   Thumb Code     2  stm32l1xx_it.o(.text.PendSV_Handler)
    SVC_Handler                              0x080027d1   Thumb Code     2  stm32l1xx_it.o(.text.SVC_Handler)
    SysTick_Handler                          0x080027d5   Thumb Code     4  stm32l1xx_it.o(.text.SysTick_Handler)
    SystemInit                               0x080027d9   Thumb Code     2  system_stm32l1xx.o(.text.SystemInit)
    TIM6_IRQHandler                          0x080027dd   Thumb Code    66  stm32l1xx_it.o(.text.TIM6_IRQHandler)
    TIM7_IRQHandler                          0x08002821   Thumb Code    30  stm32l1xx_it.o(.text.TIM7_IRQHandler)
    USBD_ClrClassConfig                      0x08002841   Thumb Code    14  usbd_core.o(.text.USBD_ClrClassConfig)
    USBD_CtlContinueRx                       0x08002851   Thumb Code    16  usbd_ioreq.o(.text.USBD_CtlContinueRx)
    USBD_CtlContinueSendData                 0x08002861   Thumb Code    16  usbd_ioreq.o(.text.USBD_CtlContinueSendData)
    USBD_CtlReceiveStatus                    0x08002871   Thumb Code    22  usbd_ioreq.o(.text.USBD_CtlReceiveStatus)
    USBD_CtlSendData                         0x08002889   Thumb Code    26  usbd_ioreq.o(.text.USBD_CtlSendData)
    USBD_CtlSendStatus                       0x080028a5   Thumb Code    22  usbd_ioreq.o(.text.USBD_CtlSendStatus)
    USBD_FS_ConfigStrDescriptor              0x080028bd   Thumb Code    24  usbd_desc.o(.text.USBD_FS_ConfigStrDescriptor)
    USBD_FS_DeviceDescriptor                 0x080028e1   Thumb Code    14  usbd_desc.o(.text.USBD_FS_DeviceDescriptor)
    USBD_FS_InterfaceStrDescriptor           0x080028f1   Thumb Code    24  usbd_desc.o(.text.USBD_FS_InterfaceStrDescriptor)
    USBD_FS_LangIDStrDescriptor              0x08002919   Thumb Code    14  usbd_desc.o(.text.USBD_FS_LangIDStrDescriptor)
    USBD_FS_ManufacturerStrDescriptor        0x08002929   Thumb Code    24  usbd_desc.o(.text.USBD_FS_ManufacturerStrDescriptor)
    USBD_FS_ProductStrDescriptor             0x08002949   Thumb Code    24  usbd_desc.o(.text.USBD_FS_ProductStrDescriptor)
    USBD_FS_SerialStrDescriptor              0x08002971   Thumb Code   362  usbd_desc.o(.text.USBD_FS_SerialStrDescriptor)
    USBD_GetString                           0x08002add   Thumb Code   218  usbd_ctlreq.o(.text.USBD_GetString)
    USBD_Init                                0x08002bb9   Thumb Code    48  usbd_core.o(.text.USBD_Init)
    USBD_LL_ClearStallEP                     0x08002be9   Thumb Code    34  usbd_conf.o(.text.USBD_LL_ClearStallEP)
    USBD_LL_DataInStage                      0x08002c0d   Thumb Code   202  usbd_core.o(.text.USBD_LL_DataInStage)
    USBD_LL_DataOutStage                     0x08002cd9   Thumb Code   138  usbd_core.o(.text.USBD_LL_DataOutStage)
    USBD_LL_Init                             0x08002d65   Thumb Code   134  usbd_conf.o(.text.USBD_LL_Init)
    USBD_LL_IsStallEP                        0x08002ded   Thumb Code    32  usbd_conf.o(.text.USBD_LL_IsStallEP)
    USBD_LL_OpenEP                           0x08002e0d   Thumb Code    40  usbd_conf.o(.text.USBD_LL_OpenEP)
    USBD_LL_PrepareReceive                   0x08002e35   Thumb Code    34  usbd_conf.o(.text.USBD_LL_PrepareReceive)
    USBD_LL_Reset                            0x08002e59   Thumb Code    84  usbd_core.o(.text.USBD_LL_Reset)
    USBD_LL_Resume                           0x08002ead   Thumb Code    14  usbd_core.o(.text.USBD_LL_Resume)
    USBD_LL_SOF                              0x08002ebd   Thumb Code    26  usbd_core.o(.text.USBD_LL_SOF)
    USBD_LL_SetSpeed                         0x08002ed9   Thumb Code     8  usbd_core.o(.text.USBD_LL_SetSpeed)
    USBD_LL_SetUSBAddress                    0x08002ee1   Thumb Code    34  usbd_conf.o(.text.USBD_LL_SetUSBAddress)
    USBD_LL_SetupStage                       0x08002f05   Thumb Code    98  usbd_core.o(.text.USBD_LL_SetupStage)
    USBD_LL_StallEP                          0x08002f69   Thumb Code    34  usbd_conf.o(.text.USBD_LL_StallEP)
    USBD_LL_Suspend                          0x08002f8d   Thumb Code    20  usbd_core.o(.text.USBD_LL_Suspend)
    USBD_LL_Transmit                         0x08002fa1   Thumb Code    34  usbd_conf.o(.text.USBD_LL_Transmit)
    USBD_ParseSetupRequest                   0x08002fc5   Thumb Code    22  usbd_ctlreq.o(.text.USBD_ParseSetupRequest)
    USBD_SetClassConfig                      0x08002fdd   Thumb Code    28  usbd_core.o(.text.USBD_SetClassConfig)
    USBD_StdDevReq                           0x08002ff9   Thumb Code   692  usbd_ctlreq.o(.text.USBD_StdDevReq)
    USBD_StdEPReq                            0x080032ad   Thumb Code   330  usbd_ctlreq.o(.text.USBD_StdEPReq)
    USBD_StdItfReq                           0x080033f9   Thumb Code   118  usbd_ctlreq.o(.text.USBD_StdItfReq)
    USB_ActivateEndpoint                     0x08003471   Thumb Code   544  stm32l1xx_ll_usb.o(.text.USB_ActivateEndpoint)
    USB_DevInit                              0x08003691   Thumb Code    26  stm32l1xx_ll_usb.o(.text.USB_DevInit)
    USB_DisableGlobalInt                     0x080036ad   Thumb Code    20  stm32l1xx_ll_usb.o(.text.USB_DisableGlobalInt)
    USB_EPClearStall                         0x080036c1   Thumb Code   124  stm32l1xx_ll_usb.o(.text.USB_EPClearStall)
    USB_EPSetStall                           0x0800373d   Thumb Code    50  stm32l1xx_ll_usb.o(.text.USB_EPSetStall)
    USB_EPStartXfer                          0x08003771   Thumb Code  2358  stm32l1xx_ll_usb.o(.text.USB_EPStartXfer)
    USB_LP_IRQHandler                        0x080040a9   Thumb Code    12  stm32l1xx_it.o(.text.USB_LP_IRQHandler)
    USB_ReadInterrupts                       0x080040b5   Thumb Code     6  stm32l1xx_ll_usb.o(.text.USB_ReadInterrupts)
    USB_ReadPMA                              0x080040bd   Thumb Code   160  stm32l1xx_ll_usb.o(.text.USB_ReadPMA)
    USB_SetDevAddress                        0x0800415d   Thumb Code    14  stm32l1xx_ll_usb.o(.text.USB_SetDevAddress)
    USB_WritePMA                             0x0800416d   Thumb Code   134  stm32l1xx_ll_usb.o(.text.USB_WritePMA)
    UsageFault_Handler                       0x080041f5   Thumb Code     2  stm32l1xx_it.o(.text.UsageFault_Handler)
    main                                     0x080041f9   Thumb Code   242  main.o(.text.main)
    power_SetNeedSleepFlag                   0x080042ed   Thumb Code    14  system.o(.text.power_SetNeedSleepFlag)
    setPushedButton                          0x080042fd   Thumb Code   164  user_interface.o(.text.setPushedButton)
    ssd1306_Fill                             0x080043a1   Thumb Code    28  ssd1306.o(.text.ssd1306_Fill)
    ssd1306_GetDisplayOn                     0x080043bd   Thumb Code    12  ssd1306.o(.text.ssd1306_GetDisplayOn)
    ssd1306_Init                             0x080043c9   Thumb Code  1042  ssd1306.o(.text.ssd1306_Init)
    ssd1306_SetNeedInitFlag                  0x080047dd   Thumb Code    14  ssd1306.o(.text.ssd1306_SetNeedInitFlag)
    ssd1306_UpdateScreen                     0x080047ed   Thumb Code   534  ssd1306.o(.text.ssd1306_UpdateScreen)
    AHBPrescTable                            0x08004a02   Data          16  system_stm32l1xx.o(.rodata.AHBPrescTable)
    PLLMulTable                              0x08004a12   Data           9  system_stm32l1xx.o(.rodata.PLLMulTable)
    img_lock                                 0x08004a1b   Data         120  user_interface.o(.rodata.img_lock)
    img_passwords                            0x08004a93   Data         120  user_interface.o(.rodata.img_passwords)
    img_settings                             0x08004b0b   Data         120  user_interface.o(.rodata.img_settings)
    img_usb_write                            0x08004b83   Data         120  user_interface.o(.rodata.img_usb_write)
    Region$$Table$$Base                      0x08004bfc   Number         0  anon$$obj.o(Region$$Table)
    Region$$Table$$Limit                     0x08004c1c   Number         0  anon$$obj.o(Region$$Table)
    currentTab                               0x20000000   Data           1  user_interface.o(.data..L_MergedGlobals)
    displayUpdateFlag                        0x20000001   Data           1  user_interface.o(.data..L_MergedGlobals)
    icons                                    0x20000008   Data          16  user_interface.o(.data..L_MergedGlobals)
    uwTickPrio                               0x20000018   Data           4  stm32l1xx_hal.o(.data..L_MergedGlobals)
    uwTickFreq                               0x2000001c   Data           4  stm32l1xx_hal.o(.data..L_MergedGlobals)
    FS_Desc                                  0x20000020   Data          28  usbd_desc.o(.data.FS_Desc)
    SystemCoreClock                          0x2000003c   Data           4  system_stm32l1xx.o(.data.SystemCoreClock)
    USBD_FS_DeviceDesc                       0x20000040   Data          18  usbd_desc.o(.data.USBD_FS_DeviceDesc)
    USBD_LangIDDesc                          0x20000054   Data           4  usbd_desc.o(.data.USBD_LangIDDesc)
    USBD_StringSerial                        0x20000058   Data          26  usbd_desc.o(.data.USBD_StringSerial)
    __libspace_start                         0x20000078   Data          96  libspace.o(.bss)
    __temporary_stack_top$libspace           0x200000d8   Data           0  libspace.o(.bss)
    pushedButtonFlag                         0x200000e0   Data           1  user_interface.o(.bss..L_MergedGlobals.10)
    releasedButtonFlag                       0x200000e1   Data           1  user_interface.o(.bss..L_MergedGlobals.10)
    pushedButtonNum                          0x200000e2   Data           1  user_interface.o(.bss..L_MergedGlobals.10)
    releasedButtonNum                        0x200000e3   Data           1  user_interface.o(.bss..L_MergedGlobals.10)
    currentPassword                          0x200000e4   Data           1  user_interface.o(.bss..L_MergedGlobals.10)
    USBD_StrDesc                             0x20000174   Data         512  usbd_desc.o(.bss.USBD_StrDesc)
    hUsbDeviceFS                             0x20000374   Data         668  usb_device.o(.bss.hUsbDeviceFS)
    hpcd_USB_FS                              0x20000610   Data         748  usbd_conf.o(.bss.hpcd_USB_FS)
    hspi1                                    0x200008fc   Data          88  spi.o(.bss.hspi1)
    hspi2                                    0x20000954   Data          88  spi.o(.bss.hspi2)
    htim6                                    0x200009ac   Data          64  tim.o(.bss.htim6)
    htim7                                    0x200009ec   Data          64  tim.o(.bss.htim7)
    needSleepFlag                            0x20000a2c   Data           1  system.o(.bss.needSleepFlag)
    switches_byte                            0x20000a30   Data           4  main.o(.bss.switches_byte)
    uwTick                                   0x20000a34   Data           4  stm32l1xx_hal.o(.bss.uwTick)



==============================================================================

Memory Map of the image

  Image Entry point : 0x080000f5

  Load Region LR_IROM1 (Base: 0x08000000, Size: 0x00004c98, Max: 0x00010000, ABSOLUTE)

    Execution Region ER_IROM1 (Exec base: 0x08000000, Load base: 0x08000000, Size: 0x00004c1c, Max: 0x00010000, ABSOLUTE)

    Exec Addr    Load Addr    Size         Type   Attr      Idx    E Section Name        Object

    0x08000000   0x08000000   0x000000f4   Data   RO            3    RESET               startup_stm32l151xba.o
    0x080000f4   0x080000f4   0x00000008   Code   RO         1580  * !!!main             c_w.l(__main.o)
    0x080000fc   0x080000fc   0x00000034   Code   RO         1885    !!!scatter          c_w.l(__scatter.o)
    0x08000130   0x08000130   0x0000001a   Code   RO         1887    !!handler_copy      c_w.l(__scatter_copy.o)
    0x0800014a   0x0800014a   0x00000002   PAD
    0x0800014c   0x0800014c   0x0000001c   Code   RO         1889    !!handler_zi        c_w.l(__scatter_zi.o)
    0x08000168   0x08000168   0x00000000   Code   RO         1561    .ARM.Collect$$_printf_percent$$00000000  c_w.l(_printf_percent.o)
    0x08000168   0x08000168   0x00000006   Code   RO         1560    .ARM.Collect$$_printf_percent$$00000009  c_w.l(_printf_d.o)
    0x0800016e   0x0800016e   0x00000006   Code   RO         1559    .ARM.Collect$$_printf_percent$$00000014  c_w.l(_printf_s.o)
    0x08000174   0x08000174   0x00000004   Code   RO         1640    .ARM.Collect$$_printf_percent$$00000017  c_w.l(_printf_percent_end.o)
    0x08000178   0x08000178   0x00000002   Code   RO         1742    .ARM.Collect$$libinit$$00000000  c_w.l(libinit.o)
    0x0800017a   0x0800017a   0x00000000   Code   RO         1750    .ARM.Collect$$libinit$$00000002  c_w.l(libinit2.o)
    0x0800017a   0x0800017a   0x00000000   Code   RO         1752    .ARM.Collect$$libinit$$00000004  c_w.l(libinit2.o)
    0x0800017a   0x0800017a   0x00000000   Code   RO         1754    .ARM.Collect$$libinit$$00000006  c_w.l(libinit2.o)
    0x0800017a   0x0800017a   0x00000000   Code   RO         1757    .ARM.Collect$$libinit$$0000000C  c_w.l(libinit2.o)
    0x0800017a   0x0800017a   0x00000000   Code   RO         1759    .ARM.Collect$$libinit$$0000000E  c_w.l(libinit2.o)
    0x0800017a   0x0800017a   0x00000000   Code   RO         1761    .ARM.Collect$$libinit$$00000010  c_w.l(libinit2.o)
    0x0800017a   0x0800017a   0x00000000   Code   RO         1764    .ARM.Collect$$libinit$$00000013  c_w.l(libinit2.o)
    0x0800017a   0x0800017a   0x00000000   Code   RO         1766    .ARM.Collect$$libinit$$00000015  c_w.l(libinit2.o)
    0x0800017a   0x0800017a   0x00000000   Code   RO         1768    .ARM.Collect$$libinit$$00000017  c_w.l(libinit2.o)
    0x0800017a   0x0800017a   0x00000000   Code   RO         1770    .ARM.Collect$$libinit$$00000019  c_w.l(libinit2.o)
    0x0800017a   0x0800017a   0x00000000   Code   RO         1772    .ARM.Collect$$libinit$$0000001B  c_w.l(libinit2.o)
    0x0800017a   0x0800017a   0x00000000   Code   RO         1774    .ARM.Collect$$libinit$$0000001D  c_w.l(libinit2.o)
    0x0800017a   0x0800017a   0x00000000   Code   RO         1776    .ARM.Collect$$libinit$$0000001F  c_w.l(libinit2.o)
    0x0800017a   0x0800017a   0x00000000   Code   RO         1778    .ARM.Collect$$libinit$$00000021  c_w.l(libinit2.o)
    0x0800017a   0x0800017a   0x00000000   Code   RO         1780    .ARM.Collect$$libinit$$00000023  c_w.l(libinit2.o)
    0x0800017a   0x0800017a   0x00000000   Code   RO         1782    .ARM.Collect$$libinit$$00000025  c_w.l(libinit2.o)
    0x0800017a   0x0800017a   0x00000000   Code   RO         1784    .ARM.Collect$$libinit$$00000027  c_w.l(libinit2.o)
    0x0800017a   0x0800017a   0x00000000   Code   RO         1788    .ARM.Collect$$libinit$$0000002E  c_w.l(libinit2.o)
    0x0800017a   0x0800017a   0x00000000   Code   RO         1790    .ARM.Collect$$libinit$$00000030  c_w.l(libinit2.o)
    0x0800017a   0x0800017a   0x00000000   Code   RO         1792    .ARM.Collect$$libinit$$00000032  c_w.l(libinit2.o)
    0x0800017a   0x0800017a   0x00000000   Code   RO         1794    .ARM.Collect$$libinit$$00000034  c_w.l(libinit2.o)
    0x0800017a   0x0800017a   0x00000002   Code   RO         1795    .ARM.Collect$$libinit$$00000035  c_w.l(libinit2.o)
    0x0800017c   0x0800017c   0x00000002   Code   RO         1821    .ARM.Collect$$libshutdown$$00000000  c_w.l(libshutdown.o)
    0x0800017e   0x0800017e   0x00000000   Code   RO         1836    .ARM.Collect$$libshutdown$$00000002  c_w.l(libshutdown2.o)
    0x0800017e   0x0800017e   0x00000000   Code   RO         1838    .ARM.Collect$$libshutdown$$00000004  c_w.l(libshutdown2.o)
    0x0800017e   0x0800017e   0x00000000   Code   RO         1841    .ARM.Collect$$libshutdown$$00000007  c_w.l(libshutdown2.o)
    0x0800017e   0x0800017e   0x00000000   Code   RO         1844    .ARM.Collect$$libshutdown$$0000000A  c_w.l(libshutdown2.o)
    0x0800017e   0x0800017e   0x00000000   Code   RO         1846    .ARM.Collect$$libshutdown$$0000000C  c_w.l(libshutdown2.o)
    0x0800017e   0x0800017e   0x00000000   Code   RO         1849    .ARM.Collect$$libshutdown$$0000000F  c_w.l(libshutdown2.o)
    0x0800017e   0x0800017e   0x00000002   Code   RO         1850    .ARM.Collect$$libshutdown$$00000010  c_w.l(libshutdown2.o)
    0x08000180   0x08000180   0x00000000   Code   RO         1622    .ARM.Collect$$rtentry$$00000000  c_w.l(__rtentry.o)
    0x08000180   0x08000180   0x00000000   Code   RO         1689    .ARM.Collect$$rtentry$$00000002  c_w.l(__rtentry2.o)
    0x08000180   0x08000180   0x00000006   Code   RO         1701    .ARM.Collect$$rtentry$$00000004  c_w.l(__rtentry4.o)
    0x08000186   0x08000186   0x00000000   Code   RO         1691    .ARM.Collect$$rtentry$$00000009  c_w.l(__rtentry2.o)
    0x08000186   0x08000186   0x00000004   Code   RO         1692    .ARM.Collect$$rtentry$$0000000A  c_w.l(__rtentry2.o)
    0x0800018a   0x0800018a   0x00000000   Code   RO         1694    .ARM.Collect$$rtentry$$0000000C  c_w.l(__rtentry2.o)
    0x0800018a   0x0800018a   0x00000008   Code   RO         1695    .ARM.Collect$$rtentry$$0000000D  c_w.l(__rtentry2.o)
    0x08000192   0x08000192   0x00000002   Code   RO         1745    .ARM.Collect$$rtexit$$00000000  c_w.l(rtexit.o)
    0x08000194   0x08000194   0x00000000   Code   RO         1799    .ARM.Collect$$rtexit$$00000002  c_w.l(rtexit2.o)
    0x08000194   0x08000194   0x00000004   Code   RO         1800    .ARM.Collect$$rtexit$$00000003  c_w.l(rtexit2.o)
    0x08000198   0x08000198   0x00000006   Code   RO         1801    .ARM.Collect$$rtexit$$00000004  c_w.l(rtexit2.o)
    0x0800019e   0x0800019e   0x00000002   PAD
    0x080001a0   0x080001a0   0x00000040   Code   RO            4    .text               startup_stm32l151xba.o
    0x080001e0   0x080001e0   0x00000052   Code   RO         1535    .text               c_w.l(_printf_str.o)
    0x08000232   0x08000232   0x00000002   PAD
    0x08000234   0x08000234   0x00000078   Code   RO         1537    .text               c_w.l(_printf_dec.o)
    0x080002ac   0x080002ac   0x00000010   Code   RO         1574    .text               c_w.l(aeabi_memset4.o)
    0x080002bc   0x080002bc   0x0000004e   Code   RO         1576    .text               c_w.l(rt_memclr_w.o)
    0x0800030a   0x0800030a   0x00000006   Code   RO         1578    .text               c_w.l(heapauxi.o)
    0x08000310   0x08000310   0x000000b2   Code   RO         1630    .text               c_w.l(_printf_intcommon.o)
    0x080003c2   0x080003c2   0x0000002c   Code   RO         1638    .text               c_w.l(_printf_char.o)
    0x080003ee   0x080003ee   0x00000002   PAD
    0x080003f0   0x080003f0   0x00000008   Code   RO         1685    .text               c_w.l(libspace.o)
    0x080003f8   0x080003f8   0x0000004a   Code   RO         1725    .text               c_w.l(sys_stackheap_outer.o)
    0x08000442   0x08000442   0x00000012   Code   RO         1735    .text               c_w.l(exit.o)
    0x08000454   0x08000454   0x0000000c   Code   RO         1811    .text               c_w.l(sys_exit.o)
    0x08000460   0x08000460   0x00000002   Code   RO         1826    .text               c_w.l(use_no_semi.o)
    0x08000462   0x08000462   0x00000000   Code   RO         1828    .text               c_w.l(indicate_semi.o)
    0x08000462   0x08000462   0x00000002   PAD
    0x08000464   0x08000464   0x00000002   Code   RO          299    .text.BusFault_Handler  stm32l1xx_it.o
    0x08000466   0x08000466   0x00000002   PAD
    0x08000468   0x08000468   0x00000002   Code   RO          305    .text.DebugMon_Handler  stm32l1xx_it.o
    0x0800046a   0x0800046a   0x00000002   PAD
    0x0800046c   0x0800046c   0x0000002c   Code   RO          313    .text.EXTI9_5_IRQHandler  stm32l1xx_it.o
    0x08000498   0x08000498   0x0000000a   Code   RO          233    .text.Error_Handler  main.o
    0x080004a2   0x080004a2   0x00000002   PAD
    0x080004a4   0x080004a4   0x00000028   Code   RO          624    .text.HAL_Delay     stm32l1xx_hal.o
    0x080004cc   0x080004cc   0x00000002   Code   RO          319    .text.HAL_GPIO_EXTI_Callback  stm32l1xx_it.o
    0x080004ce   0x080004ce   0x00000002   PAD
    0x080004d0   0x080004d0   0x00000016   Code   RO          817    .text.HAL_GPIO_EXTI_IRQHandler  stm32l1xx_hal_gpio.o
    0x080004e6   0x080004e6   0x00000002   PAD
    0x080004e8   0x080004e8   0x000001de   Code   RO          805    .text.HAL_GPIO_Init  stm32l1xx_hal_gpio.o
    0x080006c6   0x080006c6   0x00000002   PAD
    0x080006c8   0x080006c8   0x0000000a   Code   RO          811    .text.HAL_GPIO_WritePin  stm32l1xx_hal_gpio.o
    0x080006d2   0x080006d2   0x00000002   PAD
    0x080006d4   0x080006d4   0x0000000c   Code   RO          616    .text.HAL_GetTick   stm32l1xx_hal.o
    0x080006e0   0x080006e0   0x0000001a   Code   RO          614    .text.HAL_IncTick   stm32l1xx_hal.o
    0x080006fa   0x080006fa   0x00000002   PAD
    0x080006fc   0x080006fc   0x0000001e   Code   RO          604    .text.HAL_Init      stm32l1xx_hal.o
    0x0800071a   0x0800071a   0x00000002   PAD
    0x0800071c   0x0800071c   0x0000004c   Code   RO          606    .text.HAL_InitTick  stm32l1xx_hal.o
    0x08000768   0x08000768   0x0000004a   Code   RO          328    .text.HAL_MspInit   stm32l1xx_hal_msp.o
    0x080007b2   0x080007b2   0x00000002   PAD
    0x080007b4   0x080007b4   0x00000020   Code   RO          928    .text.HAL_NVIC_EnableIRQ  stm32l1xx_hal_cortex.o
    0x080007d4   0x080007d4   0x00000056   Code   RO          926    .text.HAL_NVIC_SetPriority  stm32l1xx_hal_cortex.o
    0x0800082a   0x0800082a   0x00000002   PAD
    0x0800082c   0x0800082c   0x00000020   Code   RO          924    .text.HAL_NVIC_SetPriorityGrouping  stm32l1xx_hal_cortex.o
    0x0800084c   0x0800084c   0x0000003a   Code   RO          542    .text.HAL_PCDEx_PMAConfig  stm32l1xx_hal_pcd_ex.o
    0x08000886   0x08000886   0x00000002   PAD
    0x08000888   0x08000888   0x00000014   Code   RO          406    .text.HAL_PCD_DataInStageCallback  usbd_conf.o
    0x0800089c   0x0800089c   0x00000016   Code   RO          404    .text.HAL_PCD_DataOutStageCallback  usbd_conf.o
    0x080008b2   0x080008b2   0x00000002   PAD
    0x080008b4   0x080008b4   0x00000060   Code   RO          524    .text.HAL_PCD_EP_ClrStall  stm32l1xx_hal_pcd.o
    0x08000914   0x08000914   0x00000060   Code   RO          512    .text.HAL_PCD_EP_Open  stm32l1xx_hal_pcd.o
    0x08000974   0x08000974   0x00000032   Code   RO          516    .text.HAL_PCD_EP_Receive  stm32l1xx_hal_pcd.o
    0x080009a6   0x080009a6   0x00000002   PAD
    0x080009a8   0x080009a8   0x00000062   Code   RO          522    .text.HAL_PCD_EP_SetStall  stm32l1xx_hal_pcd.o
    0x08000a0a   0x08000a0a   0x00000002   PAD
    0x08000a0c   0x08000a0c   0x00000036   Code   RO          520    .text.HAL_PCD_EP_Transmit  stm32l1xx_hal_pcd.o
    0x08000a42   0x08000a42   0x00000002   PAD
    0x08000a44   0x08000a44   0x0000084c   Code   RO          480    .text.HAL_PCD_IRQHandler  stm32l1xx_hal_pcd.o
    0x08001290   0x08001290   0x000000b6   Code   RO          468    .text.HAL_PCD_Init  stm32l1xx_hal_pcd.o
    0x08001346   0x08001346   0x00000002   PAD
    0x08001348   0x08001348   0x00000046   Code   RO          398    .text.HAL_PCD_MspInit  usbd_conf.o
    0x0800138e   0x0800138e   0x00000002   PAD
    0x08001390   0x08001390   0x00000024   Code   RO          410    .text.HAL_PCD_ResetCallback  usbd_conf.o
    0x080013b4   0x080013b4   0x0000001c   Code   RO          414    .text.HAL_PCD_ResumeCallback  usbd_conf.o
    0x080013d0   0x080013d0   0x00000008   Code   RO          408    .text.HAL_PCD_SOFCallback  usbd_conf.o
    0x080013d8   0x080013d8   0x00000028   Code   RO          484    .text.HAL_PCD_SetAddress  stm32l1xx_hal_pcd.o
    0x08001400   0x08001400   0x0000000e   Code   RO          402    .text.HAL_PCD_SetupStageCallback  usbd_conf.o
    0x0800140e   0x0800140e   0x00000002   PAD
    0x08001410   0x08001410   0x00000020   Code   RO          412    .text.HAL_PCD_SuspendCallback  usbd_conf.o
    0x08001430   0x08001430   0x00000206   Code   RO          668    .text.HAL_RCC_ClockConfig  stm32l1xx_hal_rcc.o
    0x08001636   0x08001636   0x00000002   PAD
    0x08001638   0x08001638   0x00000570   Code   RO          666    .text.HAL_RCC_OscConfig  stm32l1xx_hal_rcc.o
    0x08001ba8   0x08001ba8   0x000000a4   Code   RO          996    .text.HAL_SPI_Init  stm32l1xx_hal_spi.o
    0x08001c4c   0x08001c4c   0x000000b0   Code   RO          261    .text.HAL_SPI_MspInit  spi.o
    0x08001cfc   0x08001cfc   0x00000258   Code   RO         1004    .text.HAL_SPI_Transmit  stm32l1xx_hal_spi.o
    0x08001f54   0x08001f54   0x0000002c   Code   RO          936    .text.HAL_SYSTICK_Config  stm32l1xx_hal_cortex.o
    0x08001f80   0x08001f80   0x0000007a   Code   RO         1328    .text.HAL_TIMEx_MasterConfigSynchronization  stm32l1xx_hal_tim_ex.o
    0x08001ffa   0x08001ffa   0x00000002   PAD
    0x08001ffc   0x08001ffc   0x000000de   Code   RO         1110    .text.HAL_TIM_Base_Init  stm32l1xx_hal_tim.o
    0x080020da   0x080020da   0x00000002   PAD
    0x080020dc   0x080020dc   0x00000074   Code   RO          279    .text.HAL_TIM_Base_MspInit  tim.o
    0x08002150   0x08002150   0x0000006e   Code   RO         1122    .text.HAL_TIM_Base_Start_IT  stm32l1xx_hal_tim.o
    0x080021be   0x080021be   0x00000002   PAD
    0x080021c0   0x080021c0   0x0000002a   Code   RO         1120    .text.HAL_TIM_Base_Stop  stm32l1xx_hal_tim.o
    0x080021ea   0x080021ea   0x00000002   PAD
    0x080021ec   0x080021ec   0x00000032   Code   RO         1124    .text.HAL_TIM_Base_Stop_IT  stm32l1xx_hal_tim.o
    0x0800221e   0x0800221e   0x00000002   PAD
    0x08002220   0x08002220   0x00000002   Code   RO         1242    .text.HAL_TIM_IC_CaptureCallback  stm32l1xx_hal_tim.o
    0x08002222   0x08002222   0x00000002   PAD
    0x08002224   0x08002224   0x00000134   Code   RO         1240    .text.HAL_TIM_IRQHandler  stm32l1xx_hal_tim.o
    0x08002358   0x08002358   0x00000002   Code   RO         1244    .text.HAL_TIM_OC_DelayElapsedCallback  stm32l1xx_hal_tim.o
    0x0800235a   0x0800235a   0x00000002   PAD
    0x0800235c   0x0800235c   0x000000e0   Code   RO         1204    .text.HAL_TIM_OnePulse_Init  stm32l1xx_hal_tim.o
    0x0800243c   0x0800243c   0x00000002   Code   RO         1206    .text.HAL_TIM_OnePulse_MspInit  stm32l1xx_hal_tim.o
    0x0800243e   0x0800243e   0x00000002   PAD
    0x08002440   0x08002440   0x00000002   Code   RO         1246    .text.HAL_TIM_PWM_PulseFinishedCallback  stm32l1xx_hal_tim.o
    0x08002442   0x08002442   0x00000002   PAD
    0x08002444   0x08002444   0x00000002   Code   RO         1248    .text.HAL_TIM_PeriodElapsedCallback  stm32l1xx_hal_tim.o
    0x08002446   0x08002446   0x00000002   PAD
    0x08002448   0x08002448   0x00000002   Code   RO         1250    .text.HAL_TIM_TriggerCallback  stm32l1xx_hal_tim.o
    0x0800244a   0x0800244a   0x00000002   PAD
    0x0800244c   0x0800244c   0x00000002   Code   RO          295    .text.HardFault_Handler  stm32l1xx_it.o
    0x0800244e   0x0800244e   0x00000002   PAD
    0x08002450   0x08002450   0x0000012a   Code   RO          248    .text.MX_GPIO_Init  gpio.o
    0x0800257a   0x0800257a   0x00000002   PAD
    0x0800257c   0x0800257c   0x00000046   Code   RO          257    .text.MX_SPI1_Init  spi.o
    0x080025c2   0x080025c2   0x00000002   PAD
    0x080025c4   0x080025c4   0x0000004c   Code   RO          259    .text.MX_SPI2_Init  spi.o
    0x08002610   0x08002610   0x00000068   Code   RO          275    .text.MX_TIM6_Init  tim.o
    0x08002678   0x08002678   0x00000068   Code   RO          277    .text.MX_TIM7_Init  tim.o
    0x080026e0   0x080026e0   0x00000002   Code   RO          297    .text.MemManage_Handler  stm32l1xx_it.o
    0x080026e2   0x080026e2   0x00000002   PAD
    0x080026e4   0x080026e4   0x00000002   Code   RO          293    .text.NMI_Handler   stm32l1xx_it.o
    0x080026e6   0x080026e6   0x00000002   PAD
    0x080026e8   0x080026e8   0x00000002   Code   RO          307    .text.PendSV_Handler  stm32l1xx_it.o
    0x080026ea   0x080026ea   0x00000002   PAD
    0x080026ec   0x080026ec   0x000000e4   Code   RO         1100    .text.SPI_WaitFlagStateUntilTimeout  stm32l1xx_hal_spi.o
    0x080027d0   0x080027d0   0x00000002   Code   RO          303    .text.SVC_Handler   stm32l1xx_it.o
    0x080027d2   0x080027d2   0x00000002   PAD
    0x080027d4   0x080027d4   0x00000004   Code   RO          309    .text.SysTick_Handler  stm32l1xx_it.o
    0x080027d8   0x080027d8   0x00000002   Code   RO         1340    .text.SystemInit    system_stm32l1xx.o
    0x080027da   0x080027da   0x00000002   PAD
    0x080027dc   0x080027dc   0x00000042   Code   RO          315    .text.TIM6_IRQHandler  stm32l1xx_it.o
    0x0800281e   0x0800281e   0x00000002   PAD
    0x08002820   0x08002820   0x0000001e   Code   RO          317    .text.TIM7_IRQHandler  stm32l1xx_it.o
    0x0800283e   0x0800283e   0x00000002   PAD
    0x08002840   0x08002840   0x0000000e   Code   RO         1370    .text.USBD_ClrClassConfig  usbd_core.o
    0x0800284e   0x0800284e   0x00000002   PAD
    0x08002850   0x08002850   0x00000010   Code   RO         1431    .text.USBD_CtlContinueRx  usbd_ioreq.o
    0x08002860   0x08002860   0x00000010   Code   RO         1427    .text.USBD_CtlContinueSendData  usbd_ioreq.o
    0x08002870   0x08002870   0x00000016   Code   RO         1435    .text.USBD_CtlReceiveStatus  usbd_ioreq.o
    0x08002886   0x08002886   0x00000002   PAD
    0x08002888   0x08002888   0x0000001a   Code   RO         1425    .text.USBD_CtlSendData  usbd_ioreq.o
    0x080028a2   0x080028a2   0x00000002   PAD
    0x080028a4   0x080028a4   0x00000016   Code   RO         1433    .text.USBD_CtlSendStatus  usbd_ioreq.o
    0x080028ba   0x080028ba   0x00000002   PAD
    0x080028bc   0x080028bc   0x00000024   Code   RO          355    .text.USBD_FS_ConfigStrDescriptor  usbd_desc.o
    0x080028e0   0x080028e0   0x0000000e   Code   RO          345    .text.USBD_FS_DeviceDescriptor  usbd_desc.o
    0x080028ee   0x080028ee   0x00000002   PAD
    0x080028f0   0x080028f0   0x00000028   Code   RO          357    .text.USBD_FS_InterfaceStrDescriptor  usbd_desc.o
    0x08002918   0x08002918   0x0000000e   Code   RO          347    .text.USBD_FS_LangIDStrDescriptor  usbd_desc.o
    0x08002926   0x08002926   0x00000002   PAD
    0x08002928   0x08002928   0x00000020   Code   RO          349    .text.USBD_FS_ManufacturerStrDescriptor  usbd_desc.o
    0x08002948   0x08002948   0x00000028   Code   RO          351    .text.USBD_FS_ProductStrDescriptor  usbd_desc.o
    0x08002970   0x08002970   0x0000016a   Code   RO          353    .text.USBD_FS_SerialStrDescriptor  usbd_desc.o
    0x08002ada   0x08002ada   0x00000002   PAD
    0x08002adc   0x08002adc   0x000000da   Code   RO         1414    .text.USBD_GetString  usbd_ctlreq.o
    0x08002bb6   0x08002bb6   0x00000002   PAD
    0x08002bb8   0x08002bb8   0x00000030   Code   RO         1356    .text.USBD_Init     usbd_core.o
    0x08002be8   0x08002be8   0x00000022   Code   RO          440    .text.USBD_LL_ClearStallEP  usbd_conf.o
    0x08002c0a   0x08002c0a   0x00000002   PAD
    0x08002c0c   0x08002c0c   0x000000ca   Code   RO         1376    .text.USBD_LL_DataInStage  usbd_core.o
    0x08002cd6   0x08002cd6   0x00000002   PAD
    0x08002cd8   0x08002cd8   0x0000008a   Code   RO         1374    .text.USBD_LL_DataOutStage  usbd_core.o
    0x08002d62   0x08002d62   0x00000002   PAD
    0x08002d64   0x08002d64   0x00000086   Code   RO          424    .text.USBD_LL_Init  usbd_conf.o
    0x08002dea   0x08002dea   0x00000002   PAD
    0x08002dec   0x08002dec   0x00000020   Code   RO          442    .text.USBD_LL_IsStallEP  usbd_conf.o
    0x08002e0c   0x08002e0c   0x00000028   Code   RO          432    .text.USBD_LL_OpenEP  usbd_conf.o
    0x08002e34   0x08002e34   0x00000022   Code   RO          448    .text.USBD_LL_PrepareReceive  usbd_conf.o
    0x08002e56   0x08002e56   0x00000002   PAD
    0x08002e58   0x08002e58   0x00000054   Code   RO         1378    .text.USBD_LL_Reset  usbd_core.o
    0x08002eac   0x08002eac   0x0000000e   Code   RO         1384    .text.USBD_LL_Resume  usbd_core.o
    0x08002eba   0x08002eba   0x00000002   PAD
    0x08002ebc   0x08002ebc   0x0000001a   Code   RO         1386    .text.USBD_LL_SOF   usbd_core.o
    0x08002ed6   0x08002ed6   0x00000002   PAD
    0x08002ed8   0x08002ed8   0x00000008   Code   RO         1380    .text.USBD_LL_SetSpeed  usbd_core.o
    0x08002ee0   0x08002ee0   0x00000022   Code   RO          444    .text.USBD_LL_SetUSBAddress  usbd_conf.o
    0x08002f02   0x08002f02   0x00000002   PAD
    0x08002f04   0x08002f04   0x00000062   Code   RO         1372    .text.USBD_LL_SetupStage  usbd_core.o
    0x08002f66   0x08002f66   0x00000002   PAD
    0x08002f68   0x08002f68   0x00000022   Code   RO          438    .text.USBD_LL_StallEP  usbd_conf.o
    0x08002f8a   0x08002f8a   0x00000002   PAD
    0x08002f8c   0x08002f8c   0x00000014   Code   RO         1382    .text.USBD_LL_Suspend  usbd_core.o
    0x08002fa0   0x08002fa0   0x00000022   Code   RO          446    .text.USBD_LL_Transmit  usbd_conf.o
    0x08002fc2   0x08002fc2   0x00000002   PAD
    0x08002fc4   0x08002fc4   0x00000016   Code   RO         1412    .text.USBD_ParseSetupRequest  usbd_ctlreq.o
    0x08002fda   0x08002fda   0x00000002   PAD
    0x08002fdc   0x08002fdc   0x0000001c   Code   RO         1368    .text.USBD_SetClassConfig  usbd_core.o
    0x08002ff8   0x08002ff8   0x000002b4   Code   RO         1404    .text.USBD_StdDevReq  usbd_ctlreq.o
    0x080032ac   0x080032ac   0x0000014a   Code   RO         1410    .text.USBD_StdEPReq  usbd_ctlreq.o
    0x080033f6   0x080033f6   0x00000002   PAD
    0x080033f8   0x080033f8   0x00000076   Code   RO         1408    .text.USBD_StdItfReq  usbd_ctlreq.o
    0x0800346e   0x0800346e   0x00000002   PAD
    0x08003470   0x08003470   0x00000220   Code   RO          568    .text.USB_ActivateEndpoint  stm32l1xx_ll_usb.o
    0x08003690   0x08003690   0x0000001a   Code   RO          566    .text.USB_DevInit   stm32l1xx_ll_usb.o
    0x080036aa   0x080036aa   0x00000002   PAD
    0x080036ac   0x080036ac   0x00000014   Code   RO          562    .text.USB_DisableGlobalInt  stm32l1xx_ll_usb.o
    0x080036c0   0x080036c0   0x0000007c   Code   RO          578    .text.USB_EPClearStall  stm32l1xx_ll_usb.o
    0x0800373c   0x0800373c   0x00000032   Code   RO          576    .text.USB_EPSetStall  stm32l1xx_ll_usb.o
    0x0800376e   0x0800376e   0x00000002   PAD
    0x08003770   0x08003770   0x00000936   Code   RO          572    .text.USB_EPStartXfer  stm32l1xx_ll_usb.o
    0x080040a6   0x080040a6   0x00000002   PAD
    0x080040a8   0x080040a8   0x0000000c   Code   RO          311    .text.USB_LP_IRQHandler  stm32l1xx_it.o
    0x080040b4   0x080040b4   0x00000006   Code   RO          588    .text.USB_ReadInterrupts  stm32l1xx_ll_usb.o
    0x080040ba   0x080040ba   0x00000002   PAD
    0x080040bc   0x080040bc   0x000000a0   Code   RO          594    .text.USB_ReadPMA   stm32l1xx_ll_usb.o
    0x0800415c   0x0800415c   0x0000000e   Code   RO          582    .text.USB_SetDevAddress  stm32l1xx_ll_usb.o
    0x0800416a   0x0800416a   0x00000002   PAD
    0x0800416c   0x0800416c   0x00000086   Code   RO          574    .text.USB_WritePMA  stm32l1xx_ll_usb.o
    0x080041f2   0x080041f2   0x00000002   PAD
    0x080041f4   0x080041f4   0x00000002   Code   RO          301    .text.UsageFault_Handler  stm32l1xx_it.o
    0x080041f6   0x080041f6   0x00000002   PAD
    0x080041f8   0x080041f8   0x000000f2   Code   RO          229    .text.main          main.o
    0x080042ea   0x080042ea   0x00000002   PAD
    0x080042ec   0x080042ec   0x0000000e   Code   RO          189    .text.power_SetNeedSleepFlag  system.o
    0x080042fa   0x080042fa   0x00000002   PAD
    0x080042fc   0x080042fc   0x000000a4   Code   RO          146    .text.setPushedButton  user_interface.o
    0x080043a0   0x080043a0   0x0000001c   Code   RO           25    .text.ssd1306_Fill  ssd1306.o
    0x080043bc   0x080043bc   0x0000000c   Code   RO           51    .text.ssd1306_GetDisplayOn  ssd1306.o
    0x080043c8   0x080043c8   0x00000412   Code   RO           19    .text.ssd1306_Init  ssd1306.o
    0x080047da   0x080047da   0x00000002   PAD
    0x080047dc   0x080047dc   0x0000000e   Code   RO           53    .text.ssd1306_SetNeedInitFlag  ssd1306.o
    0x080047ea   0x080047ea   0x00000002   PAD
    0x080047ec   0x080047ec   0x00000216   Code   RO           27    .text.ssd1306_UpdateScreen  ssd1306.o
    0x08004a02   0x08004a02   0x00000010   Data   RO         1346    .rodata.AHBPrescTable  system_stm32l1xx.o
    0x08004a12   0x08004a12   0x00000009   Data   RO         1345    .rodata.PLLMulTable  system_stm32l1xx.o
    0x08004a1b   0x08004a1b   0x00000078   Data   RO          167    .rodata.img_lock    user_interface.o
    0x08004a93   0x08004a93   0x00000078   Data   RO          170    .rodata.img_passwords  user_interface.o
    0x08004b0b   0x08004b0b   0x00000078   Data   RO          168    .rodata.img_settings  user_interface.o
    0x08004b83   0x08004b83   0x00000078   Data   RO          169    .rodata.img_usb_write  user_interface.o
    0x08004bfb   0x08004bfb   0x00000001   PAD
    0x08004bfc   0x08004bfc   0x00000020   Data   RO         1884    Region$$Table       anon$$obj.o


    Execution Region RW_IRAM1 (Exec base: 0x20000000, Load base: 0x08004c20, Size: 0x00001038, Max: 0x00008000, ABSOLUTE)

    Exec Addr    Load Addr    Size         Type   Attr      Idx    E Section Name        Object

    0x20000000   0x08004c20   0x00000018   Data   RW          175    .data..L_MergedGlobals  user_interface.o
    0x20000018   0x08004c38   0x00000008   Data   RW          655    .data..L_MergedGlobals  stm32l1xx_hal.o
    0x20000020   0x08004c40   0x0000001c   Data   RW          359    .data.FS_Desc       usbd_desc.o
    0x2000003c   0x08004c5c   0x00000004   Data   RW         1344    .data.SystemCoreClock  system_stm32l1xx.o
    0x20000040   0x08004c60   0x00000012   Data   RW          360    .data.USBD_FS_DeviceDesc  usbd_desc.o
    0x20000052   0x08004c72   0x00000002   PAD
    0x20000054   0x08004c74   0x00000004   Data   RW          361    .data.USBD_LangIDDesc  usbd_desc.o
    0x20000058   0x08004c78   0x0000001a   Data   RW          362    .data.USBD_StringSerial  usbd_desc.o
    0x20000072   0x08004c92   0x00000006   PAD
    0x20000078        -       0x00000060   Zero   RW         1686    .bss                c_w.l(libspace.o)
    0x200000d8        -       0x00000008   Zero   RW           58    .bss..L_MergedGlobals  ssd1306.o
    0x200000e0        -       0x0000000f   Zero   RW          176    .bss..L_MergedGlobals.10  user_interface.o
    0x200000ef   0x08004c92   0x00000001   PAD
    0x200000f0        -       0x00000080   Zero   RW           57    .bss.SSD1306_Buffer  ssd1306.o
    0x20000170        -       0x00000001   Zero   RW         1416    .bss.USBD_SetConfig.cfgidx  usbd_ctlreq.o
    0x20000171   0x08004c92   0x00000003   PAD
    0x20000174        -       0x00000200   Zero   RW          363    .bss.USBD_StrDesc   usbd_desc.o
    0x20000374        -       0x0000029c   Zero   RW          338    .bss.hUsbDeviceFS   usb_device.o
    0x20000610        -       0x000002ec   Zero   RW          458    .bss.hpcd_USB_FS    usbd_conf.o
    0x200008fc        -       0x00000058   Zero   RW          265    .bss.hspi1          spi.o
    0x20000954        -       0x00000058   Zero   RW          266    .bss.hspi2          spi.o
    0x200009ac        -       0x00000040   Zero   RW          283    .bss.htim6          tim.o
    0x200009ec        -       0x00000040   Zero   RW          284    .bss.htim7          tim.o
    0x20000a2c        -       0x00000001   Zero   RW          193    .bss.needSleepFlag  system.o
    0x20000a2d   0x08004c92   0x00000003   PAD
    0x20000a30        -       0x00000004   Zero   RW          237    .bss.switches_byte  main.o
    0x20000a34        -       0x00000004   Zero   RW          654    .bss.uwTick         stm32l1xx_hal.o
    0x20000a38        -       0x00000200   Zero   RW            2    HEAP                startup_stm32l151xba.o
    0x20000c38        -       0x00000400   Zero   RW            1    STACK               startup_stm32l151xba.o


==============================================================================

Image component sizes


      Code (inc. data)   RO Data    RW Data    ZI Data      Debug   Object Name

       298          0          0          0          0       2953   gpio.o
       252          0          0          0          4       3208   main.o
       322          0          0          0        176       4637   spi.o
      1630          0          0          0        136      22725   ssd1306.o
        64         26        244          0       1536        788   startup_stm32l151xba.o
       184          0          0          8          4       5714   stm32l1xx_hal.o
       194          0          0          0          0       9683   stm32l1xx_hal_cortex.o
       510          0          0          0          0       4657   stm32l1xx_hal_gpio.o
        74          0          0          0          0       1046   stm32l1xx_hal_msp.o
      2740          0          0          0          0      15083   stm32l1xx_hal_pcd.o
        58          0          0          0          0       4038   stm32l1xx_hal_pcd_ex.o
      1910          0          0          0          0       8852   stm32l1xx_hal_rcc.o
       992          0          0          0          0      25568   stm32l1xx_hal_spi.o
       968          0          0          0          0      49560   stm32l1xx_hal_tim.o
       122          0          0          0          0       4226   stm32l1xx_hal_tim_ex.o
       174          0          0          0          0       6794   stm32l1xx_it.o
      3436          6          0          0          0      22805   stm32l1xx_ll_usb.o
        14          0          0          0          1       1040   system.o
         2          0         25          4          0       1857   system_stm32l1xx.o
       324          0          0          0        128       5807   tim.o
         0          0          0          0        668       2859   usb_device.o
       606          0          0          0        748      16522   usbd_conf.o
       680          0          0          0          0       7496   usbd_core.o
      1380         34          0          0          1       8039   usbd_ctlreq.o
       538         52          0         76        512       4112   usbd_desc.o
       102          0          0          0          0       4391   usbd_ioreq.o
       164          0        480         24         15       6596   user_interface.o

    ----------------------------------------------------------------------
     17886        118        782        116       3940     251056   Object Totals
         0          0         32          0          0          0   (incl. Generated)
       148          0          1          4         11          0   (incl. Padding)

    ----------------------------------------------------------------------

      Code (inc. data)   RO Data    RW Data    ZI Data      Debug   Library Member Name

         8          0          0          0          0         68   __main.o
         0          0          0          0          0          0   __rtentry.o
        12          0          0          0          0          0   __rtentry2.o
         6          0          0          0          0          0   __rtentry4.o
        52          8          0          0          0          0   __scatter.o
        26          0          0          0          0          0   __scatter_copy.o
        28          0          0          0          0          0   __scatter_zi.o
        44          0          0          0          0        108   _printf_char.o
         6          0          0          0          0          0   _printf_d.o
       120         16          0          0          0         92   _printf_dec.o
       178          0          0          0          0         88   _printf_intcommon.o
         0          0          0          0          0          0   _printf_percent.o
         4          0          0          0          0          0   _printf_percent_end.o
         6          0          0          0          0          0   _printf_s.o
        82          0          0          0          0         80   _printf_str.o
        16          0          0          0          0         68   aeabi_memset4.o
        18          0          0          0          0         80   exit.o
         6          0          0          0          0        152   heapauxi.o
         0          0          0          0          0          0   indicate_semi.o
         2          0          0          0          0          0   libinit.o
         2          0          0          0          0          0   libinit2.o
         2          0          0          0          0          0   libshutdown.o
         2          0          0          0          0          0   libshutdown2.o
         8          4          0          0         96         68   libspace.o
        78          0          0          0          0         80   rt_memclr_w.o
         2          0          0          0          0          0   rtexit.o
        10          0          0          0          0          0   rtexit2.o
        12          4          0          0          0         68   sys_exit.o
        74          0          0          0          0         80   sys_stackheap_outer.o
         2          0          0          0          0         68   use_no_semi.o

    ----------------------------------------------------------------------
       816         32          0          0         96       1100   Library Totals
        10          0          0          0          0          0   (incl. Padding)

    ----------------------------------------------------------------------

      Code (inc. data)   RO Data    RW Data    ZI Data      Debug   Library Name

       806         32          0          0         96       1100   c_w.l

    ----------------------------------------------------------------------
       816         32          0          0         96       1100   Library Totals

    ----------------------------------------------------------------------

==============================================================================


      Code (inc. data)   RO Data    RW Data    ZI Data      Debug   

     18702        150        782        116       4036     251256   Grand Totals
     18702        150        782        116       4036     251256   ELF Image Totals
     18702        150        782        116          0          0   ROM Totals

==============================================================================

    Total RO  Size (Code + RO Data)                19484 (  19.03kB)
    Total RW  Size (RW Data + ZI Data)              4152 (   4.05kB)
    Total ROM Size (Code + RO Data + RW Data)      19600 (  19.14kB)

==============================================================================

